
> bosnia-lens-frontend@0.0.0 test
> vitest --run


[1m[46m RUN [49m[22m [36mv4.1.2 [39m[90m/home/goran-jovic/repos/bosnia-lens/frontend[39m

 [31m❯[39m __tests__/components/PostalCodes/SearchPostalCode.test.jsx [2m([22m[2m6 tests[22m[2m | [22m[31m6 failed[39m[2m)[22m[32m 119[2mms[22m[39m
[31m     [31m×[31m renders search input and label[39m[32m 54[2mms[22m[39m
[31m     [31m×[31m validates invalid postal code input[39m[32m 15[2mms[22m[39m
[31m     [31m×[31m accepts valid postal code input[39m[32m 13[2mms[22m[39m
[31m     [31m×[31m accepts valid municipality input[39m[32m 12[2mms[22m[39m
[31m     [31m×[31m displays success notification on successful search[39m[32m 13[2mms[22m[39m
[31m     [31m×[31m displays error notification on failed search[39m[32m 10[2mms[22m[39m
 [31m❯[39m __tests__/components/ContributionDashboard/GetAllPostalCodes.test.jsx [2m([22m[2m4 tests[22m[2m | [22m[31m4 failed[39m[2m)[22m[32m 78[2mms[22m[39m
[31m     [31m×[31m renders Get All button[39m[32m 47[2mms[22m[39m
[31m     [31m×[31m shows success notification and results when Get All is successful[39m[32m 12[2mms[22m[39m
[31m     [31m×[31m shows error notification when Get All fails[39m[32m 7[2mms[22m[39m
[31m     [31m×[31m shows error notification when Get All throws an error[39m[32m 10[2mms[22m[39m
 [31m❯[39m __tests__/components/ContributionDashboard/AddNewData.test.jsx [2m([22m[2m5 tests[22m[2m | [22m[31m5 failed[39m[2m)[22m[32m 83[2mms[22m[39m
[31m     [31m×[31m renders the component and toggles form visibility[39m[32m 49[2mms[22m[39m
[31m     [31m×[31m validates input fields on change[39m[32m 10[2mms[22m[39m
[31m     [31m×[31m validates postal code input field and shows error for invalid postal code[39m[32m 8[2mms[22m[39m
[31m     [31m×[31m validates required fields and shows error when trying to submit with empty required fields[39m[32m 7[2mms[22m[39m
[31m     [31m×[31m successfully submits data and shows success notification[39m[32m 6[2mms[22m[39m
 [31m❯[39m __tests__/components/ContributionDashboard/ContributionForm.test.jsx [2m([22m[2m5 tests[22m[2m | [22m[31m5 failed[39m[2m)[22m[32m 85[2mms[22m[39m
[31m     [31m×[31m renders ContributionForm component's select element if user is logged in[39m[32m 49[2mms[22m[39m
[31m     [31m×[31m renders You need to select a dataset message when no choice is made[39m[32m 10[2mms[22m[39m
[31m     [31m×[31m renders You need to select a dataset message when No dataset is selected[39m[32m 8[2mms[22m[39m
[31m     [31m×[31m renders Universities component when Universities is selected[39m[32m 8[2mms[22m[39m
[31m     [31m×[31m renders PostalCodeData component when Postal Codes is selected[39m[32m 7[2mms[22m[39m
 [31m❯[39m __tests__/components/PostalCodes/GetAllPostalCodes.test.jsx [2m([22m[2m10 tests[22m[2m | [22m[31m3 failed[39m[2m)[22m[32m 262[2mms[22m[39m
[31m       [31m×[31m renders button with correct text[39m[32m 81[2mms[22m[39m
[31m       [31m×[31m renders as a form with submit type button[39m[32m 18[2mms[22m[39m
       [32m✓[39m fetches postal codes and updates search result[32m 33[2mms[22m[39m
       [32m✓[39m sets loading state before and after fetch[32m 18[2mms[22m[39m
       [32m✓[39m handles server error response[32m 23[2mms[22m[39m
       [32m✓[39m handles 404 not found error[32m 19[2mms[22m[39m
       [32m✓[39m does not update search result on error[32m 18[2mms[22m[39m
[31m       [31m×[31m handles fetch network error[39m[32m 22[2mms[22m[39m
       [32m✓[39m button is disabled when loading prop is true[32m 11[2mms[22m[39m
       [32m✓[39m does not submit when button is disabled during loading[32m 16[2mms[22m[39m
 [31m❯[39m __tests__/components/ContributionDashboard/SearchPostalCode.test.jsx [2m([22m[2m5 tests[22m[2m | [22m[31m5 failed[39m[2m)[22m[32m 88[2mms[22m[39m
[31m     [31m×[31m renders search input and button[39m[32m 51[2mms[22m[39m
[31m     [31m×[31m validates search input and shows error for invalid postal code[39m[32m 9[2mms[22m[39m
[31m     [31m×[31m shows error notification when search fails[39m[32m 13[2mms[22m[39m
[31m     [31m×[31m shows error notification when search throws an error[39m[32m 6[2mms[22m[39m
[31m     [31m×[31m shows search results in the table[39m[32m 6[2mms[22m[39m
 [31m❯[39m __tests__/components/ContributionDashboard/PostalCodesResultContribution.test.jsx [2m([22m[2m8 tests[22m[2m | [22m[31m8 failed[39m[2m)[22m[32m 102[2mms[22m[39m
[31m     [31m×[31m renders search results in the table[39m[32m 50[2mms[22m[39m
[31m     [31m×[31m shows no results message when searchResult is empty[39m[32m 11[2mms[22m[39m
[31m     [31m×[31m shows error notification when edit fails[39m[32m 9[2mms[22m[39m
[31m     [31m×[31m shows success notification and updates data when edit is successful[39m[32m 8[2mms[22m[39m
[31m     [31m×[31m shows error notification when delete fails[39m[32m 7[2mms[22m[39m
[31m     [31m×[31m shows success notification and removes data when delete is successful[39m[32m 6[2mms[22m[39m
[31m     [31m×[31m shows error when csrfToken retrieval fails during edit[39m[32m 4[2mms[22m[39m
[31m     [31m×[31m shows error when csrfToken retrieval fails during delete[39m[32m 5[2mms[22m[39m
 [31m❯[39m __tests__/components/PostalCodes/PostalCodesResult.test.jsx [2m([22m[2m7 tests[22m[2m | [22m[31m3 failed[39m[2m)[22m[32m 79[2mms[22m[39m
[31m     [31m×[31m renders no results message when searchResult is empty[39m[32m 29[2mms[22m[39m
     [32m✓[39m renders search results when searchResult has data[32m 25[2mms[22m[39m
[31m     [31m×[31m renders no results message when searchResult is null[39m[32m 4[2mms[22m[39m
[31m     [31m×[31m renders no results message when searchResult is undefined[39m[32m 3[2mms[22m[39m
     [32m✓[39m renders a single result correctly[32m 6[2mms[22m[39m
     [32m✓[39m renders result with null post field without crashing[32m 5[2mms[22m[39m
     [32m✓[39m renders result with undefined post field without crashing[32m 4[2mms[22m[39m
 [31m❯[39m __tests__/components/PostalCodes/PostalCodes.test.jsx [2m([22m[2m1 test[22m[2m | [22m[31m1 failed[39m[2m)[22m[32m 67[2mms[22m[39m
[31m     [31m×[31m render PostalCodes[39m[32m 63[2mms[22m[39m
 [31m❯[39m __tests__/components/ContributionDashboard/ContributionDashboard.test.jsx [2m([22m[2m1 test[22m[2m | [22m[31m1 failed[39m[2m)[22m[33m 1041[2mms[22m[39m
[31m     [31m×[31m render message if user doesn't exist[39m[33m 1037[2mms[22m[39m
 [31m❯[39m __tests__/components/ContributionDashboard/PendingChanges.test.jsx [2m([22m[2m4 tests[22m[2m | [22m[31m4 failed[39m[2m)[22m[32m 85[2mms[22m[39m
[31m     [31m×[31m renders No pending changes to display when no pending changes exist[39m[32m 54[2mms[22m[39m
[31m     [31m×[31m renders heading when pending changes exist[39m[32m 9[2mms[22m[39m
[31m     [31m×[31m renders correct pending changes count[39m[32m 11[2mms[22m[39m
[31m     [31m×[31m renders pending change details[39m[32m 7[2mms[22m[39m
 [31m❯[39m __tests__/components/ContributionDashboard/PendingChangesRow.test.jsx [2m([22m[2m3 tests[22m[2m | [22m[31m3 failed[39m[2m)[22m[32m 80[2mms[22m[39m
[31m     [31m×[31m renders 1 pending change[39m[32m 50[2mms[22m[39m
[31m     [31m×[31m renders multiple pending changes are rendered[39m[32m 11[2mms[22m[39m
[31m     [31m×[31m handles Discard action[39m[32m 16[2mms[22m[39m
 [32m✓[39m __tests__/components/Root/Root.test.jsx [2m([22m[2m4 tests[22m[2m)[22m[33m 652[2mms[22m[39m
 [32m✓[39m __tests__/components/AdminDashboard/PendingChanges.test.jsx [2m([22m[2m3 tests[22m[2m)[22m[32m 154[2mms[22m[39m
 [32m✓[39m __tests__/components/AdminDashboard/AdminForm.test.jsx [2m([22m[2m4 tests[22m[2m)[22m[32m 282[2mms[22m[39m
 [32m✓[39m __tests__/components/Api/Api.test.jsx [2m([22m[2m11 tests[22m[2m)[22m[33m 446[2mms[22m[39m
 [32m✓[39m __tests__/components/Error.test.jsx [2m([22m[2m3 tests[22m[2m)[22m[33m 311[2mms[22m[39m
 [31m❯[39m __tests__/components/Navbar/Navbar.test.jsx [2m([22m[2m5 tests[22m[2m | [22m[31m3 failed[39m[2m)[22m[33m 2342[2mms[22m[39m
     [32m✓[39m user not logged in[32m 116[2mms[22m[39m
     [32m✓[39m user logged in[32m 131[2mms[22m[39m
[31m     [31m×[31m opens mobile menu for ADMIN role[39m[33m 1016[2mms[22m[39m
[31m     [31m×[31m opens mobile menu for CONTRIBUTOR role[39m[33m 1009[2mms[22m[39m
[31m     [31m×[31m Menu has the appropriate css[39m[32m 67[2mms[22m[39m
 [32m✓[39m __tests__/routes.test.jsx [2m([22m[2m10 tests[22m[2m)[22m[33m 603[2mms[22m[39m
 [32m✓[39m __tests__/components/LogIn/LogIn.test.jsx [2m([22m[2m10 tests[22m[2m)[22m[33m 1430[2mms[22m[39m
 [32m✓[39m __tests__/components/AdminDashboard/AdminDashboard.test.jsx [2m([22m[2m3 tests[22m[2m)[22m[32m 97[2mms[22m[39m
 [32m✓[39m __tests__/components/Universities.test.jsx [2m([22m[2m1 test[22m[2m)[22m[32m 27[2mms[22m[39m
 [32m✓[39m __tests__/components/SignUp.test.jsx [2m([22m[2m12 tests[22m[2m)[22m[33m 1758[2mms[22m[39m
     [33m[2m✓[22m[39m displays user input [33m 313[2mms[22m[39m
 [32m✓[39m __tests__/components/Root/longWaitInfro.test.jsx [2m([22m[2m3 tests[22m[2m)[22m[32m 36[2mms[22m[39m
 [32m✓[39m __tests__/components/Footer.test.jsx [2m([22m[2m1 test[22m[2m)[22m[32m 26[2mms[22m[39m
 [32m✓[39m __tests__/components/utils/getCsrfToken.test.js [2m([22m[2m5 tests[22m[2m)[22m[32m 9[2mms[22m[39m
 [31m❯[39m __tests__/components/Home/Home.test.jsx [2m([22m[2m5 tests[22m[2m | [22m[31m4 failed[39m[2m)[22m[33m 4094[2mms[22m[39m
[31m     [31m×[31m render component[39m[33m 1040[2mms[22m[39m
[31m     [31m×[31m render available data section[39m[33m 1011[2mms[22m[39m
     [32m✓[39m render contributing section[32m 21[2mms[22m[39m
[31m     [31m×[31m render get started section[39m[33m 1012[2mms[22m[39m
[31m     [31m×[31m render get started section with links[39m[33m 1007[2mms[22m[39m
 [31m❯[39m __tests__/components/Profile/Profile.test.jsx [2m([22m[2m9 tests[22m[2m | [22m[31m6 failed[39m[2m)[22m[33m 6158[2mms[22m[39m
[31m     [31m×[31m renders profile component when user is not logged in[39m[33m 1075[2mms[22m[39m
[31m     [31m×[31m renders profile component when user is logged in[39m[33m 1014[2mms[22m[39m
     [32m✓[39m displays user information correctly[32m 12[2mms[22m[39m
     [32m✓[39m displays contributor role when user role is CONTRIBUTOR[32m 9[2mms[22m[39m
     [32m✓[39m displays admin role when user role is ADMIN[32m 22[2mms[22m[39m
[31m     [31m×[31m handles logout failure due to missing CSRF token[39m[33m 1008[2mms[22m[39m
[31m     [31m×[31m handles logout failure due to server error[39m[33m 1006[2mms[22m[39m
[31m     [31m×[31m handles logout failure due to unexpected error[39m[33m 1005[2mms[22m[39m
[31m     [31m×[31m handles logout correctly[39m[33m 1005[2mms[22m[39m

[31m⎯⎯⎯⎯⎯⎯[39m[1m[41m Failed Tests 61 [49m[22m[31m⎯⎯⎯⎯⎯⎯⎯[39m

[41m[1m FAIL [22m[49m __tests__/components/ContributionDashboard/AddNewData.test.jsx[2m > [22mAddNewData component[2m > [22mrenders the component and toggles form visibility
[41m[1m FAIL [22m[49m __tests__/components/ContributionDashboard/AddNewData.test.jsx[2m > [22mAddNewData component[2m > [22mvalidates input fields on change
[41m[1m FAIL [22m[49m __tests__/components/ContributionDashboard/AddNewData.test.jsx[2m > [22mAddNewData component[2m > [22mvalidates postal code input field and shows error for invalid postal code
[41m[1m FAIL [22m[49m __tests__/components/ContributionDashboard/AddNewData.test.jsx[2m > [22mAddNewData component[2m > [22mvalidates required fields and shows error when trying to submit with empty required fields
[41m[1m FAIL [22m[49m __tests__/components/ContributionDashboard/AddNewData.test.jsx[2m > [22mAddNewData component[2m > [22msuccessfully submits data and shows success notification
[31m[1mTestingLibraryElementError[22m: Unable to find a label with the text of: /Choose dataset/i

Ignored nodes: comments, script, style
[36m<body>[31m
  [36m<div>[31m
    [36m<div[31m
      [33mclass[31m=[32m"flex flex-col items-center flex-1 w-full"[31m
    [36m>[31m
      [36m<form[31m
        [33mclass[31m=[32m"p-2 flex items-center gap-2 flex-wrap justify-center"[31m
      [36m>[31m
        [36m<label[31m
          [33mclass[31m=[32m"text-nowrap"[31m
          [33mfor[31m=[32m"dataset"[31m
        [36m>[31m
          [0mcontribution.chooseDataset[0m
          [0m [0m
        [36m</label>[31m
        [36m<select[31m
          [33mclass[31m=[32m"control-input block w-full px-3 py-2 rounded-md cursor-pointer focus:ring-2 text-sm shadow-sm transition-all duration-140 min-w-44"[31m
          [33mid[31m=[32m"dataset"[31m
          [33mname[31m=[32m"dataset"[31m
        [36m>[31m
          [36m<option[31m
            [33mdefault[31m=[32m""[31m
            [33mvalue[31m=[32m""[31m
          [36m>[31m
            [0mcontribution.noDataset[0m
          [36m</option>[31m
          [36m<option[31m
            [33mvalue[31m=[32m"postal-codes"[31m
          [36m>[31m
            [0mcontribution.dataset.postalCodes[0m
          [36m</option>[31m
          [36m<option[31m
            [33mvalue[31m=[32m"universities"[31m
          [36m>[31m
            [0mcontribution.dataset.universities[0m
          [36m</option>[31m
        [36m</select>[31m
      [36m</form>[31m
      [36m<div>[31m
        [0mcontribution.selectDatasetError[0m
      [36m</div>[31m
    [36m</div>[31m
  [36m</div>[31m
[36m</body>[31m[39m
[90m [2m❯[22m Object.getElementError node_modules/@testing-library/dom/dist/config.js:[2m37:19[22m[39m
[90m [2m❯[22m getAllByLabelText node_modules/@testing-library/dom/dist/queries/label-text.js:[2m111:38[22m[39m
[90m [2m❯[22m node_modules/@testing-library/dom/dist/query-helpers.js:[2m52:17[22m[39m
[90m [2m❯[22m node_modules/@testing-library/dom/dist/query-helpers.js:[2m95:19[22m[39m
[36m [2m❯[22m __tests__/components/ContributionDashboard/AddNewData.test.jsx:[2m123:34[22m[39m
    [90m121|[39m     [34mrender[39m([33m<[39m[33mWrapper[39m [33minitialUser[39m[33m=[39m[33m{[39m{ email[33m:[39m [32m"some@email.com"[39m }[33m}[39m [33m/[39m[33m>[39m)[33m;[39m
    [90m122|[39m
    [90m123|[39m     [35mconst[39m selectElement [33m=[39m screen[33m.[39m[34mgetByLabelText[39m([36m/Choose dataset/i[39m)[33m;[39m
    [90m   |[39m                                  [31m^[39m
    [90m124|[39m     [35mawait[39m user[33m.[39m[34mselectOptions[39m(selectElement[33m,[39m [32m"Postal Codes"[39m)[33m;[39m
    [90m125|[39m   })[33m;[39m

[31m[2m⎯⎯⎯⎯⎯⎯⎯⎯⎯⎯⎯⎯⎯⎯⎯⎯⎯⎯⎯⎯⎯⎯⎯[1/61]⎯[22m[39m

[41m[1m FAIL [22m[49m __tests__/components/ContributionDashboard/ContributionDashboard.test.jsx[2m > [22mrender ContributionDashboard component[2m > [22mrender message if user doesn't exist
[31m[1mTestingLibraryElementError[22m: Unable to find an element with the text: /You need to be a registered user to propose changes to the content./i. This could be because the text is broken up by multiple elements. In this case, you can provide a function for your text matcher to make your matcher more flexible.

Ignored nodes: comments, script, style
[36m<body>[31m
  [36m<div>[31m
    [36m<section[31m
      [33mclass[31m=[32m"panel-card relative min-h-full w-full flex items-center justify-center p-3"[31m
    [36m>[31m
      [36m<p[31m
        [33mclass[31m=[32m"label-muted text-center"[31m
      [36m>[31m
        [0mcontribution.needUser[0m
      [36m</p>[31m
    [36m</section>[31m
  [36m</div>[31m
[36m</body>[31m

Ignored nodes: comments, script, style
[36m<body>[31m
  [36m<div>[31m
    [36m<section[31m
      [33mclass[31m=[32m"panel-card relative min-h-full w-full flex items-center justify-center p-3"[31m
    [36m>[31m
      [36m<p[31m
        [33mclass[31m=[32m"label-muted text-center"[31m
      [36m>[31m
        [0mcontribution.needUser[0m
      [36m</p>[31m
    [36m</section>[31m
  [36m</div>[31m
[36m</body>[31m[39m
[90m [2m❯[22m waitForWrapper node_modules/@testing-library/dom/dist/wait-for.js:[2m163:27[22m[39m
[90m [2m❯[22m node_modules/@testing-library/dom/dist/query-helpers.js:[2m86:33[22m[39m
[36m [2m❯[22m __tests__/components/ContributionDashboard/ContributionDashboard.test.jsx:[2m39:43[22m[39m
    [90m 37|[39m     [34mrender[39m([33m<[39m[33mWrapper[39m [33m/[39m[33m>[39m)[33m;[39m
    [90m 38|[39m
    [90m 39|[39m     [35mconst[39m paragraphElement [33m=[39m [35mawait[39m screen[33m.[39m[34mfindByText[39m(
    [90m   |[39m                                           [31m^[39m
    [90m 40|[39m       /You need to be a registered user to propose changes to the cont…
    [90m 41|[39m     )[33m;[39m

[31m[2m⎯⎯⎯⎯⎯⎯⎯⎯⎯⎯⎯⎯⎯⎯⎯⎯⎯⎯⎯⎯⎯⎯⎯[2/61]⎯[22m[39m

[41m[1m FAIL [22m[49m __tests__/components/ContributionDashboard/ContributionForm.test.jsx[2m > [22mContributionForm component rendering[2m > [22mrenders ContributionForm component's select element if user is logged in
[31m[1mTestingLibraryElementError[22m: Unable to find a label with the text of: /Choose dataset/i

Ignored nodes: comments, script, style
[36m<body>[31m
  [36m<div>[31m
    [36m<div[31m
      [33mclass[31m=[32m"flex flex-col items-center flex-1 w-full"[31m
    [36m>[31m
      [36m<form[31m
        [33mclass[31m=[32m"p-2 flex items-center gap-2 flex-wrap justify-center"[31m
      [36m>[31m
        [36m<label[31m
          [33mclass[31m=[32m"text-nowrap"[31m
          [33mfor[31m=[32m"dataset"[31m
        [36m>[31m
          [0mcontribution.chooseDataset[0m
          [0m [0m
        [36m</label>[31m
        [36m<select[31m
          [33mclass[31m=[32m"control-input block w-full px-3 py-2 rounded-md cursor-pointer focus:ring-2 text-sm shadow-sm transition-all duration-140 min-w-44"[31m
          [33mid[31m=[32m"dataset"[31m
          [33mname[31m=[32m"dataset"[31m
        [36m>[31m
          [36m<option[31m
            [33mdefault[31m=[32m""[31m
            [33mvalue[31m=[32m""[31m
          [36m>[31m
            [0mcontribution.noDataset[0m
          [36m</option>[31m
          [36m<option[31m
            [33mvalue[31m=[32m"postal-codes"[31m
          [36m>[31m
            [0mcontribution.dataset.postalCodes[0m
          [36m</option>[31m
          [36m<option[31m
            [33mvalue[31m=[32m"universities"[31m
          [36m>[31m
            [0mcontribution.dataset.universities[0m
          [36m</option>[31m
        [36m</select>[31m
      [36m</form>[31m
      [36m<div>[31m
        [0mcontribution.selectDatasetError[0m
      [36m</div>[31m
    [36m</div>[31m
  [36m</div>[31m
[36m</body>[31m[39m
[90m [2m❯[22m Object.getElementError node_modules/@testing-library/dom/dist/config.js:[2m37:19[22m[39m
[90m [2m❯[22m getAllByLabelText node_modules/@testing-library/dom/dist/queries/label-text.js:[2m111:38[22m[39m
[90m [2m❯[22m node_modules/@testing-library/dom/dist/query-helpers.js:[2m52:17[22m[39m
[90m [2m❯[22m node_modules/@testing-library/dom/dist/query-helpers.js:[2m95:19[22m[39m
[36m [2m❯[22m __tests__/components/ContributionDashboard/ContributionForm.test.jsx:[2m58:34[22m[39m
    [90m 56|[39m
    [90m 57|[39m   test("renders ContributionForm component's select element if user is…
    [90m 58|[39m     [35mconst[39m selectElement [33m=[39m screen[33m.[39m[34mgetByLabelText[39m([36m/Choose dataset/i[39m)[33m;[39m
    [90m   |[39m                                  [31m^[39m
    [90m 59|[39m     [34mexpect[39m(selectElement)[33m.[39m[34mtoBeInTheDocument[39m()[33m;[39m
    [90m 60|[39m   })[33m;[39m

[31m[2m⎯⎯⎯⎯⎯⎯⎯⎯⎯⎯⎯⎯⎯⎯⎯⎯⎯⎯⎯⎯⎯⎯⎯[3/61]⎯[22m[39m

[41m[1m FAIL [22m[49m __tests__/components/ContributionDashboard/ContributionForm.test.jsx[2m > [22mContributionForm component rendering[2m > [22mrenders You need to select a dataset message when no choice is made
[31m[1mTestingLibraryElementError[22m: Unable to find an element with the text: /You need to select a dataset/i. This could be because the text is broken up by multiple elements. In this case, you can provide a function for your text matcher to make your matcher more flexible.

Ignored nodes: comments, script, style
[36m<body>[31m
  [36m<div>[31m
    [36m<div[31m
      [33mclass[31m=[32m"flex flex-col items-center flex-1 w-full"[31m
    [36m>[31m
      [36m<form[31m
        [33mclass[31m=[32m"p-2 flex items-center gap-2 flex-wrap justify-center"[31m
      [36m>[31m
        [36m<label[31m
          [33mclass[31m=[32m"text-nowrap"[31m
          [33mfor[31m=[32m"dataset"[31m
        [36m>[31m
          [0mcontribution.chooseDataset[0m
          [0m [0m
        [36m</label>[31m
        [36m<select[31m
          [33mclass[31m=[32m"control-input block w-full px-3 py-2 rounded-md cursor-pointer focus:ring-2 text-sm shadow-sm transition-all duration-140 min-w-44"[31m
          [33mid[31m=[32m"dataset"[31m
          [33mname[31m=[32m"dataset"[31m
        [36m>[31m
          [36m<option[31m
            [33mdefault[31m=[32m""[31m
            [33mvalue[31m=[32m""[31m
          [36m>[31m
            [0mcontribution.noDataset[0m
          [36m</option>[31m
          [36m<option[31m
            [33mvalue[31m=[32m"postal-codes"[31m
          [36m>[31m
            [0mcontribution.dataset.postalCodes[0m
          [36m</option>[31m
          [36m<option[31m
            [33mvalue[31m=[32m"universities"[31m
          [36m>[31m
            [0mcontribution.dataset.universities[0m
          [36m</option>[31m
        [36m</select>[31m
      [36m</form>[31m
      [36m<div>[31m
        [0mcontribution.selectDatasetError[0m
      [36m</div>[31m
    [36m</div>[31m
  [36m</div>[31m
[36m</body>[31m[39m
[90m [2m❯[22m Object.getElementError node_modules/@testing-library/dom/dist/config.js:[2m37:19[22m[39m
[90m [2m❯[22m node_modules/@testing-library/dom/dist/query-helpers.js:[2m76:38[22m[39m
[90m [2m❯[22m node_modules/@testing-library/dom/dist/query-helpers.js:[2m52:17[22m[39m
[90m [2m❯[22m node_modules/@testing-library/dom/dist/query-helpers.js:[2m95:19[22m[39m
[36m [2m❯[22m __tests__/components/ContributionDashboard/ContributionForm.test.jsx:[2m63:35[22m[39m
    [90m 61|[39m
    [90m 62|[39m   test("renders You need to select a dataset message when no choice is…
    [90m 63|[39m     const messageElement = screen.getByText(/You need to select a data…
    [90m   |[39m                                   [31m^[39m
    [90m 64|[39m     [34mexpect[39m(messageElement)[33m.[39m[34mtoBeInTheDocument[39m()[33m;[39m
    [90m 65|[39m   })[33m;[39m

[31m[2m⎯⎯⎯⎯⎯⎯⎯⎯⎯⎯⎯⎯⎯⎯⎯⎯⎯⎯⎯⎯⎯⎯⎯[4/61]⎯[22m[39m

[41m[1m FAIL [22m[49m __tests__/components/ContributionDashboard/ContributionForm.test.jsx[2m > [22mContributionForm component rendering[2m > [22mrenders You need to select a dataset message when No dataset is selected
[31m[1mTestingLibraryElementError[22m: Unable to find a label with the text of: /Choose dataset/i

Ignored nodes: comments, script, style
[36m<body>[31m
  [36m<div>[31m
    [36m<div[31m
      [33mclass[31m=[32m"flex flex-col items-center flex-1 w-full"[31m
    [36m>[31m
      [36m<form[31m
        [33mclass[31m=[32m"p-2 flex items-center gap-2 flex-wrap justify-center"[31m
      [36m>[31m
        [36m<label[31m
          [33mclass[31m=[32m"text-nowrap"[31m
          [33mfor[31m=[32m"dataset"[31m
        [36m>[31m
          [0mcontribution.chooseDataset[0m
          [0m [0m
        [36m</label>[31m
        [36m<select[31m
          [33mclass[31m=[32m"control-input block w-full px-3 py-2 rounded-md cursor-pointer focus:ring-2 text-sm shadow-sm transition-all duration-140 min-w-44"[31m
          [33mid[31m=[32m"dataset"[31m
          [33mname[31m=[32m"dataset"[31m
        [36m>[31m
          [36m<option[31m
            [33mdefault[31m=[32m""[31m
            [33mvalue[31m=[32m""[31m
          [36m>[31m
            [0mcontribution.noDataset[0m
          [36m</option>[31m
          [36m<option[31m
            [33mvalue[31m=[32m"postal-codes"[31m
          [36m>[31m
            [0mcontribution.dataset.postalCodes[0m
          [36m</option>[31m
          [36m<option[31m
            [33mvalue[31m=[32m"universities"[31m
          [36m>[31m
            [0mcontribution.dataset.universities[0m
          [36m</option>[31m
        [36m</select>[31m
      [36m</form>[31m
      [36m<div>[31m
        [0mcontribution.selectDatasetError[0m
      [36m</div>[31m
    [36m</div>[31m
  [36m</div>[31m
[36m</body>[31m[39m
[90m [2m❯[22m Object.getElementError node_modules/@testing-library/dom/dist/config.js:[2m37:19[22m[39m
[90m [2m❯[22m getAllByLabelText node_modules/@testing-library/dom/dist/queries/label-text.js:[2m111:38[22m[39m
[90m [2m❯[22m node_modules/@testing-library/dom/dist/query-helpers.js:[2m52:17[22m[39m
[90m [2m❯[22m node_modules/@testing-library/dom/dist/query-helpers.js:[2m95:19[22m[39m
[36m [2m❯[22m __tests__/components/ContributionDashboard/ContributionForm.test.jsx:[2m68:34[22m[39m
    [90m 66|[39m
    [90m 67|[39m   test("renders You need to select a dataset message when No dataset i…
    [90m 68|[39m     [35mconst[39m selectElement [33m=[39m screen[33m.[39m[34mgetByLabelText[39m([36m/Choose dataset/i[39m)[33m;[39m
    [90m   |[39m                                  [31m^[39m
    [90m 69|[39m     [35mawait[39m user[33m.[39m[34mselectOptions[39m(selectElement[33m,[39m [32m"No dataset"[39m)[33m;[39m
    [90m 70|[39m

[31m[2m⎯⎯⎯⎯⎯⎯⎯⎯⎯⎯⎯⎯⎯⎯⎯⎯⎯⎯⎯⎯⎯⎯⎯[5/61]⎯[22m[39m

[41m[1m FAIL [22m[49m __tests__/components/ContributionDashboard/ContributionForm.test.jsx[2m > [22mContributionForm component rendering[2m > [22mrenders Universities component when Universities is selected
[31m[1mTestingLibraryElementError[22m: Unable to find a label with the text of: /Choose dataset/i

Ignored nodes: comments, script, style
[36m<body>[31m
  [36m<div>[31m
    [36m<div[31m
      [33mclass[31m=[32m"flex flex-col items-center flex-1 w-full"[31m
    [36m>[31m
      [36m<form[31m
        [33mclass[31m=[32m"p-2 flex items-center gap-2 flex-wrap justify-center"[31m
      [36m>[31m
        [36m<label[31m
          [33mclass[31m=[32m"text-nowrap"[31m
          [33mfor[31m=[32m"dataset"[31m
        [36m>[31m
          [0mcontribution.chooseDataset[0m
          [0m [0m
        [36m</label>[31m
        [36m<select[31m
          [33mclass[31m=[32m"control-input block w-full px-3 py-2 rounded-md cursor-pointer focus:ring-2 text-sm shadow-sm transition-all duration-140 min-w-44"[31m
          [33mid[31m=[32m"dataset"[31m
          [33mname[31m=[32m"dataset"[31m
        [36m>[31m
          [36m<option[31m
            [33mdefault[31m=[32m""[31m
            [33mvalue[31m=[32m""[31m
          [36m>[31m
            [0mcontribution.noDataset[0m
          [36m</option>[31m
          [36m<option[31m
            [33mvalue[31m=[32m"postal-codes"[31m
          [36m>[31m
            [0mcontribution.dataset.postalCodes[0m
          [36m</option>[31m
          [36m<option[31m
            [33mvalue[31m=[32m"universities"[31m
          [36m>[31m
            [0mcontribution.dataset.universities[0m
          [36m</option>[31m
        [36m</select>[31m
      [36m</form>[31m
      [36m<div>[31m
        [0mcontribution.selectDatasetError[0m
      [36m</div>[31m
    [36m</div>[31m
  [36m</div>[31m
[36m</body>[31m[39m
[90m [2m❯[22m Object.getElementError node_modules/@testing-library/dom/dist/config.js:[2m37:19[22m[39m
[90m [2m❯[22m getAllByLabelText node_modules/@testing-library/dom/dist/queries/label-text.js:[2m111:38[22m[39m
[90m [2m❯[22m node_modules/@testing-library/dom/dist/query-helpers.js:[2m52:17[22m[39m
[90m [2m❯[22m node_modules/@testing-library/dom/dist/query-helpers.js:[2m95:19[22m[39m
[36m [2m❯[22m __tests__/components/ContributionDashboard/ContributionForm.test.jsx:[2m76:34[22m[39m
    [90m 74|[39m
    [90m 75|[39m   test("renders Universities component when Universities is selected",…
    [90m 76|[39m     [35mconst[39m selectElement [33m=[39m screen[33m.[39m[34mgetByLabelText[39m([36m/Choose dataset/i[39m)[33m;[39m
    [90m   |[39m                                  [31m^[39m
    [90m 77|[39m     [35mawait[39m user[33m.[39m[34mselectOptions[39m(selectElement[33m,[39m [32m"Universities"[39m)[33m;[39m
    [90m 78|[39m

[31m[2m⎯⎯⎯⎯⎯⎯⎯⎯⎯⎯⎯⎯⎯⎯⎯⎯⎯⎯⎯⎯⎯⎯⎯[6/61]⎯[22m[39m

[41m[1m FAIL [22m[49m __tests__/components/ContributionDashboard/ContributionForm.test.jsx[2m > [22mContributionForm component rendering[2m > [22mrenders PostalCodeData component when Postal Codes is selected
[31m[1mTestingLibraryElementError[22m: Unable to find a label with the text of: /Choose dataset/i

Ignored nodes: comments, script, style
[36m<body>[31m
  [36m<div>[31m
    [36m<div[31m
      [33mclass[31m=[32m"flex flex-col items-center flex-1 w-full"[31m
    [36m>[31m
      [36m<form[31m
        [33mclass[31m=[32m"p-2 flex items-center gap-2 flex-wrap justify-center"[31m
      [36m>[31m
        [36m<label[31m
          [33mclass[31m=[32m"text-nowrap"[31m
          [33mfor[31m=[32m"dataset"[31m
        [36m>[31m
          [0mcontribution.chooseDataset[0m
          [0m [0m
        [36m</label>[31m
        [36m<select[31m
          [33mclass[31m=[32m"control-input block w-full px-3 py-2 rounded-md cursor-pointer focus:ring-2 text-sm shadow-sm transition-all duration-140 min-w-44"[31m
          [33mid[31m=[32m"dataset"[31m
          [33mname[31m=[32m"dataset"[31m
        [36m>[31m
          [36m<option[31m
            [33mdefault[31m=[32m""[31m
            [33mvalue[31m=[32m""[31m
          [36m>[31m
            [0mcontribution.noDataset[0m
          [36m</option>[31m
          [36m<option[31m
            [33mvalue[31m=[32m"postal-codes"[31m
          [36m>[31m
            [0mcontribution.dataset.postalCodes[0m
          [36m</option>[31m
          [36m<option[31m
            [33mvalue[31m=[32m"universities"[31m
          [36m>[31m
            [0mcontribution.dataset.universities[0m
          [36m</option>[31m
        [36m</select>[31m
      [36m</form>[31m
      [36m<div>[31m
        [0mcontribution.selectDatasetError[0m
      [36m</div>[31m
    [36m</div>[31m
  [36m</div>[31m
[36m</body>[31m[39m
[90m [2m❯[22m Object.getElementError node_modules/@testing-library/dom/dist/config.js:[2m37:19[22m[39m
[90m [2m❯[22m getAllByLabelText node_modules/@testing-library/dom/dist/queries/label-text.js:[2m111:38[22m[39m
[90m [2m❯[22m node_modules/@testing-library/dom/dist/query-helpers.js:[2m52:17[22m[39m
[90m [2m❯[22m node_modules/@testing-library/dom/dist/query-helpers.js:[2m95:19[22m[39m
[36m [2m❯[22m __tests__/components/ContributionDashboard/ContributionForm.test.jsx:[2m84:34[22m[39m
    [90m 82|[39m
    [90m 83|[39m   test("renders PostalCodeData component when Postal Codes is selected…
    [90m 84|[39m     [35mconst[39m selectElement [33m=[39m screen[33m.[39m[34mgetByLabelText[39m([36m/Choose dataset/i[39m)[33m;[39m
    [90m   |[39m                                  [31m^[39m
    [90m 85|[39m     [35mawait[39m user[33m.[39m[34mselectOptions[39m(selectElement[33m,[39m [32m"Postal Codes"[39m)[33m;[39m
    [90m 86|[39m

[31m[2m⎯⎯⎯⎯⎯⎯⎯⎯⎯⎯⎯⎯⎯⎯⎯⎯⎯⎯⎯⎯⎯⎯⎯[7/61]⎯[22m[39m

[41m[1m FAIL [22m[49m __tests__/components/ContributionDashboard/GetAllPostalCodes.test.jsx[2m > [22mGetAllPostalCodes component[2m > [22mrenders Get All button
[41m[1m FAIL [22m[49m __tests__/components/ContributionDashboard/GetAllPostalCodes.test.jsx[2m > [22mGetAllPostalCodes component[2m > [22mshows success notification and results when Get All is successful
[41m[1m FAIL [22m[49m __tests__/components/ContributionDashboard/GetAllPostalCodes.test.jsx[2m > [22mGetAllPostalCodes component[2m > [22mshows error notification when Get All fails
[41m[1m FAIL [22m[49m __tests__/components/ContributionDashboard/GetAllPostalCodes.test.jsx[2m > [22mGetAllPostalCodes component[2m > [22mshows error notification when Get All throws an error
[31m[1mTestingLibraryElementError[22m: Unable to find a label with the text of: /Choose dataset/i

Ignored nodes: comments, script, style
[36m<body>[31m
  [36m<div>[31m
    [36m<div[31m
      [33mclass[31m=[32m"flex flex-col items-center flex-1 w-full"[31m
    [36m>[31m
      [36m<form[31m
        [33mclass[31m=[32m"p-2 flex items-center gap-2 flex-wrap justify-center"[31m
      [36m>[31m
        [36m<label[31m
          [33mclass[31m=[32m"text-nowrap"[31m
          [33mfor[31m=[32m"dataset"[31m
        [36m>[31m
          [0mcontribution.chooseDataset[0m
          [0m [0m
        [36m</label>[31m
        [36m<select[31m
          [33mclass[31m=[32m"control-input block w-full px-3 py-2 rounded-md cursor-pointer focus:ring-2 text-sm shadow-sm transition-all duration-140 min-w-44"[31m
          [33mid[31m=[32m"dataset"[31m
          [33mname[31m=[32m"dataset"[31m
        [36m>[31m
          [36m<option[31m
            [33mdefault[31m=[32m""[31m
            [33mvalue[31m=[32m""[31m
          [36m>[31m
            [0mcontribution.noDataset[0m
          [36m</option>[31m
          [36m<option[31m
            [33mvalue[31m=[32m"postal-codes"[31m
          [36m>[31m
            [0mcontribution.dataset.postalCodes[0m
          [36m</option>[31m
          [36m<option[31m
            [33mvalue[31m=[32m"universities"[31m
          [36m>[31m
            [0mcontribution.dataset.universities[0m
          [36m</option>[31m
        [36m</select>[31m
      [36m</form>[31m
      [36m<div>[31m
        [0mcontribution.selectDatasetError[0m
      [36m</div>[31m
    [36m</div>[31m
  [36m</div>[31m
[36m</body>[31m[39m
[90m [2m❯[22m Object.getElementError node_modules/@testing-library/dom/dist/config.js:[2m37:19[22m[39m
[90m [2m❯[22m getAllByLabelText node_modules/@testing-library/dom/dist/queries/label-text.js:[2m111:38[22m[39m
[90m [2m❯[22m node_modules/@testing-library/dom/dist/query-helpers.js:[2m52:17[22m[39m
[90m [2m❯[22m node_modules/@testing-library/dom/dist/query-helpers.js:[2m95:19[22m[39m
[36m [2m❯[22m __tests__/components/ContributionDashboard/GetAllPostalCodes.test.jsx:[2m129:34[22m[39m
    [90m127|[39m     [34mrender[39m([33m<[39m[33mWrapper[39m [33minitialUser[39m[33m=[39m[33m{[39m{ role[33m:[39m [32m"CONTRIBUTOR"[39m }[33m}[39m [33m/[39m[33m>[39m)[33m;[39m
    [90m128|[39m
    [90m129|[39m     [35mconst[39m selectElement [33m=[39m screen[33m.[39m[34mgetByLabelText[39m([36m/Choose dataset/i[39m)[33m;[39m
    [90m   |[39m                                  [31m^[39m
    [90m130|[39m     [35mawait[39m user[33m.[39m[34mselectOptions[39m(selectElement[33m,[39m [32m"Postal Codes"[39m)[33m;[39m
    [90m131|[39m   })[33m;[39m

[31m[2m⎯⎯⎯⎯⎯⎯⎯⎯⎯⎯⎯⎯⎯⎯⎯⎯⎯⎯⎯⎯⎯⎯⎯[8/61]⎯[22m[39m

[41m[1m FAIL [22m[49m __tests__/components/ContributionDashboard/PendingChanges.test.jsx[2m > [22mContributionDashboard - Pending Changes[2m > [22mrenders No pending changes to display when no pending changes exist
[31m[1mTestingLibraryElementError[22m: Unable to find a label with the text of: /Choose dataset/i

Ignored nodes: comments, script, style
[36m<body>[31m
  [36m<div>[31m
    [36m<div[31m
      [33mclass[31m=[32m"flex flex-col items-center flex-1 w-full"[31m
    [36m>[31m
      [36m<form[31m
        [33mclass[31m=[32m"p-2 flex items-center gap-2 flex-wrap justify-center"[31m
      [36m>[31m
        [36m<label[31m
          [33mclass[31m=[32m"text-nowrap"[31m
          [33mfor[31m=[32m"dataset"[31m
        [36m>[31m
          [0mcontribution.chooseDataset[0m
          [0m [0m
        [36m</label>[31m
        [36m<select[31m
          [33mclass[31m=[32m"control-input block w-full px-3 py-2 rounded-md cursor-pointer focus:ring-2 text-sm shadow-sm transition-all duration-140 min-w-44"[31m
          [33mid[31m=[32m"dataset"[31m
          [33mname[31m=[32m"dataset"[31m
        [36m>[31m
          [36m<option[31m
            [33mdefault[31m=[32m""[31m
            [33mvalue[31m=[32m""[31m
          [36m>[31m
            [0mcontribution.noDataset[0m
          [36m</option>[31m
          [36m<option[31m
            [33mvalue[31m=[32m"postal-codes"[31m
          [36m>[31m
            [0mcontribution.dataset.postalCodes[0m
          [36m</option>[31m
          [36m<option[31m
            [33mvalue[31m=[32m"universities"[31m
          [36m>[31m
            [0mcontribution.dataset.universities[0m
          [36m</option>[31m
        [36m</select>[31m
      [36m</form>[31m
      [36m<div>[31m
        [0mcontribution.selectDatasetError[0m
      [36m</div>[31m
    [36m</div>[31m
  [36m</div>[31m
[36m</body>[31m[39m
[90m [2m❯[22m Object.getElementError node_modules/@testing-library/dom/dist/config.js:[2m37:19[22m[39m
[90m [2m❯[22m getAllByLabelText node_modules/@testing-library/dom/dist/queries/label-text.js:[2m111:38[22m[39m
[90m [2m❯[22m node_modules/@testing-library/dom/dist/query-helpers.js:[2m52:17[22m[39m
[90m [2m❯[22m node_modules/@testing-library/dom/dist/query-helpers.js:[2m95:19[22m[39m
[36m [2m❯[22m __tests__/components/ContributionDashboard/PendingChanges.test.jsx:[2m109:34[22m[39m
    [90m107|[39m     [34mrender[39m([33m<[39m[33mWrapper[39m [33minitialUser[39m[33m=[39m[33m{[39m{ email[33m:[39m [32m"some@email.com"[39m }[33m}[39m [33m/[39m[33m>[39m)[33m;[39m
    [90m108|[39m
    [90m109|[39m     [35mconst[39m selectElement [33m=[39m screen[33m.[39m[34mgetByLabelText[39m([36m/Choose dataset/i[39m)[33m;[39m
    [90m   |[39m                                  [31m^[39m
    [90m110|[39m     [35mawait[39m user[33m.[39m[34mselectOptions[39m(selectElement[33m,[39m [32m"Postal Codes"[39m)[33m;[39m
    [90m111|[39m

[31m[2m⎯⎯⎯⎯⎯⎯⎯⎯⎯⎯⎯⎯⎯⎯⎯⎯⎯⎯⎯⎯⎯⎯⎯[9/61]⎯[22m[39m

[41m[1m FAIL [22m[49m __tests__/components/ContributionDashboard/PendingChanges.test.jsx[2m > [22mContributionDashboard - Pending Changes[2m > [22mrenders heading when pending changes exist
[41m[1m FAIL [22m[49m __tests__/components/ContributionDashboard/PendingChanges.test.jsx[2m > [22mContributionDashboard - Pending Changes[2m > [22mrenders correct pending changes count
[41m[1m FAIL [22m[49m __tests__/components/ContributionDashboard/PendingChanges.test.jsx[2m > [22mContributionDashboard - Pending Changes[2m > [22mrenders pending change details
[31m[1mTestingLibraryElementError[22m: Unable to find a label with the text of: /Choose dataset/i

Ignored nodes: comments, script, style
[36m<body>[31m
  [36m<div>[31m
    [36m<div[31m
      [33mclass[31m=[32m"flex flex-col items-center flex-1 w-full"[31m
    [36m>[31m
      [36m<form[31m
        [33mclass[31m=[32m"p-2 flex items-center gap-2 flex-wrap justify-center"[31m
      [36m>[31m
        [36m<label[31m
          [33mclass[31m=[32m"text-nowrap"[31m
          [33mfor[31m=[32m"dataset"[31m
        [36m>[31m
          [0mcontribution.chooseDataset[0m
          [0m [0m
        [36m</label>[31m
        [36m<select[31m
          [33mclass[31m=[32m"control-input block w-full px-3 py-2 rounded-md cursor-pointer focus:ring-2 text-sm shadow-sm transition-all duration-140 min-w-44"[31m
          [33mid[31m=[32m"dataset"[31m
          [33mname[31m=[32m"dataset"[31m
        [36m>[31m
          [36m<option[31m
            [33mdefault[31m=[32m""[31m
            [33mvalue[31m=[32m""[31m
          [36m>[31m
            [0mcontribution.noDataset[0m
          [36m</option>[31m
          [36m<option[31m
            [33mvalue[31m=[32m"postal-codes"[31m
          [36m>[31m
            [0mcontribution.dataset.postalCodes[0m
          [36m</option>[31m
          [36m<option[31m
            [33mvalue[31m=[32m"universities"[31m
          [36m>[31m
            [0mcontribution.dataset.universities[0m
          [36m</option>[31m
        [36m</select>[31m
      [36m</form>[31m
      [36m<div>[31m
        [0mcontribution.selectDatasetError[0m
      [36m</div>[31m
    [36m</div>[31m
  [36m</div>[31m
[36m</body>[31m[39m
[90m [2m❯[22m Object.getElementError node_modules/@testing-library/dom/dist/config.js:[2m37:19[22m[39m
[90m [2m❯[22m getAllByLabelText node_modules/@testing-library/dom/dist/queries/label-text.js:[2m111:38[22m[39m
[90m [2m❯[22m node_modules/@testing-library/dom/dist/query-helpers.js:[2m52:17[22m[39m
[90m [2m❯[22m node_modules/@testing-library/dom/dist/query-helpers.js:[2m95:19[22m[39m
[36m [2m❯[22m __tests__/components/ContributionDashboard/PendingChanges.test.jsx:[2m122:34[22m[39m
    [90m120|[39m     [34mrender[39m([33m<[39m[33mWrapper[39m [33minitialUser[39m[33m=[39m[33m{[39m{ email[33m:[39m [32m"some@email.com"[39m }[33m}[39m [33m/[39m[33m>[39m)[33m;[39m
    [90m121|[39m
    [90m122|[39m     [35mconst[39m selectElement [33m=[39m screen[33m.[39m[34mgetByLabelText[39m([36m/Choose dataset/i[39m)[33m;[39m
    [90m   |[39m                                  [31m^[39m
    [90m123|[39m     [35mawait[39m user[33m.[39m[34mselectOptions[39m(selectElement[33m,[39m [32m"Postal Codes"[39m)[33m;[39m
    [90m124|[39m   })[33m;[39m

[31m[2m⎯⎯⎯⎯⎯⎯⎯⎯⎯⎯⎯⎯⎯⎯⎯⎯⎯⎯⎯⎯⎯⎯[10/61]⎯[22m[39m

[41m[1m FAIL [22m[49m __tests__/components/ContributionDashboard/PendingChangesRow.test.jsx[2m > [22mPendingChangesRow Component[2m > [22mrenders 1 pending change
[31m[1mTestingLibraryElementError[22m: Unable to find a label with the text of: /Choose dataset/i

Ignored nodes: comments, script, style
[36m<body>[31m
  [36m<div>[31m
    [36m<div[31m
      [33mclass[31m=[32m"flex flex-col items-center flex-1 w-full"[31m
    [36m>[31m
      [36m<form[31m
        [33mclass[31m=[32m"p-2 flex items-center gap-2 flex-wrap justify-center"[31m
      [36m>[31m
        [36m<label[31m
          [33mclass[31m=[32m"text-nowrap"[31m
          [33mfor[31m=[32m"dataset"[31m
        [36m>[31m
          [0mcontribution.chooseDataset[0m
          [0m [0m
        [36m</label>[31m
        [36m<select[31m
          [33mclass[31m=[32m"control-input block w-full px-3 py-2 rounded-md cursor-pointer focus:ring-2 text-sm shadow-sm transition-all duration-140 min-w-44"[31m
          [33mid[31m=[32m"dataset"[31m
          [33mname[31m=[32m"dataset"[31m
        [36m>[31m
          [36m<option[31m
            [33mdefault[31m=[32m""[31m
            [33mvalue[31m=[32m""[31m
          [36m>[31m
            [0mcontribution.noDataset[0m
          [36m</option>[31m
          [36m<option[31m
            [33mvalue[31m=[32m"postal-codes"[31m
          [36m>[31m
            [0mcontribution.dataset.postalCodes[0m
          [36m</option>[31m
          [36m<option[31m
            [33mvalue[31m=[32m"universities"[31m
          [36m>[31m
            [0mcontribution.dataset.universities[0m
          [36m</option>[31m
        [36m</select>[31m
      [36m</form>[31m
      [36m<div>[31m
        [0mcontribution.selectDatasetError[0m
      [36m</div>[31m
    [36m</div>[31m
  [36m</div>[31m
[36m</body>[31m[39m
[90m [2m❯[22m Object.getElementError node_modules/@testing-library/dom/dist/config.js:[2m37:19[22m[39m
[90m [2m❯[22m getAllByLabelText node_modules/@testing-library/dom/dist/queries/label-text.js:[2m111:38[22m[39m
[90m [2m❯[22m node_modules/@testing-library/dom/dist/query-helpers.js:[2m52:17[22m[39m
[90m [2m❯[22m node_modules/@testing-library/dom/dist/query-helpers.js:[2m95:19[22m[39m
[36m [2m❯[22m __tests__/components/ContributionDashboard/PendingChangesRow.test.jsx:[2m83:34[22m[39m
    [90m 81|[39m
    [90m 82|[39m     [34mrender[39m([33m<[39m[33mWrapper[39m [33minitialUser[39m[33m=[39m[33m{[39m{ name[33m:[39m [32m"Test User"[39m }[33m}[39m [33m/[39m[33m>[39m)[33m;[39m
    [90m 83|[39m     [35mconst[39m selectElement [33m=[39m screen[33m.[39m[34mgetByLabelText[39m([36m/Choose dataset/i[39m)[33m;[39m
    [90m   |[39m                                  [31m^[39m
    [90m 84|[39m     [35mawait[39m user[33m.[39m[34mselectOptions[39m(selectElement[33m,[39m [32m"Postal Codes"[39m)[33m;[39m
    [90m 85|[39m

[31m[2m⎯⎯⎯⎯⎯⎯⎯⎯⎯⎯⎯⎯⎯⎯⎯⎯⎯⎯⎯⎯⎯⎯[11/61]⎯[22m[39m

[41m[1m FAIL [22m[49m __tests__/components/ContributionDashboard/PendingChangesRow.test.jsx[2m > [22mPendingChangesRow Component[2m > [22mrenders multiple pending changes are rendered
[31m[1mTestingLibraryElementError[22m: Unable to find a label with the text of: /Choose dataset/i

Ignored nodes: comments, script, style
[36m<body>[31m
  [36m<div>[31m
    [36m<div[31m
      [33mclass[31m=[32m"flex flex-col items-center flex-1 w-full"[31m
    [36m>[31m
      [36m<form[31m
        [33mclass[31m=[32m"p-2 flex items-center gap-2 flex-wrap justify-center"[31m
      [36m>[31m
        [36m<label[31m
          [33mclass[31m=[32m"text-nowrap"[31m
          [33mfor[31m=[32m"dataset"[31m
        [36m>[31m
          [0mcontribution.chooseDataset[0m
          [0m [0m
        [36m</label>[31m
        [36m<select[31m
          [33mclass[31m=[32m"control-input block w-full px-3 py-2 rounded-md cursor-pointer focus:ring-2 text-sm shadow-sm transition-all duration-140 min-w-44"[31m
          [33mid[31m=[32m"dataset"[31m
          [33mname[31m=[32m"dataset"[31m
        [36m>[31m
          [36m<option[31m
            [33mdefault[31m=[32m""[31m
            [33mvalue[31m=[32m""[31m
          [36m>[31m
            [0mcontribution.noDataset[0m
          [36m</option>[31m
          [36m<option[31m
            [33mvalue[31m=[32m"postal-codes"[31m
          [36m>[31m
            [0mcontribution.dataset.postalCodes[0m
          [36m</option>[31m
          [36m<option[31m
            [33mvalue[31m=[32m"universities"[31m
          [36m>[31m
            [0mcontribution.dataset.universities[0m
          [36m</option>[31m
        [36m</select>[31m
      [36m</form>[31m
      [36m<div>[31m
        [0mcontribution.selectDatasetError[0m
      [36m</div>[31m
    [36m</div>[31m
  [36m</div>[31m
[36m</body>[31m[39m
[90m [2m❯[22m Object.getElementError node_modules/@testing-library/dom/dist/config.js:[2m37:19[22m[39m
[90m [2m❯[22m getAllByLabelText node_modules/@testing-library/dom/dist/queries/label-text.js:[2m111:38[22m[39m
[90m [2m❯[22m node_modules/@testing-library/dom/dist/query-helpers.js:[2m52:17[22m[39m
[90m [2m❯[22m node_modules/@testing-library/dom/dist/query-helpers.js:[2m95:19[22m[39m
[36m [2m❯[22m __tests__/components/ContributionDashboard/PendingChangesRow.test.jsx:[2m126:34[22m[39m
    [90m124|[39m
    [90m125|[39m     [34mrender[39m([33m<[39m[33mWrapper[39m [33minitialUser[39m[33m=[39m[33m{[39m{ name[33m:[39m [32m"Test User"[39m }[33m}[39m [33m/[39m[33m>[39m)[33m;[39m
    [90m126|[39m     [35mconst[39m selectElement [33m=[39m screen[33m.[39m[34mgetByLabelText[39m([36m/Choose dataset/i[39m)[33m;[39m
    [90m   |[39m                                  [31m^[39m
    [90m127|[39m     [35mawait[39m user[33m.[39m[34mselectOptions[39m(selectElement[33m,[39m [32m"Postal Codes"[39m)[33m;[39m
    [90m128|[39m

[31m[2m⎯⎯⎯⎯⎯⎯⎯⎯⎯⎯⎯⎯⎯⎯⎯⎯⎯⎯⎯⎯⎯⎯[12/61]⎯[22m[39m

[41m[1m FAIL [22m[49m __tests__/components/ContributionDashboard/PendingChangesRow.test.jsx[2m > [22mPendingChangesRow Component[2m > [22mhandles Discard action
[31m[1mTestingLibraryElementError[22m: Unable to find a label with the text of: /Choose dataset/i

Ignored nodes: comments, script, style
[36m<body>[31m
  [36m<div>[31m
    [36m<div[31m
      [33mclass[31m=[32m"flex flex-col items-center flex-1 w-full"[31m
    [36m>[31m
      [36m<form[31m
        [33mclass[31m=[32m"p-2 flex items-center gap-2 flex-wrap justify-center"[31m
      [36m>[31m
        [36m<label[31m
          [33mclass[31m=[32m"text-nowrap"[31m
          [33mfor[31m=[32m"dataset"[31m
        [36m>[31m
          [0mcontribution.chooseDataset[0m
          [0m [0m
        [36m</label>[31m
        [36m<select[31m
          [33mclass[31m=[32m"control-input block w-full px-3 py-2 rounded-md cursor-pointer focus:ring-2 text-sm shadow-sm transition-all duration-140 min-w-44"[31m
          [33mid[31m=[32m"dataset"[31m
          [33mname[31m=[32m"dataset"[31m
        [36m>[31m
          [36m<option[31m
            [33mdefault[31m=[32m""[31m
            [33mvalue[31m=[32m""[31m
          [36m>[31m
            [0mcontribution.noDataset[0m
          [36m</option>[31m
          [36m<option[31m
            [33mvalue[31m=[32m"postal-codes"[31m
          [36m>[31m
            [0mcontribution.dataset.postalCodes[0m
          [36m</option>[31m
          [36m<option[31m
            [33mvalue[31m=[32m"universities"[31m
          [36m>[31m
            [0mcontribution.dataset.universities[0m
          [36m</option>[31m
        [36m</select>[31m
      [36m</form>[31m
      [36m<div>[31m
        [0mcontribution.selectDatasetError[0m
      [36m</div>[31m
    [36m</div>[31m
  [36m</div>[31m
[36m</body>[31m[39m
[90m [2m❯[22m Object.getElementError node_modules/@testing-library/dom/dist/config.js:[2m37:19[22m[39m
[90m [2m❯[22m getAllByLabelText node_modules/@testing-library/dom/dist/queries/label-text.js:[2m111:38[22m[39m
[90m [2m❯[22m node_modules/@testing-library/dom/dist/query-helpers.js:[2m52:17[22m[39m
[90m [2m❯[22m node_modules/@testing-library/dom/dist/query-helpers.js:[2m95:19[22m[39m
[36m [2m❯[22m __tests__/components/ContributionDashboard/PendingChangesRow.test.jsx:[2m187:34[22m[39m
    [90m185|[39m
    [90m186|[39m     [34mrender[39m([33m<[39m[33mWrapper[39m [33minitialUser[39m[33m=[39m[33m{[39m{ name[33m:[39m [32m"Test User"[39m }[33m}[39m [33m/[39m[33m>[39m)[33m;[39m
    [90m187|[39m     [35mconst[39m selectElement [33m=[39m screen[33m.[39m[34mgetByLabelText[39m([36m/Choose dataset/i[39m)[33m;[39m
    [90m   |[39m                                  [31m^[39m
    [90m188|[39m     [35mawait[39m user[33m.[39m[34mselectOptions[39m(selectElement[33m,[39m [32m"Postal Codes"[39m)[33m;[39m
    [90m189|[39m

[31m[2m⎯⎯⎯⎯⎯⎯⎯⎯⎯⎯⎯⎯⎯⎯⎯⎯⎯⎯⎯⎯⎯⎯[13/61]⎯[22m[39m

[41m[1m FAIL [22m[49m __tests__/components/ContributionDashboard/PostalCodesResultContribution.test.jsx[2m > [22mPostalCodesResultContribution component[2m > [22mrenders search results in the table
[41m[1m FAIL [22m[49m __tests__/components/ContributionDashboard/PostalCodesResultContribution.test.jsx[2m > [22mPostalCodesResultContribution component[2m > [22mshows no results message when searchResult is empty
[41m[1m FAIL [22m[49m __tests__/components/ContributionDashboard/PostalCodesResultContribution.test.jsx[2m > [22mPostalCodesResultContribution component[2m > [22mshows error notification when edit fails
[41m[1m FAIL [22m[49m __tests__/components/ContributionDashboard/PostalCodesResultContribution.test.jsx[2m > [22mPostalCodesResultContribution component[2m > [22mshows success notification and updates data when edit is successful
[41m[1m FAIL [22m[49m __tests__/components/ContributionDashboard/PostalCodesResultContribution.test.jsx[2m > [22mPostalCodesResultContribution component[2m > [22mshows error notification when delete fails
[41m[1m FAIL [22m[49m __tests__/components/ContributionDashboard/PostalCodesResultContribution.test.jsx[2m > [22mPostalCodesResultContribution component[2m > [22mshows success notification and removes data when delete is successful
[41m[1m FAIL [22m[49m __tests__/components/ContributionDashboard/PostalCodesResultContribution.test.jsx[2m > [22mPostalCodesResultContribution component[2m > [22mshows error when csrfToken retrieval fails during edit
[41m[1m FAIL [22m[49m __tests__/components/ContributionDashboard/PostalCodesResultContribution.test.jsx[2m > [22mPostalCodesResultContribution component[2m > [22mshows error when csrfToken retrieval fails during delete
[31m[1mTestingLibraryElementError[22m: Unable to find a label with the text of: /Choose dataset/i

Ignored nodes: comments, script, style
[36m<body>[31m
  [36m<div>[31m
    [36m<div[31m
      [33mclass[31m=[32m"flex flex-col items-center flex-1 w-full"[31m
    [36m>[31m
      [36m<form[31m
        [33mclass[31m=[32m"p-2 flex items-center gap-2 flex-wrap justify-center"[31m
      [36m>[31m
        [36m<label[31m
          [33mclass[31m=[32m"text-nowrap"[31m
          [33mfor[31m=[32m"dataset"[31m
        [36m>[31m
          [0mcontribution.chooseDataset[0m
          [0m [0m
        [36m</label>[31m
        [36m<select[31m
          [33mclass[31m=[32m"control-input block w-full px-3 py-2 rounded-md cursor-pointer focus:ring-2 text-sm shadow-sm transition-all duration-140 min-w-44"[31m
          [33mid[31m=[32m"dataset"[31m
          [33mname[31m=[32m"dataset"[31m
        [36m>[31m
          [36m<option[31m
            [33mdefault[31m=[32m""[31m
            [33mvalue[31m=[32m""[31m
          [36m>[31m
            [0mcontribution.noDataset[0m
          [36m</option>[31m
          [36m<option[31m
            [33mvalue[31m=[32m"postal-codes"[31m
          [36m>[31m
            [0mcontribution.dataset.postalCodes[0m
          [36m</option>[31m
          [36m<option[31m
            [33mvalue[31m=[32m"universities"[31m
          [36m>[31m
            [0mcontribution.dataset.universities[0m
          [36m</option>[31m
        [36m</select>[31m
      [36m</form>[31m
      [36m<div>[31m
        [0mcontribution.selectDatasetError[0m
      [36m</div>[31m
    [36m</div>[31m
  [36m</div>[31m
[36m</body>[31m[39m
[90m [2m❯[22m Object.getElementError node_modules/@testing-library/dom/dist/config.js:[2m37:19[22m[39m
[90m [2m❯[22m getAllByLabelText node_modules/@testing-library/dom/dist/queries/label-text.js:[2m111:38[22m[39m
[90m [2m❯[22m node_modules/@testing-library/dom/dist/query-helpers.js:[2m52:17[22m[39m
[90m [2m❯[22m node_modules/@testing-library/dom/dist/query-helpers.js:[2m95:19[22m[39m
[36m [2m❯[22m __tests__/components/ContributionDashboard/PostalCodesResultContribution.test.jsx:[2m134:34[22m[39m
    [90m132|[39m     [34mrender[39m([33m<[39m[33mWrapper[39m [33minitialUser[39m[33m=[39m[33m{[39m{ role[33m:[39m [32m"CONTRIBUTOR"[39m }[33m}[39m [33m/[39m[33m>[39m)[33m;[39m
    [90m133|[39m
    [90m134|[39m     [35mconst[39m selectElement [33m=[39m screen[33m.[39m[34mgetByLabelText[39m([36m/Choose dataset/i[39m)[33m;[39m
    [90m   |[39m                                  [31m^[39m
    [90m135|[39m     [35mawait[39m user[33m.[39m[34mselectOptions[39m(selectElement[33m,[39m [32m"Postal Codes"[39m)[33m;[39m
    [90m136|[39m

[31m[2m⎯⎯⎯⎯⎯⎯⎯⎯⎯⎯⎯⎯⎯⎯⎯⎯⎯⎯⎯⎯⎯⎯[14/61]⎯[22m[39m

[41m[1m FAIL [22m[49m __tests__/components/ContributionDashboard/SearchPostalCode.test.jsx[2m > [22mSearchPostalCode component[2m > [22mrenders search input and button
[41m[1m FAIL [22m[49m __tests__/components/ContributionDashboard/SearchPostalCode.test.jsx[2m > [22mSearchPostalCode component[2m > [22mvalidates search input and shows error for invalid postal code
[41m[1m FAIL [22m[49m __tests__/components/ContributionDashboard/SearchPostalCode.test.jsx[2m > [22mSearchPostalCode component[2m > [22mshows error notification when search fails
[41m[1m FAIL [22m[49m __tests__/components/ContributionDashboard/SearchPostalCode.test.jsx[2m > [22mSearchPostalCode component[2m > [22mshows error notification when search throws an error
[41m[1m FAIL [22m[49m __tests__/components/ContributionDashboard/SearchPostalCode.test.jsx[2m > [22mSearchPostalCode component[2m > [22mshows search results in the table
[31m[1mTestingLibraryElementError[22m: Unable to find a label with the text of: /Choose dataset/i

Ignored nodes: comments, script, style
[36m<body>[31m
  [36m<div>[31m
    [36m<div[31m
      [33mclass[31m=[32m"flex flex-col items-center flex-1 w-full"[31m
    [36m>[31m
      [36m<form[31m
        [33mclass[31m=[32m"p-2 flex items-center gap-2 flex-wrap justify-center"[31m
      [36m>[31m
        [36m<label[31m
          [33mclass[31m=[32m"text-nowrap"[31m
          [33mfor[31m=[32m"dataset"[31m
        [36m>[31m
          [0mcontribution.chooseDataset[0m
          [0m [0m
        [36m</label>[31m
        [36m<select[31m
          [33mclass[31m=[32m"control-input block w-full px-3 py-2 rounded-md cursor-pointer focus:ring-2 text-sm shadow-sm transition-all duration-140 min-w-44"[31m
          [33mid[31m=[32m"dataset"[31m
          [33mname[31m=[32m"dataset"[31m
        [36m>[31m
          [36m<option[31m
            [33mdefault[31m=[32m""[31m
            [33mvalue[31m=[32m""[31m
          [36m>[31m
            [0mcontribution.noDataset[0m
          [36m</option>[31m
          [36m<option[31m
            [33mvalue[31m=[32m"postal-codes"[31m
          [36m>[31m
            [0mcontribution.dataset.postalCodes[0m
          [36m</option>[31m
          [36m<option[31m
            [33mvalue[31m=[32m"universities"[31m
          [36m>[31m
            [0mcontribution.dataset.universities[0m
          [36m</option>[31m
        [36m</select>[31m
      [36m</form>[31m
      [36m<div>[31m
        [0mcontribution.selectDatasetError[0m
      [36m</div>[31m
    [36m</div>[31m
  [36m</div>[31m
[36m</body>[31m[39m
[90m [2m❯[22m Object.getElementError node_modules/@testing-library/dom/dist/config.js:[2m37:19[22m[39m
[90m [2m❯[22m getAllByLabelText node_modules/@testing-library/dom/dist/queries/label-text.js:[2m111:38[22m[39m
[90m [2m❯[22m node_modules/@testing-library/dom/dist/query-helpers.js:[2m52:17[22m[39m
[90m [2m❯[22m node_modules/@testing-library/dom/dist/query-helpers.js:[2m95:19[22m[39m
[36m [2m❯[22m __tests__/components/ContributionDashboard/SearchPostalCode.test.jsx:[2m129:34[22m[39m
    [90m127|[39m     [34mrender[39m([33m<[39m[33mWrapper[39m [33minitialUser[39m[33m=[39m[33m{[39m{}[33m}[39m [33m/[39m[33m>[39m)[33m;[39m
    [90m128|[39m
    [90m129|[39m     [35mconst[39m selectElement [33m=[39m screen[33m.[39m[34mgetByLabelText[39m([36m/Choose dataset/i[39m)[33m;[39m
    [90m   |[39m                                  [31m^[39m
    [90m130|[39m     [35mawait[39m user[33m.[39m[34mselectOptions[39m(selectElement[33m,[39m [32m"Postal Codes"[39m)[33m;[39m
    [90m131|[39m   })[33m;[39m

[31m[2m⎯⎯⎯⎯⎯⎯⎯⎯⎯⎯⎯⎯⎯⎯⎯⎯⎯⎯⎯⎯⎯⎯[15/61]⎯[22m[39m

[41m[1m FAIL [22m[49m __tests__/components/Home/Home.test.jsx[2m > [22mHome component[2m > [22mrender component
[31m[1mTestingLibraryElementError[22m[39m: Unable to find role="heading" and name `/Bosnia Lens/i`

Ignored nodes: comments, script, style
[36m<body>[39m
  [36m<div>[39m
    [36m<div[39m
      [33mclass[39m=[32m"w-full mx-auto px-4 sm:px-6 lg:px-8 max-w-5xl flex flex-col items-center gap-10 py-8 dark:text-gray-100"[39m
    [36m>[39m
      [36m<header[39m
        [33mclass[39m=[32m"flex flex-col items-center gap-6 w-full"[39m
      [36m>[39m
        [36m<h1[39m
          [33mclass[39m=[32m"text-3xl font-bold"[39m
        [36m>[39m
          [0mhome.heading[0m
        [36m</h1>[39m
        [36m<section[39m
          [33mclass[39m=[32m"w-full text-left"[39m
        [36m>[39m
          [36m<p>[39m
            [0mhome.description1[0m
          [36m</p>[39m
          [36m<p[39m
            [33mclass[39m=[32m"mt-2"[39m
          [36m>[39m
            [0mhome.description2[0m
          [36m</p>[39m
        [36m</section>[39m
        [36m<div[39m
          [33mclass[39m=[32m"grid gap-6 md:grid-cols-2 w-full"[39m
        [36m>[39m
          [36m<section[39m
            [33mclass[39m=[32m"text-left"[39m
          [36m>[39m
            [36m<h2[39m
              [33mclass[39m=[32m"text-xl font-bold text-center mb-2"[39m
            [36m>[39m
              [0mhome.availableData[0m
            [36m</h2>[39m
            [36m<ul>[39m
              [36m<li>[39m
                [0mhome.availableDataPostalCodes[0m
              [36m</li>[39m
            [36m</ul>[39m
            [36m<h2[39m
              [33mclass[39m=[32m"text-xl font-bold text-center mt-4 mb-2"[39m
            [36m>[39m
              [0mhome.plannedData[0m
            [36m</h2>[39m
            [36m<ul>[39m
              [36m<li>[39m
                [0mhome.plannedDataUniversities[0m
              [36m</li>[39m
            [36m</ul>[39m
          [36m</section>[39m
          [36m<section[39m
            [33mclass[39m=[32m"text-left"[39m
          [36m>[39m
            [36m<h2[39m
              [33mclass[39m=[32m"text-xl font-bold mb-2"[39m
            [36m>[39m
              [0mhome.contributing[0m
            [36m</h2>[39m
            [36m<p>[39m
              [0mhome.contributingReadmePrefix[0m
              [0m [0m
              [36m<a[39m
                [33mhref[39m=[32m"https://github.com/goran1010/bosnia-lens/blob/main/CONTRIBUTING.md"[39m
              [36m>[39m
                [0mCONTRIBUTING.md[0m
              [36m</a>[39m
              [0m [0m
              [0mhome.contributingReadmeSuffix[0m
            [36m</p>[39m
            [36m<p[39m
              [33mclass[39m=[32m"mt-2"[39m
            [36m>[39m
              [0mhome.contributingWelcome[0m
            [36m</p>[39m
          [36m</section>[39m
        [36m</div>[39m
      [36m</header>[39m
      [36m<section[39m
        [33mclass[39m=[32m"flex flex-col items-center gap-4 w-full"[39m
      [36m>[39m
        [36m<h2[39m
          [33mclass[39m=[32m"text-xl font-bold"[39m
        [36m>[39m
          [0mhome.getStarted[0m
        [36m</h2>[39m
        [36m<div[39m
          [33mclass[39m=[32m"grid gap-4 md:grid-cols-2 w-full"[39m
        [36m>[39m
          [36m<a[39m
            [33mclass[39m=[32m"border rounded-lg p-5 hover:bg-gray-100 dark:hover:bg-gray-800 transition-colors text-left"[39m
            [33mdata-discover[39m=[32m"true"[39m
            [33mhref[39m=[32m"/postal-codes"[39m
          [36m>[39m
            [36m<h3[39m
              [33mclass[39m=[32m"text-lg font-bold mb-1"[39m
            [36m>[39m
              [0mhome.card.postalCodes.title[0m
            [36m</h3>[39m
            [36m<p>[39m
              [0mhome.card.postalCodes.description[0m
            [36m</p>[39m
          [36m</a>[39m
          [36m<a[39m
            [33mclass[39m=[32m"border rounded-lg p-5 hover:bg-gray-100 dark:hover:bg-gray-800 transition-colors text-left"[39m
            [33mdata-discover[39m=[32m"true"[39m
            [33mhref[39m=[32m"/api-docs"[39m
          [36m>[39m
            [36m<h3[39m
              [33mclass[39m=[32m"text-lg font-bold mb-1"[39m
            [36m>[39m
              [0mhome.card.restApi.title[0m
            [36m</h3>[39m
            [36m<p>[39m
              [0mhome.card.restApi.description[0m
            [36m</p>[39m
          [36m</a>[39m
        [36m</div>[39m
      [36m</section>[39m
    [36m</div>[39m
  [36m</div>[39m
[36m</body>[39m

Ignored nodes: comments, script, style
[36m<body>[39m
  [36m<div>[39m
    [36m<div[39m
      [33mclass[39m=[32m"w-full mx-auto px-4 sm:px-6 lg:px-8 max-w-5xl flex flex-col items-center gap-10 py-8 dark:text-gray-100"[39m
    [36m>[39m
      [36m<header[39m
        [33mclass[39m=[32m"flex flex-col items-center gap-6 w-full"[39m
      [36m>[39m
        [36m<h1[39m
          [33mclass[39m=[32m"text-3xl font-bold"[39m
        [36m>[39m
          [0mhome.heading[0m
        [36m</h1>[39m
        [36m<section[39m
          [33mclass[39m=[32m"w-full text-left"[39m
        [36m>[39m
          [36m<p>[39m
            [0mhome.description1[0m
          [36m</p>[39m
          [36m<p[39m
            [33mclass[39m=[32m"mt-2"[39m
          [36m>[39m
            [0mhome.description2[0m
          [36m</p>[39m
        [36m</section>[39m
        [36m<div[39m
          [33mclass[39m=[32m"grid gap-6 md:grid-cols-2 w-full"[39m
        [36m>[39m
          [36m<section[39m
            [33mclass[39m=[32m"text-left"[39m
          [36m>[39m
            [36m<h2[39m
              [33mclass[39m=[32m"text-xl font-bold text-center mb-2"[39m
            [36m>[39m
              [0mhome.availableData[0m
            [36m</h2>[39m
            [36m<ul>[39m
              [36m<li>[39m
                [0mhome.availableDataPostalCodes[0m
              [36m</li>[39m
            [36m</ul>[39m
            [36m<h2[39m
              [33mclass[39m=[32m"text-xl font-bold text-center mt-4 mb-2"[39m
            [36m>[39m
              [0mhome.plannedData[0m
            [36m</h2>[39m
            [36m<ul>[39m
              [36m<li>[39m
                [0mhome.plannedDataUniversities[0m
              [36m</li>[39m
            [36m</ul>[39m
          [36m</section>[39m
          [36m<section[39m
            [33mclass[39m=[32m"text-left"[39m
          [36m>[39m
            [36m<h2[39m
              [33mclass[39m=[32m"text-xl font-bold mb-2"[39m
            [36m>[39m
              [0mhome.contributing[0m
            [36m</h2>[39m
            [36m<p>[39m
              [0mhome.contributingReadmePrefix[0m
              [0m [0m
              [36m<a[39m
                [33mhref[39m=[32m"https://github.com/goran1010/bosnia-lens/blob/main/CONTRIBUTING.md"[39m
              [36m>[39m
                [0mCONTRIBUTING.md[0m
              [36m</a>[39m
              [0m [0m
              [0mhome.contributingReadmeSuffix[0m
            [36m</p>[39m
            [36m<p[39m
              [33mclass[39m=[32m"mt-2"[39m
            [36m>[39m
              [0mhome.contributingWelcome[0m
            [36m</p>[39m
          [36m</section>[39m
        [36m</div>[39m
      [36m</header>[39m
      [36m<section[39m
        [33mclass[39m=[32m"flex flex-col items-center gap-4 w-full"[39m
      [36m>[39m
        [36m<h2[39m
          [33mclass[39m=[32m"text-xl font-bold"[39m
        [36m>[39m
          [0mhome.getStarted[0m
        [36m</h2>[39m
        [36m<div[39m
          [33mclass[39m=[32m"grid gap-4 md:grid-cols-2 w-full"[39m
        [36m>[39m
          [36m<a[39m
            [33mclass[39m=[32m"border rounded-lg p-5 hover:bg-gray-100 dark:hover:bg-gray-800 transition-colors text-left"[39m
            [33mdata-discover[39m=[32m"true"[39m
            [33mhref[39m=[32m"/postal-codes"[39m
          [36m>[39m
            [36m<h3[39m
              [33mclass[39m=[32m"text-lg font-bold mb-1"[39m
            [36m>[39m
              [0mhome.card.postalCodes.title[0m
            [36m</h3>[39m
            [36m<p>[39m
              [0mhome.card.postalCodes.description[0m
            [36m</p>[39m
          [36m</a>[39m
          [36m<a[39m
            [33mclass[39m=[32m"border rounded-lg p-5 hover:bg-gray-100 dark:hover:bg-gray-800 transition-colors text-left"[39m
            [33mdata-discover[39m=[32m"true"[39m
            [33mhref[39m=[32m"/api-docs"[39m
          [36m>[39m
            [36m<h3[39m
              [33mclass[39m=[32m"text-lg font-bold mb-1"[39m
            [36m>[39m
              [0mhome.card.restApi.title[0m
            [36m</h3>[39m
            [36m<p>[39m
              [0mhome.card.restApi.description[0m
            [36m</p>[39m
          [36m</a>[39m
        [36m</div>[39m
      [36m</section>[39m
    [36m</div>[39m
  [36m</div>[39m
[36m</body>[39m
[90m [2m❯[22m waitForWrapper node_modules/@testing-library/dom/dist/wait-for.js:[2m163:27[22m[39m
[90m [2m❯[22m node_modules/@testing-library/dom/dist/query-helpers.js:[2m86:33[22m[39m
[36m [2m❯[22m __tests__/components/Home/Home.test.jsx:[2m14:38[22m[39m
    [90m 12|[39m       [33m<[39m[33m/[39m[33mMemoryRouter[39m[33m>[39m[33m,[39m
    [90m 13|[39m     )[33m;[39m
    [90m 14|[39m     [35mconst[39m linkElement [33m=[39m [35mawait[39m screen[33m.[39m[34mfindByRole[39m([32m"heading"[39m[33m,[39m {
    [90m   |[39m                                      [31m^[39m
    [90m 15|[39m       name[33m:[39m [36m/Bosnia Lens/i[39m[33m,[39m
    [90m 16|[39m       level[33m:[39m [34m1[39m[33m,[39m

[31m[2m⎯⎯⎯⎯⎯⎯⎯⎯⎯⎯⎯⎯⎯⎯⎯⎯⎯⎯⎯⎯⎯⎯[16/61]⎯[22m[39m

[41m[1m FAIL [22m[49m __tests__/components/Home/Home.test.jsx[2m > [22mHome component[2m > [22mrender available data section
[31m[1mTestingLibraryElementError[22m[39m: Unable to find role="heading" and name `/Available data/i`

Ignored nodes: comments, script, style
[36m<body>[39m
  [36m<div>[39m
    [36m<div[39m
      [33mclass[39m=[32m"w-full mx-auto px-4 sm:px-6 lg:px-8 max-w-5xl flex flex-col items-center gap-10 py-8 dark:text-gray-100"[39m
    [36m>[39m
      [36m<header[39m
        [33mclass[39m=[32m"flex flex-col items-center gap-6 w-full"[39m
      [36m>[39m
        [36m<h1[39m
          [33mclass[39m=[32m"text-3xl font-bold"[39m
        [36m>[39m
          [0mhome.heading[0m
        [36m</h1>[39m
        [36m<section[39m
          [33mclass[39m=[32m"w-full text-left"[39m
        [36m>[39m
          [36m<p>[39m
            [0mhome.description1[0m
          [36m</p>[39m
          [36m<p[39m
            [33mclass[39m=[32m"mt-2"[39m
          [36m>[39m
            [0mhome.description2[0m
          [36m</p>[39m
        [36m</section>[39m
        [36m<div[39m
          [33mclass[39m=[32m"grid gap-6 md:grid-cols-2 w-full"[39m
        [36m>[39m
          [36m<section[39m
            [33mclass[39m=[32m"text-left"[39m
          [36m>[39m
            [36m<h2[39m
              [33mclass[39m=[32m"text-xl font-bold text-center mb-2"[39m
            [36m>[39m
              [0mhome.availableData[0m
            [36m</h2>[39m
            [36m<ul>[39m
              [36m<li>[39m
                [0mhome.availableDataPostalCodes[0m
              [36m</li>[39m
            [36m</ul>[39m
            [36m<h2[39m
              [33mclass[39m=[32m"text-xl font-bold text-center mt-4 mb-2"[39m
            [36m>[39m
              [0mhome.plannedData[0m
            [36m</h2>[39m
            [36m<ul>[39m
              [36m<li>[39m
                [0mhome.plannedDataUniversities[0m
              [36m</li>[39m
            [36m</ul>[39m
          [36m</section>[39m
          [36m<section[39m
            [33mclass[39m=[32m"text-left"[39m
          [36m>[39m
            [36m<h2[39m
              [33mclass[39m=[32m"text-xl font-bold mb-2"[39m
            [36m>[39m
              [0mhome.contributing[0m
            [36m</h2>[39m
            [36m<p>[39m
              [0mhome.contributingReadmePrefix[0m
              [0m [0m
              [36m<a[39m
                [33mhref[39m=[32m"https://github.com/goran1010/bosnia-lens/blob/main/CONTRIBUTING.md"[39m
              [36m>[39m
                [0mCONTRIBUTING.md[0m
              [36m</a>[39m
              [0m [0m
              [0mhome.contributingReadmeSuffix[0m
            [36m</p>[39m
            [36m<p[39m
              [33mclass[39m=[32m"mt-2"[39m
            [36m>[39m
              [0mhome.contributingWelcome[0m
            [36m</p>[39m
          [36m</section>[39m
        [36m</div>[39m
      [36m</header>[39m
      [36m<section[39m
        [33mclass[39m=[32m"flex flex-col items-center gap-4 w-full"[39m
      [36m>[39m
        [36m<h2[39m
          [33mclass[39m=[32m"text-xl font-bold"[39m
        [36m>[39m
          [0mhome.getStarted[0m
        [36m</h2>[39m
        [36m<div[39m
          [33mclass[39m=[32m"grid gap-4 md:grid-cols-2 w-full"[39m
        [36m>[39m
          [36m<a[39m
            [33mclass[39m=[32m"border rounded-lg p-5 hover:bg-gray-100 dark:hover:bg-gray-800 transition-colors text-left"[39m
            [33mdata-discover[39m=[32m"true"[39m
            [33mhref[39m=[32m"/postal-codes"[39m
          [36m>[39m
            [36m<h3[39m
              [33mclass[39m=[32m"text-lg font-bold mb-1"[39m
            [36m>[39m
              [0mhome.card.postalCodes.title[0m
            [36m</h3>[39m
            [36m<p>[39m
              [0mhome.card.postalCodes.description[0m
            [36m</p>[39m
          [36m</a>[39m
          [36m<a[39m
            [33mclass[39m=[32m"border rounded-lg p-5 hover:bg-gray-100 dark:hover:bg-gray-800 transition-colors text-left"[39m
            [33mdata-discover[39m=[32m"true"[39m
            [33mhref[39m=[32m"/api-docs"[39m
          [36m>[39m
            [36m<h3[39m
              [33mclass[39m=[32m"text-lg font-bold mb-1"[39m
            [36m>[39m
              [0mhome.card.restApi.title[0m
            [36m</h3>[39m
            [36m<p>[39m
              [0mhome.card.restApi.description[0m
            [36m</p>[39m
          [36m</a>[39m
        [36m</div>[39m
      [36m</section>[39m
    [36m</div>[39m
  [36m</div>[39m
[36m</body>[39m

Ignored nodes: comments, script, style
[36m<body>[39m
  [36m<div>[39m
    [36m<div[39m
      [33mclass[39m=[32m"w-full mx-auto px-4 sm:px-6 lg:px-8 max-w-5xl flex flex-col items-center gap-10 py-8 dark:text-gray-100"[39m
    [36m>[39m
      [36m<header[39m
        [33mclass[39m=[32m"flex flex-col items-center gap-6 w-full"[39m
      [36m>[39m
        [36m<h1[39m
          [33mclass[39m=[32m"text-3xl font-bold"[39m
        [36m>[39m
          [0mhome.heading[0m
        [36m</h1>[39m
        [36m<section[39m
          [33mclass[39m=[32m"w-full text-left"[39m
        [36m>[39m
          [36m<p>[39m
            [0mhome.description1[0m
          [36m</p>[39m
          [36m<p[39m
            [33mclass[39m=[32m"mt-2"[39m
          [36m>[39m
            [0mhome.description2[0m
          [36m</p>[39m
        [36m</section>[39m
        [36m<div[39m
          [33mclass[39m=[32m"grid gap-6 md:grid-cols-2 w-full"[39m
        [36m>[39m
          [36m<section[39m
            [33mclass[39m=[32m"text-left"[39m
          [36m>[39m
            [36m<h2[39m
              [33mclass[39m=[32m"text-xl font-bold text-center mb-2"[39m
            [36m>[39m
              [0mhome.availableData[0m
            [36m</h2>[39m
            [36m<ul>[39m
              [36m<li>[39m
                [0mhome.availableDataPostalCodes[0m
              [36m</li>[39m
            [36m</ul>[39m
            [36m<h2[39m
              [33mclass[39m=[32m"text-xl font-bold text-center mt-4 mb-2"[39m
            [36m>[39m
              [0mhome.plannedData[0m
            [36m</h2>[39m
            [36m<ul>[39m
              [36m<li>[39m
                [0mhome.plannedDataUniversities[0m
              [36m</li>[39m
            [36m</ul>[39m
          [36m</section>[39m
          [36m<section[39m
            [33mclass[39m=[32m"text-left"[39m
          [36m>[39m
            [36m<h2[39m
              [33mclass[39m=[32m"text-xl font-bold mb-2"[39m
            [36m>[39m
              [0mhome.contributing[0m
            [36m</h2>[39m
            [36m<p>[39m
              [0mhome.contributingReadmePrefix[0m
              [0m [0m
              [36m<a[39m
                [33mhref[39m=[32m"https://github.com/goran1010/bosnia-lens/blob/main/CONTRIBUTING.md"[39m
              [36m>[39m
                [0mCONTRIBUTING.md[0m
              [36m</a>[39m
              [0m [0m
              [0mhome.contributingReadmeSuffix[0m
            [36m</p>[39m
            [36m<p[39m
              [33mclass[39m=[32m"mt-2"[39m
            [36m>[39m
              [0mhome.contributingWelcome[0m
            [36m</p>[39m
          [36m</section>[39m
        [36m</div>[39m
      [36m</header>[39m
      [36m<section[39m
        [33mclass[39m=[32m"flex flex-col items-center gap-4 w-full"[39m
      [36m>[39m
        [36m<h2[39m
          [33mclass[39m=[32m"text-xl font-bold"[39m
        [36m>[39m
          [0mhome.getStarted[0m
        [36m</h2>[39m
        [36m<div[39m
          [33mclass[39m=[32m"grid gap-4 md:grid-cols-2 w-full"[39m
        [36m>[39m
          [36m<a[39m
            [33mclass[39m=[32m"border rounded-lg p-5 hover:bg-gray-100 dark:hover:bg-gray-800 transition-colors text-left"[39m
            [33mdata-discover[39m=[32m"true"[39m
            [33mhref[39m=[32m"/postal-codes"[39m
          [36m>[39m
            [36m<h3[39m
              [33mclass[39m=[32m"text-lg font-bold mb-1"[39m
            [36m>[39m
              [0mhome.card.postalCodes.title[0m
            [36m</h3>[39m
            [36m<p>[39m
              [0mhome.card.postalCodes.description[0m
            [36m</p>[39m
          [36m</a>[39m
          [36m<a[39m
            [33mclass[39m=[32m"border rounded-lg p-5 hover:bg-gray-100 dark:hover:bg-gray-800 transition-colors text-left"[39m
            [33mdata-discover[39m=[32m"true"[39m
            [33mhref[39m=[32m"/api-docs"[39m
          [36m>[39m
            [36m<h3[39m
              [33mclass[39m=[32m"text-lg font-bold mb-1"[39m
            [36m>[39m
              [0mhome.card.restApi.title[0m
            [36m</h3>[39m
            [36m<p>[39m
              [0mhome.card.restApi.description[0m
            [36m</p>[39m
          [36m</a>[39m
        [36m</div>[39m
      [36m</section>[39m
    [36m</div>[39m
  [36m</div>[39m
[36m</body>[39m
[90m [2m❯[22m waitForWrapper node_modules/@testing-library/dom/dist/wait-for.js:[2m163:27[22m[39m
[90m [2m❯[22m node_modules/@testing-library/dom/dist/query-helpers.js:[2m86:33[22m[39m
[36m [2m❯[22m __tests__/components/Home/Home.test.jsx:[2m27:38[22m[39m
    [90m 25|[39m       [33m<[39m[33m/[39m[33mMemoryRouter[39m[33m>[39m[33m,[39m
    [90m 26|[39m     )[33m;[39m
    [90m 27|[39m     [35mconst[39m linkElement [33m=[39m [35mawait[39m screen[33m.[39m[34mfindByRole[39m([32m"heading"[39m[33m,[39m {
    [90m   |[39m                                      [31m^[39m
    [90m 28|[39m       name[33m:[39m [36m/Available data/i[39m[33m,[39m
    [90m 29|[39m       level[33m:[39m [34m2[39m[33m,[39m

[31m[2m⎯⎯⎯⎯⎯⎯⎯⎯⎯⎯⎯⎯⎯⎯⎯⎯⎯⎯⎯⎯⎯⎯[17/61]⎯[22m[39m

[41m[1m FAIL [22m[49m __tests__/components/Home/Home.test.jsx[2m > [22mHome component[2m > [22mrender get started section
[31m[1mTestingLibraryElementError[22m[39m: Unable to find role="heading" and name `/Get started/i`

Ignored nodes: comments, script, style
[36m<body>[39m
  [36m<div>[39m
    [36m<div[39m
      [33mclass[39m=[32m"w-full mx-auto px-4 sm:px-6 lg:px-8 max-w-5xl flex flex-col items-center gap-10 py-8 dark:text-gray-100"[39m
    [36m>[39m
      [36m<header[39m
        [33mclass[39m=[32m"flex flex-col items-center gap-6 w-full"[39m
      [36m>[39m
        [36m<h1[39m
          [33mclass[39m=[32m"text-3xl font-bold"[39m
        [36m>[39m
          [0mhome.heading[0m
        [36m</h1>[39m
        [36m<section[39m
          [33mclass[39m=[32m"w-full text-left"[39m
        [36m>[39m
          [36m<p>[39m
            [0mhome.description1[0m
          [36m</p>[39m
          [36m<p[39m
            [33mclass[39m=[32m"mt-2"[39m
          [36m>[39m
            [0mhome.description2[0m
          [36m</p>[39m
        [36m</section>[39m
        [36m<div[39m
          [33mclass[39m=[32m"grid gap-6 md:grid-cols-2 w-full"[39m
        [36m>[39m
          [36m<section[39m
            [33mclass[39m=[32m"text-left"[39m
          [36m>[39m
            [36m<h2[39m
              [33mclass[39m=[32m"text-xl font-bold text-center mb-2"[39m
            [36m>[39m
              [0mhome.availableData[0m
            [36m</h2>[39m
            [36m<ul>[39m
              [36m<li>[39m
                [0mhome.availableDataPostalCodes[0m
              [36m</li>[39m
            [36m</ul>[39m
            [36m<h2[39m
              [33mclass[39m=[32m"text-xl font-bold text-center mt-4 mb-2"[39m
            [36m>[39m
              [0mhome.plannedData[0m
            [36m</h2>[39m
            [36m<ul>[39m
              [36m<li>[39m
                [0mhome.plannedDataUniversities[0m
              [36m</li>[39m
            [36m</ul>[39m
          [36m</section>[39m
          [36m<section[39m
            [33mclass[39m=[32m"text-left"[39m
          [36m>[39m
            [36m<h2[39m
              [33mclass[39m=[32m"text-xl font-bold mb-2"[39m
            [36m>[39m
              [0mhome.contributing[0m
            [36m</h2>[39m
            [36m<p>[39m
              [0mhome.contributingReadmePrefix[0m
              [0m [0m
              [36m<a[39m
                [33mhref[39m=[32m"https://github.com/goran1010/bosnia-lens/blob/main/CONTRIBUTING.md"[39m
              [36m>[39m
                [0mCONTRIBUTING.md[0m
              [36m</a>[39m
              [0m [0m
              [0mhome.contributingReadmeSuffix[0m
            [36m</p>[39m
            [36m<p[39m
              [33mclass[39m=[32m"mt-2"[39m
            [36m>[39m
              [0mhome.contributingWelcome[0m
            [36m</p>[39m
          [36m</section>[39m
        [36m</div>[39m
      [36m</header>[39m
      [36m<section[39m
        [33mclass[39m=[32m"flex flex-col items-center gap-4 w-full"[39m
      [36m>[39m
        [36m<h2[39m
          [33mclass[39m=[32m"text-xl font-bold"[39m
        [36m>[39m
          [0mhome.getStarted[0m
        [36m</h2>[39m
        [36m<div[39m
          [33mclass[39m=[32m"grid gap-4 md:grid-cols-2 w-full"[39m
        [36m>[39m
          [36m<a[39m
            [33mclass[39m=[32m"border rounded-lg p-5 hover:bg-gray-100 dark:hover:bg-gray-800 transition-colors text-left"[39m
            [33mdata-discover[39m=[32m"true"[39m
            [33mhref[39m=[32m"/postal-codes"[39m
          [36m>[39m
            [36m<h3[39m
              [33mclass[39m=[32m"text-lg font-bold mb-1"[39m
            [36m>[39m
              [0mhome.card.postalCodes.title[0m
            [36m</h3>[39m
            [36m<p>[39m
              [0mhome.card.postalCodes.description[0m
            [36m</p>[39m
          [36m</a>[39m
          [36m<a[39m
            [33mclass[39m=[32m"border rounded-lg p-5 hover:bg-gray-100 dark:hover:bg-gray-800 transition-colors text-left"[39m
            [33mdata-discover[39m=[32m"true"[39m
            [33mhref[39m=[32m"/api-docs"[39m
          [36m>[39m
            [36m<h3[39m
              [33mclass[39m=[32m"text-lg font-bold mb-1"[39m
            [36m>[39m
              [0mhome.card.restApi.title[0m
            [36m</h3>[39m
            [36m<p>[39m
              [0mhome.card.restApi.description[0m
            [36m</p>[39m
          [36m</a>[39m
        [36m</div>[39m
      [36m</section>[39m
    [36m</div>[39m
  [36m</div>[39m
[36m</body>[39m

Ignored nodes: comments, script, style
[36m<body>[39m
  [36m<div>[39m
    [36m<div[39m
      [33mclass[39m=[32m"w-full mx-auto px-4 sm:px-6 lg:px-8 max-w-5xl flex flex-col items-center gap-10 py-8 dark:text-gray-100"[39m
    [36m>[39m
      [36m<header[39m
        [33mclass[39m=[32m"flex flex-col items-center gap-6 w-full"[39m
      [36m>[39m
        [36m<h1[39m
          [33mclass[39m=[32m"text-3xl font-bold"[39m
        [36m>[39m
          [0mhome.heading[0m
        [36m</h1>[39m
        [36m<section[39m
          [33mclass[39m=[32m"w-full text-left"[39m
        [36m>[39m
          [36m<p>[39m
            [0mhome.description1[0m
          [36m</p>[39m
          [36m<p[39m
            [33mclass[39m=[32m"mt-2"[39m
          [36m>[39m
            [0mhome.description2[0m
          [36m</p>[39m
        [36m</section>[39m
        [36m<div[39m
          [33mclass[39m=[32m"grid gap-6 md:grid-cols-2 w-full"[39m
        [36m>[39m
          [36m<section[39m
            [33mclass[39m=[32m"text-left"[39m
          [36m>[39m
            [36m<h2[39m
              [33mclass[39m=[32m"text-xl font-bold text-center mb-2"[39m
            [36m>[39m
              [0mhome.availableData[0m
            [36m</h2>[39m
            [36m<ul>[39m
              [36m<li>[39m
                [0mhome.availableDataPostalCodes[0m
              [36m</li>[39m
            [36m</ul>[39m
            [36m<h2[39m
              [33mclass[39m=[32m"text-xl font-bold text-center mt-4 mb-2"[39m
            [36m>[39m
              [0mhome.plannedData[0m
            [36m</h2>[39m
            [36m<ul>[39m
              [36m<li>[39m
                [0mhome.plannedDataUniversities[0m
              [36m</li>[39m
            [36m</ul>[39m
          [36m</section>[39m
          [36m<section[39m
            [33mclass[39m=[32m"text-left"[39m
          [36m>[39m
            [36m<h2[39m
              [33mclass[39m=[32m"text-xl font-bold mb-2"[39m
            [36m>[39m
              [0mhome.contributing[0m
            [36m</h2>[39m
            [36m<p>[39m
              [0mhome.contributingReadmePrefix[0m
              [0m [0m
              [36m<a[39m
                [33mhref[39m=[32m"https://github.com/goran1010/bosnia-lens/blob/main/CONTRIBUTING.md"[39m
              [36m>[39m
                [0mCONTRIBUTING.md[0m
              [36m</a>[39m
              [0m [0m
              [0mhome.contributingReadmeSuffix[0m
            [36m</p>[39m
            [36m<p[39m
              [33mclass[39m=[32m"mt-2"[39m
            [36m>[39m
              [0mhome.contributingWelcome[0m
            [36m</p>[39m
          [36m</section>[39m
        [36m</div>[39m
      [36m</header>[39m
      [36m<section[39m
        [33mclass[39m=[32m"flex flex-col items-center gap-4 w-full"[39m
      [36m>[39m
        [36m<h2[39m
          [33mclass[39m=[32m"text-xl font-bold"[39m
        [36m>[39m
          [0mhome.getStarted[0m
        [36m</h2>[39m
        [36m<div[39m
          [33mclass[39m=[32m"grid gap-4 md:grid-cols-2 w-full"[39m
        [36m>[39m
          [36m<a[39m
            [33mclass[39m=[32m"border rounded-lg p-5 hover:bg-gray-100 dark:hover:bg-gray-800 transition-colors text-left"[39m
            [33mdata-discover[39m=[32m"true"[39m
            [33mhref[39m=[32m"/postal-codes"[39m
          [36m>[39m
            [36m<h3[39m
              [33mclass[39m=[32m"text-lg font-bold mb-1"[39m
            [36m>[39m
              [0mhome.card.postalCodes.title[0m
            [36m</h3>[39m
            [36m<p>[39m
              [0mhome.card.postalCodes.description[0m
            [36m</p>[39m
          [36m</a>[39m
          [36m<a[39m
            [33mclass[39m=[32m"border rounded-lg p-5 hover:bg-gray-100 dark:hover:bg-gray-800 transition-colors text-left"[39m
            [33mdata-discover[39m=[32m"true"[39m
            [33mhref[39m=[32m"/api-docs"[39m
          [36m>[39m
            [36m<h3[39m
              [33mclass[39m=[32m"text-lg font-bold mb-1"[39m
            [36m>[39m
              [0mhome.card.restApi.title[0m
            [36m</h3>[39m
            [36m<p>[39m
              [0mhome.card.restApi.description[0m
            [36m</p>[39m
          [36m</a>[39m
        [36m</div>[39m
      [36m</section>[39m
    [36m</div>[39m
  [36m</div>[39m
[36m</body>[39m
[90m [2m❯[22m waitForWrapper node_modules/@testing-library/dom/dist/wait-for.js:[2m163:27[22m[39m
[90m [2m❯[22m node_modules/@testing-library/dom/dist/query-helpers.js:[2m86:33[22m[39m
[36m [2m❯[22m __tests__/components/Home/Home.test.jsx:[2m53:38[22m[39m
    [90m 51|[39m       [33m<[39m[33m/[39m[33mMemoryRouter[39m[33m>[39m[33m,[39m
    [90m 52|[39m     )[33m;[39m
    [90m 53|[39m     [35mconst[39m linkElement [33m=[39m [35mawait[39m screen[33m.[39m[34mfindByRole[39m([32m"heading"[39m[33m,[39m {
    [90m   |[39m                                      [31m^[39m
    [90m 54|[39m       name[33m:[39m [36m/Get started/i[39m[33m,[39m
    [90m 55|[39m       level[33m:[39m [34m2[39m[33m,[39m

[31m[2m⎯⎯⎯⎯⎯⎯⎯⎯⎯⎯⎯⎯⎯⎯⎯⎯⎯⎯⎯⎯⎯⎯[18/61]⎯[22m[39m

[41m[1m FAIL [22m[49m __tests__/components/Home/Home.test.jsx[2m > [22mHome component[2m > [22mrender get started section with links
[31m[1mTestingLibraryElementError[22m[39m: Unable to find role="link" and name `/REST API/i`

Ignored nodes: comments, script, style
[36m<body>[39m
  [36m<div>[39m
    [36m<div[39m
      [33mclass[39m=[32m"w-full mx-auto px-4 sm:px-6 lg:px-8 max-w-5xl flex flex-col items-center gap-10 py-8 dark:text-gray-100"[39m
    [36m>[39m
      [36m<header[39m
        [33mclass[39m=[32m"flex flex-col items-center gap-6 w-full"[39m
      [36m>[39m
        [36m<h1[39m
          [33mclass[39m=[32m"text-3xl font-bold"[39m
        [36m>[39m
          [0mhome.heading[0m
        [36m</h1>[39m
        [36m<section[39m
          [33mclass[39m=[32m"w-full text-left"[39m
        [36m>[39m
          [36m<p>[39m
            [0mhome.description1[0m
          [36m</p>[39m
          [36m<p[39m
            [33mclass[39m=[32m"mt-2"[39m
          [36m>[39m
            [0mhome.description2[0m
          [36m</p>[39m
        [36m</section>[39m
        [36m<div[39m
          [33mclass[39m=[32m"grid gap-6 md:grid-cols-2 w-full"[39m
        [36m>[39m
          [36m<section[39m
            [33mclass[39m=[32m"text-left"[39m
          [36m>[39m
            [36m<h2[39m
              [33mclass[39m=[32m"text-xl font-bold text-center mb-2"[39m
            [36m>[39m
              [0mhome.availableData[0m
            [36m</h2>[39m
            [36m<ul>[39m
              [36m<li>[39m
                [0mhome.availableDataPostalCodes[0m
              [36m</li>[39m
            [36m</ul>[39m
            [36m<h2[39m
              [33mclass[39m=[32m"text-xl font-bold text-center mt-4 mb-2"[39m
            [36m>[39m
              [0mhome.plannedData[0m
            [36m</h2>[39m
            [36m<ul>[39m
              [36m<li>[39m
                [0mhome.plannedDataUniversities[0m
              [36m</li>[39m
            [36m</ul>[39m
          [36m</section>[39m
          [36m<section[39m
            [33mclass[39m=[32m"text-left"[39m
          [36m>[39m
            [36m<h2[39m
              [33mclass[39m=[32m"text-xl font-bold mb-2"[39m
            [36m>[39m
              [0mhome.contributing[0m
            [36m</h2>[39m
            [36m<p>[39m
              [0mhome.contributingReadmePrefix[0m
              [0m [0m
              [36m<a[39m
                [33mhref[39m=[32m"https://github.com/goran1010/bosnia-lens/blob/main/CONTRIBUTING.md"[39m
              [36m>[39m
                [0mCONTRIBUTING.md[0m
              [36m</a>[39m
              [0m [0m
              [0mhome.contributingReadmeSuffix[0m
            [36m</p>[39m
            [36m<p[39m
              [33mclass[39m=[32m"mt-2"[39m
            [36m>[39m
              [0mhome.contributingWelcome[0m
            [36m</p>[39m
          [36m</section>[39m
        [36m</div>[39m
      [36m</header>[39m
      [36m<section[39m
        [33mclass[39m=[32m"flex flex-col items-center gap-4 w-full"[39m
      [36m>[39m
        [36m<h2[39m
          [33mclass[39m=[32m"text-xl font-bold"[39m
        [36m>[39m
          [0mhome.getStarted[0m
        [36m</h2>[39m
        [36m<div[39m
          [33mclass[39m=[32m"grid gap-4 md:grid-cols-2 w-full"[39m
        [36m>[39m
          [36m<a[39m
            [33mclass[39m=[32m"border rounded-lg p-5 hover:bg-gray-100 dark:hover:bg-gray-800 transition-colors text-left"[39m
            [33mdata-discover[39m=[32m"true"[39m
            [33mhref[39m=[32m"/postal-codes"[39m
          [36m>[39m
            [36m<h3[39m
              [33mclass[39m=[32m"text-lg font-bold mb-1"[39m
            [36m>[39m
              [0mhome.card.postalCodes.title[0m
            [36m</h3>[39m
            [36m<p>[39m
              [0mhome.card.postalCodes.description[0m
            [36m</p>[39m
          [36m</a>[39m
          [36m<a[39m
            [33mclass[39m=[32m"border rounded-lg p-5 hover:bg-gray-100 dark:hover:bg-gray-800 transition-colors text-left"[39m
            [33mdata-discover[39m=[32m"true"[39m
            [33mhref[39m=[32m"/api-docs"[39m
          [36m>[39m
            [36m<h3[39m
              [33mclass[39m=[32m"text-lg font-bold mb-1"[39m
            [36m>[39m
              [0mhome.card.restApi.title[0m
            [36m</h3>[39m
            [36m<p>[39m
              [0mhome.card.restApi.description[0m
            [36m</p>[39m
          [36m</a>[39m
        [36m</div>[39m
      [36m</section>[39m
    [36m</div>[39m
  [36m</div>[39m
[36m</body>[39m

Ignored nodes: comments, script, style
[36m<body>[39m
  [36m<div>[39m
    [36m<div[39m
      [33mclass[39m=[32m"w-full mx-auto px-4 sm:px-6 lg:px-8 max-w-5xl flex flex-col items-center gap-10 py-8 dark:text-gray-100"[39m
    [36m>[39m
      [36m<header[39m
        [33mclass[39m=[32m"flex flex-col items-center gap-6 w-full"[39m
      [36m>[39m
        [36m<h1[39m
          [33mclass[39m=[32m"text-3xl font-bold"[39m
        [36m>[39m
          [0mhome.heading[0m
        [36m</h1>[39m
        [36m<section[39m
          [33mclass[39m=[32m"w-full text-left"[39m
        [36m>[39m
          [36m<p>[39m
            [0mhome.description1[0m
          [36m</p>[39m
          [36m<p[39m
            [33mclass[39m=[32m"mt-2"[39m
          [36m>[39m
            [0mhome.description2[0m
          [36m</p>[39m
        [36m</section>[39m
        [36m<div[39m
          [33mclass[39m=[32m"grid gap-6 md:grid-cols-2 w-full"[39m
        [36m>[39m
          [36m<section[39m
            [33mclass[39m=[32m"text-left"[39m
          [36m>[39m
            [36m<h2[39m
              [33mclass[39m=[32m"text-xl font-bold text-center mb-2"[39m
            [36m>[39m
              [0mhome.availableData[0m
            [36m</h2>[39m
            [36m<ul>[39m
              [36m<li>[39m
                [0mhome.availableDataPostalCodes[0m
              [36m</li>[39m
            [36m</ul>[39m
            [36m<h2[39m
              [33mclass[39m=[32m"text-xl font-bold text-center mt-4 mb-2"[39m
            [36m>[39m
              [0mhome.plannedData[0m
            [36m</h2>[39m
            [36m<ul>[39m
              [36m<li>[39m
                [0mhome.plannedDataUniversities[0m
              [36m</li>[39m
            [36m</ul>[39m
          [36m</section>[39m
          [36m<section[39m
            [33mclass[39m=[32m"text-left"[39m
          [36m>[39m
            [36m<h2[39m
              [33mclass[39m=[32m"text-xl font-bold mb-2"[39m
            [36m>[39m
              [0mhome.contributing[0m
            [36m</h2>[39m
            [36m<p>[39m
              [0mhome.contributingReadmePrefix[0m
              [0m [0m
              [36m<a[39m
                [33mhref[39m=[32m"https://github.com/goran1010/bosnia-lens/blob/main/CONTRIBUTING.md"[39m
              [36m>[39m
                [0mCONTRIBUTING.md[0m
              [36m</a>[39m
              [0m [0m
              [0mhome.contributingReadmeSuffix[0m
            [36m</p>[39m
            [36m<p[39m
              [33mclass[39m=[32m"mt-2"[39m
            [36m>[39m
              [0mhome.contributingWelcome[0m
            [36m</p>[39m
          [36m</section>[39m
        [36m</div>[39m
      [36m</header>[39m
      [36m<section[39m
        [33mclass[39m=[32m"flex flex-col items-center gap-4 w-full"[39m
      [36m>[39m
        [36m<h2[39m
          [33mclass[39m=[32m"text-xl font-bold"[39m
        [36m>[39m
          [0mhome.getStarted[0m
        [36m</h2>[39m
        [36m<div[39m
          [33mclass[39m=[32m"grid gap-4 md:grid-cols-2 w-full"[39m
        [36m>[39m
          [36m<a[39m
            [33mclass[39m=[32m"border rounded-lg p-5 hover:bg-gray-100 dark:hover:bg-gray-800 transition-colors text-left"[39m
            [33mdata-discover[39m=[32m"true"[39m
            [33mhref[39m=[32m"/postal-codes"[39m
          [36m>[39m
            [36m<h3[39m
              [33mclass[39m=[32m"text-lg font-bold mb-1"[39m
            [36m>[39m
              [0mhome.card.postalCodes.title[0m
            [36m</h3>[39m
            [36m<p>[39m
              [0mhome.card.postalCodes.description[0m
            [36m</p>[39m
          [36m</a>[39m
          [36m<a[39m
            [33mclass[39m=[32m"border rounded-lg p-5 hover:bg-gray-100 dark:hover:bg-gray-800 transition-colors text-left"[39m
            [33mdata-discover[39m=[32m"true"[39m
            [33mhref[39m=[32m"/api-docs"[39m
          [36m>[39m
            [36m<h3[39m
              [33mclass[39m=[32m"text-lg font-bold mb-1"[39m
            [36m>[39m
              [0mhome.card.restApi.title[0m
            [36m</h3>[39m
            [36m<p>[39m
              [0mhome.card.restApi.description[0m
            [36m</p>[39m
          [36m</a>[39m
        [36m</div>[39m
      [36m</section>[39m
    [36m</div>[39m
  [36m</div>[39m
[36m</body>[39m
[90m [2m❯[22m waitForWrapper node_modules/@testing-library/dom/dist/wait-for.js:[2m163:27[22m[39m
[90m [2m❯[22m node_modules/@testing-library/dom/dist/query-helpers.js:[2m86:33[22m[39m
[36m [2m❯[22m __tests__/components/Home/Home.test.jsx:[2m66:38[22m[39m
    [90m 64|[39m       [33m<[39m[33m/[39m[33mMemoryRouter[39m[33m>[39m[33m,[39m
    [90m 65|[39m     )[33m;[39m
    [90m 66|[39m     [35mconst[39m linkElement [33m=[39m [35mawait[39m screen[33m.[39m[34mfindByRole[39m([32m"link"[39m[33m,[39m {
    [90m   |[39m                                      [31m^[39m
    [90m 67|[39m       name[33m:[39m [36m/REST API/i[39m[33m,[39m
    [90m 68|[39m     })[33m;[39m

[31m[2m⎯⎯⎯⎯⎯⎯⎯⎯⎯⎯⎯⎯⎯⎯⎯⎯⎯⎯⎯⎯⎯⎯[19/61]⎯[22m[39m

[41m[1m FAIL [22m[49m __tests__/components/Navbar/Navbar.test.jsx[2m > [22mrender Navbar mobile menu[2m > [22mopens mobile menu for ADMIN role
[31m[1mTestingLibraryElementError[22m[39m: Unable to find role="button" and name `/Toggle navigation menu/i`

Ignored nodes: comments, script, style
[36m<body>[39m
  [36m<div>[39m
    [36m<nav[39m
      [33mclass[39m=[32m"nav-shell z-40 px-3 py-1 w-full font-bold grid grid-cols-3 lg:flex lg:justify-between items-center gap-2 lg:gap-3 transition transform
     sticky top-0 left-0 shadow-md"[39m
    [36m>[39m
      [36m<div[39m
        [33mclass[39m=[32m"relative"[39m
      [36m>[39m
        [36m<button[39m
          [33maria-controls[39m=[32m"theme-menu"[39m
          [33maria-expanded[39m=[32m"false"[39m
          [33maria-label[39m=[32m"nav.toggleThemeAria"[39m
          [33mclass[39m=[32m"btn-surface min-w-20
        w-full relative inline-flex items-center justify-center rounded-md p-2 text-sm transition transform hover:cursor-pointer
        disabled:cursor-not-allowed
         "[39m
          [33mid[39m=[32m"theme-switcher"[39m
        [36m>[39m
          [0mnav.theme[0m
        [36m</button>[39m
      [36m</div>[39m
      [36m<div[39m
        [33mclass[39m=[32m"flex lg:hidden justify-center items-center py-2"[39m
      [36m>[39m
        [36m<button[39m
          [33maria-controls[39m=[32m"mobile-menu"[39m
          [33maria-expanded[39m=[32m"false"[39m
          [33maria-label[39m=[32m"nav.toggleMenuAria"[39m
          [33mclass[39m=[32m"btn-surface min-w-20
        w-full relative inline-flex items-center justify-center rounded-md p-2 text-sm transition transform hover:cursor-pointer
        disabled:cursor-not-allowed
         "[39m
          [33mid[39m=[32m"mobile-menu-toggle"[39m
          [33mtype[39m=[32m"button"[39m
        [36m>[39m
          [0mnav.menu[0m
        [36m</button>[39m
      [36m</div>[39m
      [36m<div[39m
        [33mclass[39m=[32m"hidden lg:flex justify-between items-center"[39m
      [36m>[39m
        [36m<ul[39m
          [33mclass[39m=[32m"flex items-center gap-1"[39m
        [36m>[39m
          [36m<li>[39m
            [36m<a[39m
              [33mclass[39m=[32m"menu-item block py-3 px-2"[39m
              [33mdata-discover[39m=[32m"true"[39m
              [33mhref[39m=[32m"/"[39m
            [36m>[39m
              [0mnav.home[0m
            [36m</a>[39m
          [36m</li>[39m
          [36m<li>[39m
            [36m<a[39m
              [33mclass[39m=[32m"menu-item block py-3 px-2"[39m
              [33mdata-discover[39m=[32m"true"[39m
              [33mhref[39m=[32m"/api-docs"[39m
            [36m>[39m
              [0mnav.apiDocs[0m
            [36m</a>[39m
          [36m</li>[39m
          [36m<li>[39m
            [36m<a[39m
              [33mclass[39m=[32m"menu-item block py-3 px-2 text-nowrap"[39m
              [33mdata-discover[39m=[32m"true"[39m
              [33mhref[39m=[32m"/postal-codes"[39m
            [36m>[39m
              [0mnav.postalCodes[0m
            [36m</a>[39m
          [36m</li>[39m
          [36m<li>[39m
            [36m<a[39m
              [33mclass[39m=[32m"menu-item block py-3 px-2"[39m
              [33mdata-discover[39m=[32m"true"[39m
              [33mhref[39m=[32m"/universities"[39m
            [36m>[39m
              [0mnav.universities[0m
            [36m</a>[39m
          [36m</li>[39m
          [36m<li>[39m
            [36m<a[39m
              [33mclass[39m=[32m"menu-item block py-3 px-2"[39m
              [33mdata-discover[39m=[32m"true"[39m
              [33mhref[39m=[32m"/contribution-dashboard"[39m
            [36m>[39m
              [0mnav.contribute[0m
            [36m</a>[39m
          [36m</li>[39m
          [36m<li>[39m
            [36m<a[39m
              [33mclass[39m=[32m"menu-item block py-3 px-2"[39m
              [33mdata-discover[39m=[32m"true"[39m
              [33mhref[39m=[32m"/admin-dashboard"[39m
            [36m>[39m
              [0mnav.admin[0m
            [36m</a>[39m
          [36m</li>[39m
          [36m<div[39m
            [33mclass[39m=[32m"flex justify-center items-center"[39m
          [36m>[39m
            [36m<div[39m
              [33mclass[39m=[32m"flex items-center justify-center"[39m
            [36m>[39m
              [36m<a[39m
                [33mclass[39m=[32m"menu-item block py-3 px-4 cursor-pointer rounded-lg lg:px-2"[39m
                [33mdata-discover[39m=[32m"true"[39m
                [33mhref[39m=[32m"/profile"[39m
              [36m>[39m
                [0mnav.profile[0m
              [36m</a>[39m
            [36m</div>[39m
          [36m</div>[39m
        [36m</ul>[39m
      [36m</div>[39m
      [36m<div[39m
        [33mclass[39m=[32m"relative"[39m
      [36m>[39m
        [36m<button[39m
          [33maria-controls[39m=[32m"language-menu"[39m
          [33maria-expanded[39m=[32m"false"[39m
          [33maria-label[39m=[32m"language.switchAria"[39m
          [33mclass[39m=[32m"btn-surface min-w-20
        w-full relative inline-flex items-center justify-center rounded-md p-2 text-sm transition transform hover:cursor-pointer
        disabled:cursor-not-allowed
         "[39m
          [33mid[39m=[32m"language-switcher"[39m
        [36m>[39m
          [0mnav.language[0m
        [36m</button>[39m
      [36m</div>[39m
    [36m</nav>[39m
  [36m</div>[39m
[36m</body>[39m

Ignored nodes: comments, script, style
[36m<body>[39m
  [36m<div>[39m
    [36m<nav[39m
      [33mclass[39m=[32m"nav-shell z-40 px-3 py-1 w-full font-bold grid grid-cols-3 lg:flex lg:justify-between items-center gap-2 lg:gap-3 transition transform
     sticky top-0 left-0 shadow-md"[39m
    [36m>[39m
      [36m<div[39m
        [33mclass[39m=[32m"relative"[39m
      [36m>[39m
        [36m<button[39m
          [33maria-controls[39m=[32m"theme-menu"[39m
          [33maria-expanded[39m=[32m"false"[39m
          [33maria-label[39m=[32m"nav.toggleThemeAria"[39m
          [33mclass[39m=[32m"btn-surface min-w-20
        w-full relative inline-flex items-center justify-center rounded-md p-2 text-sm transition transform hover:cursor-pointer
        disabled:cursor-not-allowed
         "[39m
          [33mid[39m=[32m"theme-switcher"[39m
        [36m>[39m
          [0mnav.theme[0m
        [36m</button>[39m
      [36m</div>[39m
      [36m<div[39m
        [33mclass[39m=[32m"flex lg:hidden justify-center items-center py-2"[39m
      [36m>[39m
        [36m<button[39m
          [33maria-controls[39m=[32m"mobile-menu"[39m
          [33maria-expanded[39m=[32m"false"[39m
          [33maria-label[39m=[32m"nav.toggleMenuAria"[39m
          [33mclass[39m=[32m"btn-surface min-w-20
        w-full relative inline-flex items-center justify-center rounded-md p-2 text-sm transition transform hover:cursor-pointer
        disabled:cursor-not-allowed
         "[39m
          [33mid[39m=[32m"mobile-menu-toggle"[39m
          [33mtype[39m=[32m"button"[39m
        [36m>[39m
          [0mnav.menu[0m
        [36m</button>[39m
      [36m</div>[39m
      [36m<div[39m
        [33mclass[39m=[32m"hidden lg:flex justify-between items-center"[39m
      [36m>[39m
        [36m<ul[39m
          [33mclass[39m=[32m"flex items-center gap-1"[39m
        [36m>[39m
          [36m<li>[39m
            [36m<a[39m
              [33mclass[39m=[32m"menu-item block py-3 px-2"[39m
              [33mdata-discover[39m=[32m"true"[39m
              [33mhref[39m=[32m"/"[39m
            [36m>[39m
              [0mnav.home[0m
            [36m</a>[39m
          [36m</li>[39m
          [36m<li>[39m
            [36m<a[39m
              [33mclass[39m=[32m"menu-item block py-3 px-2"[39m
              [33mdata-discover[39m=[32m"true"[39m
              [33mhref[39m=[32m"/api-docs"[39m
            [36m>[39m
              [0mnav.apiDocs[0m
            [36m</a>[39m
          [36m</li>[39m
          [36m<li>[39m
            [36m<a[39m
              [33mclass[39m=[32m"menu-item block py-3 px-2 text-nowrap"[39m
              [33mdata-discover[39m=[32m"true"[39m
              [33mhref[39m=[32m"/postal-codes"[39m
            [36m>[39m
              [0mnav.postalCodes[0m
            [36m</a>[39m
          [36m</li>[39m
          [36m<li>[39m
            [36m<a[39m
              [33mclass[39m=[32m"menu-item block py-3 px-2"[39m
              [33mdata-discover[39m=[32m"true"[39m
              [33mhref[39m=[32m"/universities"[39m
            [36m>[39m
              [0mnav.universities[0m
            [36m</a>[39m
          [36m</li>[39m
          [36m<li>[39m
            [36m<a[39m
              [33mclass[39m=[32m"menu-item block py-3 px-2"[39m
              [33mdata-discover[39m=[32m"true"[39m
              [33mhref[39m=[32m"/contribution-dashboard"[39m
            [36m>[39m
              [0mnav.contribute[0m
            [36m</a>[39m
          [36m</li>[39m
          [36m<li>[39m
            [36m<a[39m
              [33mclass[39m=[32m"menu-item block py-3 px-2"[39m
              [33mdata-discover[39m=[32m"true"[39m
              [33mhref[39m=[32m"/admin-dashboard"[39m
            [36m>[39m
              [0mnav.admin[0m
            [36m</a>[39m
          [36m</li>[39m
          [36m<div[39m
            [33mclass[39m=[32m"flex justify-center items-center"[39m
          [36m>[39m
            [36m<div[39m
              [33mclass[39m=[32m"flex items-center justify-center"[39m
            [36m>[39m
              [36m<a[39m
                [33mclass[39m=[32m"menu-item block py-3 px-4 cursor-pointer rounded-lg lg:px-2"[39m
                [33mdata-discover[39m=[32m"true"[39m
                [33mhref[39m=[32m"/profile"[39m
              [36m>[39m
                [0mnav.profile[0m
              [36m</a>[39m
            [36m</div>[39m
          [36m</div>[39m
        [36m</ul>[39m
      [36m</div>[39m
      [36m<div[39m
        [33mclass[39m=[32m"relative"[39m
      [36m>[39m
        [36m<button[39m
          [33maria-controls[39m=[32m"language-menu"[39m
          [33maria-expanded[39m=[32m"false"[39m
          [33maria-label[39m=[32m"language.switchAria"[39m
          [33mclass[39m=[32m"btn-surface min-w-20
        w-full relative inline-flex items-center justify-center rounded-md p-2 text-sm transition transform hover:cursor-pointer
        disabled:cursor-not-allowed
         "[39m
          [33mid[39m=[32m"language-switcher"[39m
        [36m>[39m
          [0mnav.language[0m
        [36m</button>[39m
      [36m</div>[39m
    [36m</nav>[39m
  [36m</div>[39m
[36m</body>[39m
[90m [2m❯[22m waitForWrapper node_modules/@testing-library/dom/dist/wait-for.js:[2m163:27[22m[39m
[90m [2m❯[22m node_modules/@testing-library/dom/dist/query-helpers.js:[2m86:33[22m[39m
[36m [2m❯[22m openMobileMenu __tests__/components/Navbar/Navbar.test.jsx:[2m38:35[22m[39m
    [90m 36|[39m
    [90m 37|[39m [35masync[39m [35mfunction[39m [34mopenMobileMenu[39m() {
    [90m 38|[39m   [35mconst[39m menuButton [33m=[39m [35mawait[39m screen[33m.[39m[34mfindByRole[39m([32m"button"[39m[33m,[39m {
    [90m   |[39m                                   [31m^[39m
    [90m 39|[39m     name[33m:[39m [36m/Toggle navigation menu/i[39m[33m,[39m
    [90m 40|[39m   })[33m;[39m
[90m [2m❯[22m __tests__/components/Navbar/Navbar.test.jsx:[2m128:48[22m[39m

[31m[2m⎯⎯⎯⎯⎯⎯⎯⎯⎯⎯⎯⎯⎯⎯⎯⎯⎯⎯⎯⎯⎯⎯[20/61]⎯[22m[39m

[41m[1m FAIL [22m[49m __tests__/components/Navbar/Navbar.test.jsx[2m > [22mrender Navbar mobile menu[2m > [22mopens mobile menu for CONTRIBUTOR role
[31m[1mTestingLibraryElementError[22m[39m: Unable to find role="button" and name `/Toggle navigation menu/i`

Ignored nodes: comments, script, style
[36m<body>[39m
  [36m<div>[39m
    [36m<nav[39m
      [33mclass[39m=[32m"nav-shell z-40 px-3 py-1 w-full font-bold grid grid-cols-3 lg:flex lg:justify-between items-center gap-2 lg:gap-3 transition transform
     sticky top-0 left-0 shadow-md"[39m
    [36m>[39m
      [36m<div[39m
        [33mclass[39m=[32m"relative"[39m
      [36m>[39m
        [36m<button[39m
          [33maria-controls[39m=[32m"theme-menu"[39m
          [33maria-expanded[39m=[32m"false"[39m
          [33maria-label[39m=[32m"nav.toggleThemeAria"[39m
          [33mclass[39m=[32m"btn-surface min-w-20
        w-full relative inline-flex items-center justify-center rounded-md p-2 text-sm transition transform hover:cursor-pointer
        disabled:cursor-not-allowed
         "[39m
          [33mid[39m=[32m"theme-switcher"[39m
        [36m>[39m
          [0mnav.theme[0m
        [36m</button>[39m
      [36m</div>[39m
      [36m<div[39m
        [33mclass[39m=[32m"flex lg:hidden justify-center items-center py-2"[39m
      [36m>[39m
        [36m<button[39m
          [33maria-controls[39m=[32m"mobile-menu"[39m
          [33maria-expanded[39m=[32m"false"[39m
          [33maria-label[39m=[32m"nav.toggleMenuAria"[39m
          [33mclass[39m=[32m"btn-surface min-w-20
        w-full relative inline-flex items-center justify-center rounded-md p-2 text-sm transition transform hover:cursor-pointer
        disabled:cursor-not-allowed
         "[39m
          [33mid[39m=[32m"mobile-menu-toggle"[39m
          [33mtype[39m=[32m"button"[39m
        [36m>[39m
          [0mnav.menu[0m
        [36m</button>[39m
      [36m</div>[39m
      [36m<div[39m
        [33mclass[39m=[32m"hidden lg:flex justify-between items-center"[39m
      [36m>[39m
        [36m<ul[39m
          [33mclass[39m=[32m"flex items-center gap-1"[39m
        [36m>[39m
          [36m<li>[39m
            [36m<a[39m
              [33mclass[39m=[32m"menu-item block py-3 px-2"[39m
              [33mdata-discover[39m=[32m"true"[39m
              [33mhref[39m=[32m"/"[39m
            [36m>[39m
              [0mnav.home[0m
            [36m</a>[39m
          [36m</li>[39m
          [36m<li>[39m
            [36m<a[39m
              [33mclass[39m=[32m"menu-item block py-3 px-2"[39m
              [33mdata-discover[39m=[32m"true"[39m
              [33mhref[39m=[32m"/api-docs"[39m
            [36m>[39m
              [0mnav.apiDocs[0m
            [36m</a>[39m
          [36m</li>[39m
          [36m<li>[39m
            [36m<a[39m
              [33mclass[39m=[32m"menu-item block py-3 px-2 text-nowrap"[39m
              [33mdata-discover[39m=[32m"true"[39m
              [33mhref[39m=[32m"/postal-codes"[39m
            [36m>[39m
              [0mnav.postalCodes[0m
            [36m</a>[39m
          [36m</li>[39m
          [36m<li>[39m
            [36m<a[39m
              [33mclass[39m=[32m"menu-item block py-3 px-2"[39m
              [33mdata-discover[39m=[32m"true"[39m
              [33mhref[39m=[32m"/universities"[39m
            [36m>[39m
              [0mnav.universities[0m
            [36m</a>[39m
          [36m</li>[39m
          [36m<li>[39m
            [36m<a[39m
              [33mclass[39m=[32m"menu-item block py-3 px-2"[39m
              [33mdata-discover[39m=[32m"true"[39m
              [33mhref[39m=[32m"/contribution-dashboard"[39m
            [36m>[39m
              [0mnav.contribute[0m
            [36m</a>[39m
          [36m</li>[39m
          [36m<div[39m
            [33mclass[39m=[32m"flex justify-center items-center"[39m
          [36m>[39m
            [36m<div[39m
              [33mclass[39m=[32m"flex items-center justify-center"[39m
            [36m>[39m
              [36m<a[39m
                [33mclass[39m=[32m"menu-item block py-3 px-4 cursor-pointer rounded-lg lg:px-2"[39m
                [33mdata-discover[39m=[32m"true"[39m
                [33mhref[39m=[32m"/profile"[39m
              [36m>[39m
                [0mnav.profile[0m
              [36m</a>[39m
            [36m</div>[39m
          [36m</div>[39m
        [36m</ul>[39m
      [36m</div>[39m
      [36m<div[39m
        [33mclass[39m=[32m"relative"[39m
      [36m>[39m
        [36m<button[39m
          [33maria-controls[39m=[32m"language-menu"[39m
          [33maria-expanded[39m=[32m"false"[39m
          [33maria-label[39m=[32m"language.switchAria"[39m
          [33mclass[39m=[32m"btn-surface min-w-20
        w-full relative inline-flex items-center justify-center rounded-md p-2 text-sm transition transform hover:cursor-pointer
        disabled:cursor-not-allowed
         "[39m
          [33mid[39m=[32m"language-switcher"[39m
        [36m>[39m
          [0mnav.language[0m
        [36m</button>[39m
      [36m</div>[39m
    [36m</nav>[39m
  [36m</div>[39m
[36m</body>[39m

Ignored nodes: comments, script, style
[36m<body>[39m
  [36m<div>[39m
    [36m<nav[39m
      [33mclass[39m=[32m"nav-shell z-40 px-3 py-1 w-full font-bold grid grid-cols-3 lg:flex lg:justify-between items-center gap-2 lg:gap-3 transition transform
     sticky top-0 left-0 shadow-md"[39m
    [36m>[39m
      [36m<div[39m
        [33mclass[39m=[32m"relative"[39m
      [36m>[39m
        [36m<button[39m
          [33maria-controls[39m=[32m"theme-menu"[39m
          [33maria-expanded[39m=[32m"false"[39m
          [33maria-label[39m=[32m"nav.toggleThemeAria"[39m
          [33mclass[39m=[32m"btn-surface min-w-20
        w-full relative inline-flex items-center justify-center rounded-md p-2 text-sm transition transform hover:cursor-pointer
        disabled:cursor-not-allowed
         "[39m
          [33mid[39m=[32m"theme-switcher"[39m
        [36m>[39m
          [0mnav.theme[0m
        [36m</button>[39m
      [36m</div>[39m
      [36m<div[39m
        [33mclass[39m=[32m"flex lg:hidden justify-center items-center py-2"[39m
      [36m>[39m
        [36m<button[39m
          [33maria-controls[39m=[32m"mobile-menu"[39m
          [33maria-expanded[39m=[32m"false"[39m
          [33maria-label[39m=[32m"nav.toggleMenuAria"[39m
          [33mclass[39m=[32m"btn-surface min-w-20
        w-full relative inline-flex items-center justify-center rounded-md p-2 text-sm transition transform hover:cursor-pointer
        disabled:cursor-not-allowed
         "[39m
          [33mid[39m=[32m"mobile-menu-toggle"[39m
          [33mtype[39m=[32m"button"[39m
        [36m>[39m
          [0mnav.menu[0m
        [36m</button>[39m
      [36m</div>[39m
      [36m<div[39m
        [33mclass[39m=[32m"hidden lg:flex justify-between items-center"[39m
      [36m>[39m
        [36m<ul[39m
          [33mclass[39m=[32m"flex items-center gap-1"[39m
        [36m>[39m
          [36m<li>[39m
            [36m<a[39m
              [33mclass[39m=[32m"menu-item block py-3 px-2"[39m
              [33mdata-discover[39m=[32m"true"[39m
              [33mhref[39m=[32m"/"[39m
            [36m>[39m
              [0mnav.home[0m
            [36m</a>[39m
          [36m</li>[39m
          [36m<li>[39m
            [36m<a[39m
              [33mclass[39m=[32m"menu-item block py-3 px-2"[39m
              [33mdata-discover[39m=[32m"true"[39m
              [33mhref[39m=[32m"/api-docs"[39m
            [36m>[39m
              [0mnav.apiDocs[0m
            [36m</a>[39m
          [36m</li>[39m
          [36m<li>[39m
            [36m<a[39m
              [33mclass[39m=[32m"menu-item block py-3 px-2 text-nowrap"[39m
              [33mdata-discover[39m=[32m"true"[39m
              [33mhref[39m=[32m"/postal-codes"[39m
            [36m>[39m
              [0mnav.postalCodes[0m
            [36m</a>[39m
          [36m</li>[39m
          [36m<li>[39m
            [36m<a[39m
              [33mclass[39m=[32m"menu-item block py-3 px-2"[39m
              [33mdata-discover[39m=[32m"true"[39m
              [33mhref[39m=[32m"/universities"[39m
            [36m>[39m
              [0mnav.universities[0m
            [36m</a>[39m
          [36m</li>[39m
          [36m<li>[39m
            [36m<a[39m
              [33mclass[39m=[32m"menu-item block py-3 px-2"[39m
              [33mdata-discover[39m=[32m"true"[39m
              [33mhref[39m=[32m"/contribution-dashboard"[39m
            [36m>[39m
              [0mnav.contribute[0m
            [36m</a>[39m
          [36m</li>[39m
          [36m<div[39m
            [33mclass[39m=[32m"flex justify-center items-center"[39m
          [36m>[39m
            [36m<div[39m
              [33mclass[39m=[32m"flex items-center justify-center"[39m
            [36m>[39m
              [36m<a[39m
                [33mclass[39m=[32m"menu-item block py-3 px-4 cursor-pointer rounded-lg lg:px-2"[39m
                [33mdata-discover[39m=[32m"true"[39m
                [33mhref[39m=[32m"/profile"[39m
              [36m>[39m
                [0mnav.profile[0m
              [36m</a>[39m
            [36m</div>[39m
          [36m</div>[39m
        [36m</ul>[39m
      [36m</div>[39m
      [36m<div[39m
        [33mclass[39m=[32m"relative"[39m
      [36m>[39m
        [36m<button[39m
          [33maria-controls[39m=[32m"language-menu"[39m
          [33maria-expanded[39m=[32m"false"[39m
          [33maria-label[39m=[32m"language.switchAria"[39m
          [33mclass[39m=[32m"btn-surface min-w-20
        w-full relative inline-flex items-center justify-center rounded-md p-2 text-sm transition transform hover:cursor-pointer
        disabled:cursor-not-allowed
         "[39m
          [33mid[39m=[32m"language-switcher"[39m
        [36m>[39m
          [0mnav.language[0m
        [36m</button>[39m
      [36m</div>[39m
    [36m</nav>[39m
  [36m</div>[39m
[36m</body>[39m
[90m [2m❯[22m waitForWrapper node_modules/@testing-library/dom/dist/wait-for.js:[2m163:27[22m[39m
[90m [2m❯[22m node_modules/@testing-library/dom/dist/query-helpers.js:[2m86:33[22m[39m
[36m [2m❯[22m openMobileMenu __tests__/components/Navbar/Navbar.test.jsx:[2m38:35[22m[39m
    [90m 36|[39m
    [90m 37|[39m [35masync[39m [35mfunction[39m [34mopenMobileMenu[39m() {
    [90m 38|[39m   [35mconst[39m menuButton [33m=[39m [35mawait[39m screen[33m.[39m[34mfindByRole[39m([32m"button"[39m[33m,[39m {
    [90m   |[39m                                   [31m^[39m
    [90m 39|[39m     name[33m:[39m [36m/Toggle navigation menu/i[39m[33m,[39m
    [90m 40|[39m   })[33m;[39m
[90m [2m❯[22m __tests__/components/Navbar/Navbar.test.jsx:[2m128:48[22m[39m

[31m[2m⎯⎯⎯⎯⎯⎯⎯⎯⎯⎯⎯⎯⎯⎯⎯⎯⎯⎯⎯⎯⎯⎯[21/61]⎯[22m[39m

[41m[1m FAIL [22m[49m __tests__/components/Navbar/Navbar.test.jsx[2m > [22mrender Menu based on viewport size[2m > [22mMenu has the appropriate css
[31m[1mTestingLibraryElementError[22m[39m: Unable to find an accessible element with the role "link" and name `/Postal Codes/i`

Here are the accessible roles:

  navigation:

  Name "":
  [36m<nav[39m
    [33mclass[39m=[32m"nav-shell z-40 px-3 py-1 w-full font-bold grid grid-cols-3 lg:flex lg:justify-between items-center gap-2 lg:gap-3 transition transform
       sticky top-0 left-0 shadow-md"[39m
  [36m/>[39m

  --------------------------------------------------
  button:

  Name "nav.toggleThemeAria":
  [36m<button[39m
    [33maria-controls[39m=[32m"theme-menu"[39m
    [33maria-expanded[39m=[32m"false"[39m
    [33maria-label[39m=[32m"nav.toggleThemeAria"[39m
    [33mclass[39m=[32m"btn-surface min-w-20
          w-full relative inline-flex items-center justify-center rounded-md p-2 text-sm transition transform hover:cursor-pointer
          disabled:cursor-not-allowed
           "[39m
    [33mid[39m=[32m"theme-switcher"[39m
  [36m/>[39m

  Name "nav.toggleMenuAria":
  [36m<button[39m
    [33maria-controls[39m=[32m"mobile-menu"[39m
    [33maria-expanded[39m=[32m"false"[39m
    [33maria-label[39m=[32m"nav.toggleMenuAria"[39m
    [33mclass[39m=[32m"btn-surface min-w-20
          w-full relative inline-flex items-center justify-center rounded-md p-2 text-sm transition transform hover:cursor-pointer
          disabled:cursor-not-allowed
           "[39m
    [33mid[39m=[32m"mobile-menu-toggle"[39m
    [33mtype[39m=[32m"button"[39m
  [36m/>[39m

  Name "language.switchAria":
  [36m<button[39m
    [33maria-controls[39m=[32m"language-menu"[39m
    [33maria-expanded[39m=[32m"false"[39m
    [33maria-label[39m=[32m"language.switchAria"[39m
    [33mclass[39m=[32m"btn-surface min-w-20
          w-full relative inline-flex items-center justify-center rounded-md p-2 text-sm transition transform hover:cursor-pointer
          disabled:cursor-not-allowed
           "[39m
    [33mid[39m=[32m"language-switcher"[39m
  [36m/>[39m

  --------------------------------------------------
  list:

  Name "":
  [36m<ul[39m
    [33mclass[39m=[32m"flex items-center gap-1"[39m
  [36m/>[39m

  --------------------------------------------------
  listitem:

  Name "":
  [36m<li />[39m

  Name "":
  [36m<li />[39m

  Name "":
  [36m<li />[39m

  Name "":
  [36m<li />[39m

  Name "":
  [36m<li />[39m

  Name "":
  [36m<li />[39m

  --------------------------------------------------
  link:

  Name "nav.home":
  [36m<a[39m
    [33mclass[39m=[32m"menu-item block py-3 px-2"[39m
    [33mdata-discover[39m=[32m"true"[39m
    [33mhref[39m=[32m"/"[39m
  [36m/>[39m

  Name "nav.apiDocs":
  [36m<a[39m
    [33mclass[39m=[32m"menu-item block py-3 px-2"[39m
    [33mdata-discover[39m=[32m"true"[39m
    [33mhref[39m=[32m"/api-docs"[39m
  [36m/>[39m

  Name "nav.postalCodes":
  [36m<a[39m
    [33mclass[39m=[32m"menu-item block py-3 px-2 text-nowrap"[39m
    [33mdata-discover[39m=[32m"true"[39m
    [33mhref[39m=[32m"/postal-codes"[39m
  [36m/>[39m

  Name "nav.universities":
  [36m<a[39m
    [33mclass[39m=[32m"menu-item block py-3 px-2"[39m
    [33mdata-discover[39m=[32m"true"[39m
    [33mhref[39m=[32m"/universities"[39m
  [36m/>[39m

  Name "nav.contribute":
  [36m<a[39m
    [33mclass[39m=[32m"menu-item block py-3 px-2"[39m
    [33mdata-discover[39m=[32m"true"[39m
    [33mhref[39m=[32m"/contribution-dashboard"[39m
  [36m/>[39m

  Name "nav.admin":
  [36m<a[39m
    [33mclass[39m=[32m"menu-item block py-3 px-2"[39m
    [33mdata-discover[39m=[32m"true"[39m
    [33mhref[39m=[32m"/admin-dashboard"[39m
  [36m/>[39m

  Name "nav.profile":
  [36m<a[39m
    [33mclass[39m=[32m"menu-item block py-3 px-4 cursor-pointer rounded-lg lg:px-2"[39m
    [33mdata-discover[39m=[32m"true"[39m
    [33mhref[39m=[32m"/profile"[39m
  [36m/>[39m

  --------------------------------------------------

Ignored nodes: comments, script, style
[36m<body>[39m
  [36m<div>[39m
    [36m<nav[39m
      [33mclass[39m=[32m"nav-shell z-40 px-3 py-1 w-full font-bold grid grid-cols-3 lg:flex lg:justify-between items-center gap-2 lg:gap-3 transition transform
     sticky top-0 left-0 shadow-md"[39m
    [36m>[39m
      [36m<div[39m
        [33mclass[39m=[32m"relative"[39m
      [36m>[39m
        [36m<button[39m
          [33maria-controls[39m=[32m"theme-menu"[39m
          [33maria-expanded[39m=[32m"false"[39m
          [33maria-label[39m=[32m"nav.toggleThemeAria"[39m
          [33mclass[39m=[32m"btn-surface min-w-20
        w-full relative inline-flex items-center justify-center rounded-md p-2 text-sm transition transform hover:cursor-pointer
        disabled:cursor-not-allowed
         "[39m
          [33mid[39m=[32m"theme-switcher"[39m
        [36m>[39m
          [0mnav.theme[0m
        [36m</button>[39m
      [36m</div>[39m
      [36m<div[39m
        [33mclass[39m=[32m"flex lg:hidden justify-center items-center py-2"[39m
      [36m>[39m
        [36m<button[39m
          [33maria-controls[39m=[32m"mobile-menu"[39m
          [33maria-expanded[39m=[32m"false"[39m
          [33maria-label[39m=[32m"nav.toggleMenuAria"[39m
          [33mclass[39m=[32m"btn-surface min-w-20
        w-full relative inline-flex items-center justify-center rounded-md p-2 text-sm transition transform hover:cursor-pointer
        disabled:cursor-not-allowed
         "[39m
          [33mid[39m=[32m"mobile-menu-toggle"[39m
          [33mtype[39m=[32m"button"[39m
        [36m>[39m
          [0mnav.menu[0m
        [36m</button>[39m
      [36m</div>[39m
      [36m<div[39m
        [33mclass[39m=[32m"hidden lg:flex justify-between items-center"[39m
      [36m>[39m
        [36m<ul[39m
          [33mclass[39m=[32m"flex items-center gap-1"[39m
        [36m>[39m
          [36m<li>[39m
            [36m<a[39m
              [33mclass[39m=[32m"menu-item block py-3 px-2"[39m
              [33mdata-discover[39m=[32m"true"[39m
              [33mhref[39m=[32m"/"[39m
            [36m>[39m
              [0mnav.home[0m
            [36m</a>[39m
          [36m</li>[39m
          [36m<li>[39m
            [36m<a[39m
              [33mclass[39m=[32m"menu-item block py-3 px-2"[39m
              [33mdata-discover[39m=[32m"true"[39m
              [33mhref[39m=[32m"/api-docs"[39m
            [36m>[39m
              [0mnav.apiDocs[0m
            [36m</a>[39m
          [36m</li>[39m
          [36m<li>[39m
            [36m<a[39m
              [33mclass[39m=[32m"menu-item block py-3 px-2 text-nowrap"[39m
              [33mdata-discover[39m=[32m"true"[39m
              [33mhref[39m=[32m"/postal-codes"[39m
            [36m>[39m
              [0mnav.postalCodes[0m
            [36m</a>[39m
          [36m</li>[39m
          [36m<li>[39m
            [36m<a[39m
              [33mclass[39m=[32m"menu-item block py-3 px-2"[39m
              [33mdata-discover[39m=[32m"true"[39m
              [33mhref[39m=[32m"/universities"[39m
            [36m>[39m
              [0mnav.universities[0m
            [36m</a>[39m
          [36m</li>[39m
          [36m<li>[39m
            [36m<a[39m
              [33mclass[39m=[32m"menu-item block py-3 px-2"[39m
              [33mdata-discover[39m=[32m"true"[39m
              [33mhref[39m=[32m"/contribution-dashboard"[39m
            [36m>[39m
              [0mnav.contribute[0m
            [36m</a>[39m
          [36m</li>[39m
          [36m<li>[39m
            [36m<a[39m
              [33mclass[39m=[32m"menu-item block py-3 px-2"[39m
              [33mdata-discover[39m=[32m"true"[39m
              [33mhref[39m=[32m"/admin-dashboard"[39m
            [36m>[39m
              [0mnav.admin[0m
            [36m</a>[39m
          [36m</li>[39m
          [36m<div[39m
            [33mclass[39m=[32m"flex justify-center items-center"[39m
          [36m>[39m
            [36m<div[39m
              [33mclass[39m=[32m"flex items-center justify-center"[39m
            [36m>[39m
              [36m<a[39m
                [33mclass[39m=[32m"menu-item block py-3 px-4 cursor-pointer rounded-lg lg:px-2"[39m
                [33mdata-discover[39m=[32m"true"[39m
                [33mhref[39m=[32m"/profile"[39m
              [36m>[39m
                [0mnav.profile[0m
              [36m</a>[39m
            [36m</div>[39m
          [36m</div>[39m
        [36m</ul>[39m
      [36m</div>[39m
      [36m<div[39m
        [33mclass[39m=[32m"relative"[39m
      [36m>[39m
        [36m<button[39m
          [33maria-controls[39m=[32m"language-menu"[39m
          [33maria-expanded[39m=[32m"false"[39m
          [33maria-label[39m=[32m"language.switchAria"[39m
          [33mclass[39m=[32m"btn-surface min-w-20
        w-full relative inline-flex items-center justify-center rounded-md p-2 text-sm transition transform hover:cursor-pointer
        disabled:cursor-not-allowed
         "[39m
          [33mid[39m=[32m"language-switcher"[39m
        [36m>[39m
          [0mnav.language[0m
        [36m</button>[39m
      [36m</div>[39m
    [36m</nav>[39m
  [36m</div>[39m
[36m</body>[39m
[90m [2m❯[22m Object.getElementError node_modules/@testing-library/dom/dist/config.js:[2m37:19[22m[39m
[90m [2m❯[22m node_modules/@testing-library/dom/dist/query-helpers.js:[2m76:38[22m[39m
[90m [2m❯[22m node_modules/@testing-library/dom/dist/query-helpers.js:[2m52:17[22m[39m
[90m [2m❯[22m node_modules/@testing-library/dom/dist/query-helpers.js:[2m95:19[22m[39m
[36m [2m❯[22m __tests__/components/Navbar/Navbar.test.jsx:[2m145:36[22m[39m
    [90m143|[39m       name[33m:[39m [36m/Universities/i[39m[33m,[39m
    [90m144|[39m     })[33m;[39m
    [90m145|[39m     const postalCodesLink = screen.getByRole("link", { name: /Postal C…
    [90m   |[39m                                    [31m^[39m
    [90m146|[39m
    [90m147|[39m     [34mexpect[39m(homeLink)[33m.[39m[34mtoBeInTheDocument[39m()[33m;[39m

[31m[2m⎯⎯⎯⎯⎯⎯⎯⎯⎯⎯⎯⎯⎯⎯⎯⎯⎯⎯⎯⎯⎯⎯[22/61]⎯[22m[39m

[41m[1m FAIL [22m[49m __tests__/components/PostalCodes/GetAllPostalCodes.test.jsx[2m > [22mGetAllPostalCodes Component[2m > [22mRendering[2m > [22mrenders button with correct text
[31m[1mTestingLibraryElementError[22m: Unable to find an accessible element with the role "button" and name `/Get All/i`

Here are the accessible roles:

  button:

  Name "form.getAll":
  [36m<button[31m
    [33mclass[31m=[32m"btn-warning w-full relative inline-flex items-center justify-center rounded-md p-2 text-sm cursor-pointer disabled:cursor-not-allowed transition-all duration-150 "[31m
    [33mtype[31m=[32m"submit"[31m
  [36m/>[31m

  --------------------------------------------------

Ignored nodes: comments, script, style
[36m<body>[31m
  [36m<div>[31m
    [36m<form[31m
      [33mclass[31m=[32m"w-full"[31m
    [36m>[31m
      [36m<button[31m
        [33mclass[31m=[32m"btn-warning w-full relative inline-flex items-center justify-center rounded-md p-2 text-sm cursor-pointer disabled:cursor-not-allowed transition-all duration-150 "[31m
        [33mtype[31m=[32m"submit"[31m
      [36m>[31m
        [36m<div[31m
          [33mclass[31m=[32m"h-full w-full flex justify-center items-center absolute"[31m
        [36m/>[31m
        [36m<span[31m
          [33mclass[31m=[32m"visible"[31m
        [36m>[31m
          [0mform.getAll[0m
        [36m</span>[31m
      [36m</button>[31m
    [36m</form>[31m
  [36m</div>[31m
[36m</body>[31m[39m
[90m [2m❯[22m Object.getElementError node_modules/@testing-library/dom/dist/config.js:[2m37:19[22m[39m
[90m [2m❯[22m node_modules/@testing-library/dom/dist/query-helpers.js:[2m76:38[22m[39m
[90m [2m❯[22m node_modules/@testing-library/dom/dist/query-helpers.js:[2m52:17[22m[39m
[90m [2m❯[22m node_modules/@testing-library/dom/dist/query-helpers.js:[2m95:19[22m[39m
[36m [2m❯[22m __tests__/components/PostalCodes/GetAllPostalCodes.test.jsx:[2m45:29[22m[39m
    [90m 43|[39m       [34mrenderComponent[39m()[33m;[39m
    [90m 44|[39m
    [90m 45|[39m       [35mconst[39m button [33m=[39m screen[33m.[39m[34mgetByRole[39m([32m"button"[39m[33m,[39m {
    [90m   |[39m                             [31m^[39m
    [90m 46|[39m         name[33m:[39m [36m/Get All/i[39m[33m,[39m
    [90m 47|[39m       })[33m;[39m

[31m[2m⎯⎯⎯⎯⎯⎯⎯⎯⎯⎯⎯⎯⎯⎯⎯⎯⎯⎯⎯⎯⎯⎯[23/61]⎯[22m[39m

[41m[1m FAIL [22m[49m __tests__/components/PostalCodes/GetAllPostalCodes.test.jsx[2m > [22mGetAllPostalCodes Component[2m > [22mRendering[2m > [22mrenders as a form with submit type button
[31m[1mTestingLibraryElementError[22m: Unable to find an accessible element with the role "button" and name `/get all/i`

Here are the accessible roles:

  button:

  Name "form.getAll":
  [36m<button[31m
    [33mclass[31m=[32m"btn-warning w-full relative inline-flex items-center justify-center rounded-md p-2 text-sm cursor-pointer disabled:cursor-not-allowed transition-all duration-150 "[31m
    [33mtype[31m=[32m"submit"[31m
  [36m/>[31m

  --------------------------------------------------

Ignored nodes: comments, script, style
[36m<body>[31m
  [36m<div>[31m
    [36m<form[31m
      [33mclass[31m=[32m"w-full"[31m
    [36m>[31m
      [36m<button[31m
        [33mclass[31m=[32m"btn-warning w-full relative inline-flex items-center justify-center rounded-md p-2 text-sm cursor-pointer disabled:cursor-not-allowed transition-all duration-150 "[31m
        [33mtype[31m=[32m"submit"[31m
      [36m>[31m
        [36m<div[31m
          [33mclass[31m=[32m"h-full w-full flex justify-center items-center absolute"[31m
        [36m/>[31m
        [36m<span[31m
          [33mclass[31m=[32m"visible"[31m
        [36m>[31m
          [0mform.getAll[0m
        [36m</span>[31m
      [36m</button>[31m
    [36m</form>[31m
  [36m</div>[31m
[36m</body>[31m[39m
[90m [2m❯[22m Object.getElementError node_modules/@testing-library/dom/dist/config.js:[2m37:19[22m[39m
[90m [2m❯[22m node_modules/@testing-library/dom/dist/query-helpers.js:[2m76:38[22m[39m
[90m [2m❯[22m node_modules/@testing-library/dom/dist/query-helpers.js:[2m52:17[22m[39m
[90m [2m❯[22m node_modules/@testing-library/dom/dist/query-helpers.js:[2m95:19[22m[39m
[36m [2m❯[22m __tests__/components/PostalCodes/GetAllPostalCodes.test.jsx:[2m57:29[22m[39m
    [90m 55|[39m       [34mexpect[39m(form)[33m.[39m[34mtoBeInTheDocument[39m()[33m;[39m
    [90m 56|[39m
    [90m 57|[39m       [35mconst[39m button [33m=[39m screen[33m.[39m[34mgetByRole[39m([32m"button"[39m[33m,[39m {
    [90m   |[39m                             [31m^[39m
    [90m 58|[39m         name[33m:[39m [36m/get all/i[39m[33m,[39m
    [90m 59|[39m       })[33m;[39m

[31m[2m⎯⎯⎯⎯⎯⎯⎯⎯⎯⎯⎯⎯⎯⎯⎯⎯⎯⎯⎯⎯⎯⎯[24/61]⎯[22m[39m

[41m[1m FAIL [22m[49m __tests__/components/PostalCodes/GetAllPostalCodes.test.jsx[2m > [22mGetAllPostalCodes Component[2m > [22mNetwork error handling[2m > [22mhandles fetch network error
[31m[1mAssertionError[22m: expected "vi.fn()" to be called with arguments: [ { type: 'error', …(1) } ][90m

Received:

[1m  1st vi.fn() call:

[22m[2m  [[22m
[2m    {[22m
[32m-     "message": "An error occurred while fetching postal codes and municipalities.",[90m
[31m+     "message": "postal.getAll.error",[90m
[2m      "type": "error",[22m
[2m    },[22m
[2m  ][22m
[31m[90m

Number of calls: [1m1[22m
[31m[39m
[36m [2m❯[22m __tests__/components/PostalCodes/GetAllPostalCodes.test.jsx:[2m189:35[22m[39m
    [90m187|[39m       [35mawait[39m user[33m.[39m[34mclick[39m(button)[33m;[39m
    [90m188|[39m
    [90m189|[39m       [34mexpect[39m(mockAddNotification)[33m.[39m[34mtoHaveBeenCalledWith[39m({
    [90m   |[39m                                   [31m^[39m
    [90m190|[39m         type[33m:[39m [32m"error"[39m[33m,[39m
    [90m191|[39m         message[33m:[39m

[31m[2m⎯⎯⎯⎯⎯⎯⎯⎯⎯⎯⎯⎯⎯⎯⎯⎯⎯⎯⎯⎯⎯⎯[25/61]⎯[22m[39m

[41m[1m FAIL [22m[49m __tests__/components/PostalCodes/PostalCodes.test.jsx[2m > [22mPostalCodes Component[2m > [22mrender PostalCodes
[31m[1mTestingLibraryElementError[22m: Unable to find an element with the text: /Postal Code or Municipality/i. This could be because the text is broken up by multiple elements. In this case, you can provide a function for your text matcher to make your matcher more flexible.

Ignored nodes: comments, script, style
[36m<body>[31m
  [36m<div>[31m
    [36m<div[31m
      [33mclass[31m=[32m"flex flex-col gap-8 flex-1 items-center w-full"[31m
    [36m>[31m
      [36m<section[31m
        [33mclass[31m=[32m"relative flex flex-col justify-center items-center gap-4 py-4"[31m
      [36m>[31m
        [36m<form[31m
          [33mclass[31m=[32m"flex flex-col justify-center items-center gap-2 w-full"[31m
        [36m>[31m
          [36m<label[31m
            [33mclass[31m=[32m"label-muted block text-sm font-medium mb-1 "[31m
            [33mfor[31m=[32m"search-term"[31m
          [36m>[31m
            [0mpostal.search.label[0m
          [36m</label>[31m
          [36m<div[31m
            [33mclass[31m=[32m"flex gap-2 w-full max-w-xl flex-wrap sm:flex-nowrap"[31m
          [36m>[31m
            [36m<input[31m
              [33mclass[31m=[32m"control-input block w-full px-3 py-2 rounded-md shadow-sm sm:text-sm invalid:border-red-500 focus:invalid:ring-red-500 focus:invalid:border-red-500 dark:invalid:border-red-500 dark:focus:invalid:ring-red-500 dark:focus:invalid:border-red-500 flex-1"[31m
              [33mid[31m=[32m"search-term"[31m
              [33mname[31m=[32m"search-term"[31m
              [33mtype[31m=[32m"text"[31m
              [33mvalue[31m=[32m""[31m
            [36m/>[31m
            [36m<button[31m
              [33mclass[31m=[32m"btn-primary w-full relative inline-flex items-center justify-center rounded-md p-2 text-sm cursor-pointer disabled:cursor-not-allowed transition-all duration-150 sm:w-auto text-white"[31m
              [33mtype[31m=[32m"submit"[31m
            [36m>[31m
              [36m<div[31m
                [33mclass[31m=[32m"h-full w-full flex justify-center items-center absolute"[31m
              [36m/>[31m
              [36m<span[31m
                [33mclass[31m=[32m"visible"[31m
              [36m>[31m
                [0mform.search[0m
              [36m</span>[31m
            [36m</button>[31m
          [36m</div>[31m
        [36m</form>[31m
        [36m<form[31m
          [33mclass[31m=[32m"w-full"[31m
        [36m>[31m
          [36m<button[31m
            [33mclass[31m=[32m"btn-warning w-full relative inline-flex items-center justify-center rounded-md p-2 text-sm cursor-pointer disabled:cursor-not-allowed transition-all duration-150 "[31m
            [33mtype[31m=[32m"submit"[31m
          [36m>[31m
            [36m<div[31m
              [33mclass[31m=[32m"h-full w-full flex justify-center items-center absolute"[31m
            [36m/>[31m
            [36m<span[31m
              [33mclass[31m=[32m"visible"[31m
            [36m>[31m
              [0mform.getAll[0m
            [36m</span>[31m
          [36m</button>[31m
        [36m</form>[31m
      [36m</section>[31m
      [36m<section[31m
        [33mclass[31m=[32m"flex justify-center items-center p-4"[31m
      [36m>[31m
        [36m<p[31m
          [33mclass[31m=[32m"text-gray-500 dark:text-gray-300"[31m
        [36m>[31m
          [0mpostal.results.none[0m
        [36m</p>[31m
      [36m</section>[31m
      [36m<div[31m
        [33mclass[31m=[32m"relative"[31m
      [36m/>[31m
    [36m</div>[31m
  [36m</div>[31m
[36m</body>[31m[39m
[90m [2m❯[22m Object.getElementError node_modules/@testing-library/dom/dist/config.js:[2m37:19[22m[39m
[90m [2m❯[22m node_modules/@testing-library/dom/dist/query-helpers.js:[2m76:38[22m[39m
[90m [2m❯[22m node_modules/@testing-library/dom/dist/query-helpers.js:[2m52:17[22m[39m
[90m [2m❯[22m node_modules/@testing-library/dom/dist/query-helpers.js:[2m95:19[22m[39m
[36m [2m❯[22m __tests__/components/PostalCodes/PostalCodes.test.jsx:[2m15:32[22m[39m
    [90m 13|[39m       [33m<[39m[33m/[39m[33mNotificationContext[39m[33m>[39m[33m,[39m
    [90m 14|[39m     )[33m;[39m
    [90m 15|[39m     const linkElement = screen.getByText(/Postal Code or Municipality/…
    [90m   |[39m                                [31m^[39m
    [90m 16|[39m     [34mexpect[39m(linkElement)[33m.[39m[34mtoBeInTheDocument[39m()[33m;[39m
    [90m 17|[39m   })[33m;[39m

[31m[2m⎯⎯⎯⎯⎯⎯⎯⎯⎯⎯⎯⎯⎯⎯⎯⎯⎯⎯⎯⎯⎯⎯[26/61]⎯[22m[39m

[41m[1m FAIL [22m[49m __tests__/components/PostalCodes/PostalCodesResult.test.jsx[2m > [22mPostalCodesResult component[2m > [22mrenders no results message when searchResult is empty
[31m[1mTestingLibraryElementError[22m: Unable to find an element with the text: /No results to display/i. This could be because the text is broken up by multiple elements. In this case, you can provide a function for your text matcher to make your matcher more flexible.

Ignored nodes: comments, script, style
[36m<body>[31m
  [36m<div>[31m
    [36m<section[31m
      [33mclass[31m=[32m"flex justify-center items-center p-4"[31m
    [36m>[31m
      [36m<p[31m
        [33mclass[31m=[32m"text-gray-500 dark:text-gray-300"[31m
      [36m>[31m
        [0mpostal.results.none[0m
      [36m</p>[31m
    [36m</section>[31m
  [36m</div>[31m
[36m</body>[31m[39m
[90m [2m❯[22m Object.getElementError node_modules/@testing-library/dom/dist/config.js:[2m37:19[22m[39m
[90m [2m❯[22m node_modules/@testing-library/dom/dist/query-helpers.js:[2m76:38[22m[39m
[90m [2m❯[22m node_modules/@testing-library/dom/dist/query-helpers.js:[2m52:17[22m[39m
[90m [2m❯[22m node_modules/@testing-library/dom/dist/query-helpers.js:[2m95:19[22m[39m
[36m [2m❯[22m __tests__/components/PostalCodes/PostalCodesResult.test.jsx:[2m8:28[22m[39m
    [90m  6|[39m   [34mtest[39m([32m"renders no results message when searchResult is empty"[39m[33m,[39m () [33m=>[39m {
    [90m  7|[39m     [34mrender[39m([33m<[39m[33mPostalCodesResult[39m [33msearchResult[39m[33m=[39m[33m{[39m[][33m}[39m [33m/[39m[33m>[39m)[33m;[39m
    [90m  8|[39m     [35mconst[39m message [33m=[39m screen[33m.[39m[34mgetByText[39m([36m/No results to display/i[39m)[33m;[39m
    [90m   |[39m                            [31m^[39m
    [90m  9|[39m     [34mexpect[39m(message)[33m.[39m[34mtoBeInTheDocument[39m()[33m;[39m
    [90m 10|[39m   })[33m;[39m

[31m[2m⎯⎯⎯⎯⎯⎯⎯⎯⎯⎯⎯⎯⎯⎯⎯⎯⎯⎯⎯⎯⎯⎯[27/61]⎯[22m[39m

[41m[1m FAIL [22m[49m __tests__/components/PostalCodes/PostalCodesResult.test.jsx[2m > [22mPostalCodesResult component[2m > [22mrenders no results message when searchResult is null
[31m[1mTestingLibraryElementError[22m: Unable to find an element with the text: /No results to display/i. This could be because the text is broken up by multiple elements. In this case, you can provide a function for your text matcher to make your matcher more flexible.

Ignored nodes: comments, script, style
[36m<body>[31m
  [36m<div>[31m
    [36m<section[31m
      [33mclass[31m=[32m"flex justify-center items-center p-4"[31m
    [36m>[31m
      [36m<p[31m
        [33mclass[31m=[32m"text-gray-500 dark:text-gray-300"[31m
      [36m>[31m
        [0mpostal.results.none[0m
      [36m</p>[31m
    [36m</section>[31m
  [36m</div>[31m
[36m</body>[31m[39m
[90m [2m❯[22m Object.getElementError node_modules/@testing-library/dom/dist/config.js:[2m37:19[22m[39m
[90m [2m❯[22m node_modules/@testing-library/dom/dist/query-helpers.js:[2m76:38[22m[39m
[90m [2m❯[22m node_modules/@testing-library/dom/dist/query-helpers.js:[2m52:17[22m[39m
[90m [2m❯[22m node_modules/@testing-library/dom/dist/query-helpers.js:[2m95:19[22m[39m
[36m [2m❯[22m __tests__/components/PostalCodes/PostalCodesResult.test.jsx:[2m31:19[22m[39m
    [90m 29|[39m   [34mtest[39m([32m"renders no results message when searchResult is null"[39m[33m,[39m () [33m=>[39m {
    [90m 30|[39m     [34mrender[39m([33m<[39m[33mPostalCodesResult[39m [33msearchResult[39m[33m=[39m[33m{[39m[35mnull[39m[33m}[39m [33m/[39m[33m>[39m)[33m;[39m
    [90m 31|[39m     expect(screen.getByText(/No results to display/i)).toBeInTheDocume…
    [90m   |[39m                   [31m^[39m
    [90m 32|[39m   })[33m;[39m
    [90m 33|[39m

[31m[2m⎯⎯⎯⎯⎯⎯⎯⎯⎯⎯⎯⎯⎯⎯⎯⎯⎯⎯⎯⎯⎯⎯[28/61]⎯[22m[39m

[41m[1m FAIL [22m[49m __tests__/components/PostalCodes/PostalCodesResult.test.jsx[2m > [22mPostalCodesResult component[2m > [22mrenders no results message when searchResult is undefined
[31m[1mTestingLibraryElementError[22m: Unable to find an element with the text: /No results to display/i. This could be because the text is broken up by multiple elements. In this case, you can provide a function for your text matcher to make your matcher more flexible.

Ignored nodes: comments, script, style
[36m<body>[31m
  [36m<div>[31m
    [36m<section[31m
      [33mclass[31m=[32m"flex justify-center items-center p-4"[31m
    [36m>[31m
      [36m<p[31m
        [33mclass[31m=[32m"text-gray-500 dark:text-gray-300"[31m
      [36m>[31m
        [0mpostal.results.none[0m
      [36m</p>[31m
    [36m</section>[31m
  [36m</div>[31m
[36m</body>[31m[39m
[90m [2m❯[22m Object.getElementError node_modules/@testing-library/dom/dist/config.js:[2m37:19[22m[39m
[90m [2m❯[22m node_modules/@testing-library/dom/dist/query-helpers.js:[2m76:38[22m[39m
[90m [2m❯[22m node_modules/@testing-library/dom/dist/query-helpers.js:[2m52:17[22m[39m
[90m [2m❯[22m node_modules/@testing-library/dom/dist/query-helpers.js:[2m95:19[22m[39m
[36m [2m❯[22m __tests__/components/PostalCodes/PostalCodesResult.test.jsx:[2m36:19[22m[39m
    [90m 34|[39m   test("renders no results message when searchResult is undefined", ()…
    [90m 35|[39m     [34mrender[39m([33m<[39m[33mPostalCodesResult[39m [33m/[39m[33m>[39m)[33m;[39m
    [90m 36|[39m     expect(screen.getByText(/No results to display/i)).toBeInTheDocume…
    [90m   |[39m                   [31m^[39m
    [90m 37|[39m   })[33m;[39m
    [90m 38|[39m

[31m[2m⎯⎯⎯⎯⎯⎯⎯⎯⎯⎯⎯⎯⎯⎯⎯⎯⎯⎯⎯⎯⎯⎯[29/61]⎯[22m[39m

[41m[1m FAIL [22m[49m __tests__/components/PostalCodes/SearchPostalCode.test.jsx[2m > [22mSearchPostalCode component[2m > [22mrenders search input and label
[31m[1mTestingLibraryElementError[22m: Unable to find a label with the text of: /Search by Postal Code or Municipality/i

Ignored nodes: comments, script, style
[36m<body>[31m
  [36m<div>[31m
    [36m<div[31m
      [33mclass[31m=[32m"flex flex-col gap-8 flex-1 items-center w-full"[31m
    [36m>[31m
      [36m<section[31m
        [33mclass[31m=[32m"relative flex flex-col justify-center items-center gap-4 py-4"[31m
      [36m>[31m
        [36m<form[31m
          [33mclass[31m=[32m"flex flex-col justify-center items-center gap-2 w-full"[31m
        [36m>[31m
          [36m<label[31m
            [33mclass[31m=[32m"label-muted block text-sm font-medium mb-1 "[31m
            [33mfor[31m=[32m"search-term"[31m
          [36m>[31m
            [0mpostal.search.label[0m
          [36m</label>[31m
          [36m<div[31m
            [33mclass[31m=[32m"flex gap-2 w-full max-w-xl flex-wrap sm:flex-nowrap"[31m
          [36m>[31m
            [36m<input[31m
              [33mclass[31m=[32m"control-input block w-full px-3 py-2 rounded-md shadow-sm sm:text-sm invalid:border-red-500 focus:invalid:ring-red-500 focus:invalid:border-red-500 dark:invalid:border-red-500 dark:focus:invalid:ring-red-500 dark:focus:invalid:border-red-500 flex-1"[31m
              [33mid[31m=[32m"search-term"[31m
              [33mname[31m=[32m"search-term"[31m
              [33mtype[31m=[32m"text"[31m
              [33mvalue[31m=[32m""[31m
            [36m/>[31m
            [36m<button[31m
              [33mclass[31m=[32m"btn-primary w-full relative inline-flex items-center justify-center rounded-md p-2 text-sm cursor-pointer disabled:cursor-not-allowed transition-all duration-150 sm:w-auto text-white"[31m
              [33mtype[31m=[32m"submit"[31m
            [36m>[31m
              [36m<div[31m
                [33mclass[31m=[32m"h-full w-full flex justify-center items-center absolute"[31m
              [36m/>[31m
              [36m<span[31m
                [33mclass[31m=[32m"visible"[31m
              [36m>[31m
                [0mform.search[0m
              [36m</span>[31m
            [36m</button>[31m
          [36m</div>[31m
        [36m</form>[31m
        [36m<form[31m
          [33mclass[31m=[32m"w-full"[31m
        [36m>[31m
          [36m<button[31m
            [33mclass[31m=[32m"btn-warning w-full relative inline-flex items-center justify-center rounded-md p-2 text-sm cursor-pointer disabled:cursor-not-allowed transition-all duration-150 "[31m
            [33mtype[31m=[32m"submit"[31m
          [36m>[31m
            [36m<div[31m
              [33mclass[31m=[32m"h-full w-full flex justify-center items-center absolute"[31m
            [36m/>[31m
            [36m<span[31m
              [33mclass[31m=[32m"visible"[31m
            [36m>[31m
              [0mform.getAll[0m
            [36m</span>[31m
          [36m</button>[31m
        [36m</form>[31m
      [36m</section>[31m
      [36m<section[31m
        [33mclass[31m=[32m"flex justify-center items-center p-4"[31m
      [36m>[31m
        [36m<p[31m
          [33mclass[31m=[32m"text-gray-500 dark:text-gray-300"[31m
        [36m>[31m
          [0mpostal.results.none[0m
        [36m</p>[31m
      [36m</section>[31m
      [36m<div[31m
        [33mclass[31m=[32m"relative"[31m
      [36m/>[31m
    [36m</div>[31m
  [36m</div>[31m
[36m</body>[31m[39m
[90m [2m❯[22m Object.getElementError node_modules/@testing-library/dom/dist/config.js:[2m37:19[22m[39m
[90m [2m❯[22m getAllByLabelText node_modules/@testing-library/dom/dist/queries/label-text.js:[2m111:38[22m[39m
[90m [2m❯[22m node_modules/@testing-library/dom/dist/query-helpers.js:[2m52:17[22m[39m
[90m [2m❯[22m node_modules/@testing-library/dom/dist/query-helpers.js:[2m95:19[22m[39m
[36m [2m❯[22m __tests__/components/PostalCodes/SearchPostalCode.test.jsx:[2m57:26[22m[39m
    [90m 55|[39m
    [90m 56|[39m   [34mtest[39m([32m"renders search input and label"[39m[33m,[39m () [33m=>[39m {
    [90m 57|[39m     [35mconst[39m label [33m=[39m screen[33m.[39m[34mgetByLabelText[39m(
    [90m   |[39m                          [31m^[39m
    [90m 58|[39m       [36m/Search by Postal Code or Municipality/i[39m[33m,[39m
    [90m 59|[39m     )[33m;[39m

[31m[2m⎯⎯⎯⎯⎯⎯⎯⎯⎯⎯⎯⎯⎯⎯⎯⎯⎯⎯⎯⎯⎯⎯[30/61]⎯[22m[39m

[41m[1m FAIL [22m[49m __tests__/components/PostalCodes/SearchPostalCode.test.jsx[2m > [22mSearchPostalCode component[2m > [22mvalidates invalid postal code input
[31m[1mTestingLibraryElementError[22m: Unable to find a label with the text of: /Search by Postal Code or Municipality/i

Ignored nodes: comments, script, style
[36m<body>[31m
  [36m<div>[31m
    [36m<div[31m
      [33mclass[31m=[32m"flex flex-col gap-8 flex-1 items-center w-full"[31m
    [36m>[31m
      [36m<section[31m
        [33mclass[31m=[32m"relative flex flex-col justify-center items-center gap-4 py-4"[31m
      [36m>[31m
        [36m<form[31m
          [33mclass[31m=[32m"flex flex-col justify-center items-center gap-2 w-full"[31m
        [36m>[31m
          [36m<label[31m
            [33mclass[31m=[32m"label-muted block text-sm font-medium mb-1 "[31m
            [33mfor[31m=[32m"search-term"[31m
          [36m>[31m
            [0mpostal.search.label[0m
          [36m</label>[31m
          [36m<div[31m
            [33mclass[31m=[32m"flex gap-2 w-full max-w-xl flex-wrap sm:flex-nowrap"[31m
          [36m>[31m
            [36m<input[31m
              [33mclass[31m=[32m"control-input block w-full px-3 py-2 rounded-md shadow-sm sm:text-sm invalid:border-red-500 focus:invalid:ring-red-500 focus:invalid:border-red-500 dark:invalid:border-red-500 dark:focus:invalid:ring-red-500 dark:focus:invalid:border-red-500 flex-1"[31m
              [33mid[31m=[32m"search-term"[31m
              [33mname[31m=[32m"search-term"[31m
              [33mtype[31m=[32m"text"[31m
              [33mvalue[31m=[32m""[31m
            [36m/>[31m
            [36m<button[31m
              [33mclass[31m=[32m"btn-primary w-full relative inline-flex items-center justify-center rounded-md p-2 text-sm cursor-pointer disabled:cursor-not-allowed transition-all duration-150 sm:w-auto text-white"[31m
              [33mtype[31m=[32m"submit"[31m
            [36m>[31m
              [36m<div[31m
                [33mclass[31m=[32m"h-full w-full flex justify-center items-center absolute"[31m
              [36m/>[31m
              [36m<span[31m
                [33mclass[31m=[32m"visible"[31m
              [36m>[31m
                [0mform.search[0m
              [36m</span>[31m
            [36m</button>[31m
          [36m</div>[31m
        [36m</form>[31m
        [36m<form[31m
          [33mclass[31m=[32m"w-full"[31m
        [36m>[31m
          [36m<button[31m
            [33mclass[31m=[32m"btn-warning w-full relative inline-flex items-center justify-center rounded-md p-2 text-sm cursor-pointer disabled:cursor-not-allowed transition-all duration-150 "[31m
            [33mtype[31m=[32m"submit"[31m
          [36m>[31m
            [36m<div[31m
              [33mclass[31m=[32m"h-full w-full flex justify-center items-center absolute"[31m
            [36m/>[31m
            [36m<span[31m
              [33mclass[31m=[32m"visible"[31m
            [36m>[31m
              [0mform.getAll[0m
            [36m</span>[31m
          [36m</button>[31m
        [36m</form>[31m
      [36m</section>[31m
      [36m<section[31m
        [33mclass[31m=[32m"flex justify-center items-center p-4"[31m
      [36m>[31m
        [36m<p[31m
          [33mclass[31m=[32m"text-gray-500 dark:text-gray-300"[31m
        [36m>[31m
          [0mpostal.results.none[0m
        [36m</p>[31m
      [36m</section>[31m
      [36m<div[31m
        [33mclass[31m=[32m"relative"[31m
      [36m/>[31m
    [36m</div>[31m
  [36m</div>[31m
[36m</body>[31m[39m
[90m [2m❯[22m Object.getElementError node_modules/@testing-library/dom/dist/config.js:[2m37:19[22m[39m
[90m [2m❯[22m getAllByLabelText node_modules/@testing-library/dom/dist/queries/label-text.js:[2m111:38[22m[39m
[90m [2m❯[22m node_modules/@testing-library/dom/dist/query-helpers.js:[2m52:17[22m[39m
[90m [2m❯[22m node_modules/@testing-library/dom/dist/query-helpers.js:[2m95:19[22m[39m
[36m [2m❯[22m __tests__/components/PostalCodes/SearchPostalCode.test.jsx:[2m64:26[22m[39m
    [90m 62|[39m
    [90m 63|[39m   [34mtest[39m([32m"validates invalid postal code input"[39m[33m,[39m [35masync[39m () [33m=>[39m {
    [90m 64|[39m     [35mconst[39m input [33m=[39m screen[33m.[39m[34mgetByLabelText[39m(
    [90m   |[39m                          [31m^[39m
    [90m 65|[39m       [36m/Search by Postal Code or Municipality/i[39m[33m,[39m
    [90m 66|[39m     )[33m;[39m

[31m[2m⎯⎯⎯⎯⎯⎯⎯⎯⎯⎯⎯⎯⎯⎯⎯⎯⎯⎯⎯⎯⎯⎯[31/61]⎯[22m[39m

[41m[1m FAIL [22m[49m __tests__/components/PostalCodes/SearchPostalCode.test.jsx[2m > [22mSearchPostalCode component[2m > [22maccepts valid postal code input
[31m[1mTestingLibraryElementError[22m: Unable to find a label with the text of: /Search by Postal Code or Municipality/i

Ignored nodes: comments, script, style
[36m<body>[31m
  [36m<div>[31m
    [36m<div[31m
      [33mclass[31m=[32m"flex flex-col gap-8 flex-1 items-center w-full"[31m
    [36m>[31m
      [36m<section[31m
        [33mclass[31m=[32m"relative flex flex-col justify-center items-center gap-4 py-4"[31m
      [36m>[31m
        [36m<form[31m
          [33mclass[31m=[32m"flex flex-col justify-center items-center gap-2 w-full"[31m
        [36m>[31m
          [36m<label[31m
            [33mclass[31m=[32m"label-muted block text-sm font-medium mb-1 "[31m
            [33mfor[31m=[32m"search-term"[31m
          [36m>[31m
            [0mpostal.search.label[0m
          [36m</label>[31m
          [36m<div[31m
            [33mclass[31m=[32m"flex gap-2 w-full max-w-xl flex-wrap sm:flex-nowrap"[31m
          [36m>[31m
            [36m<input[31m
              [33mclass[31m=[32m"control-input block w-full px-3 py-2 rounded-md shadow-sm sm:text-sm invalid:border-red-500 focus:invalid:ring-red-500 focus:invalid:border-red-500 dark:invalid:border-red-500 dark:focus:invalid:ring-red-500 dark:focus:invalid:border-red-500 flex-1"[31m
              [33mid[31m=[32m"search-term"[31m
              [33mname[31m=[32m"search-term"[31m
              [33mtype[31m=[32m"text"[31m
              [33mvalue[31m=[32m""[31m
            [36m/>[31m
            [36m<button[31m
              [33mclass[31m=[32m"btn-primary w-full relative inline-flex items-center justify-center rounded-md p-2 text-sm cursor-pointer disabled:cursor-not-allowed transition-all duration-150 sm:w-auto text-white"[31m
              [33mtype[31m=[32m"submit"[31m
            [36m>[31m
              [36m<div[31m
                [33mclass[31m=[32m"h-full w-full flex justify-center items-center absolute"[31m
              [36m/>[31m
              [36m<span[31m
                [33mclass[31m=[32m"visible"[31m
              [36m>[31m
                [0mform.search[0m
              [36m</span>[31m
            [36m</button>[31m
          [36m</div>[31m
        [36m</form>[31m
        [36m<form[31m
          [33mclass[31m=[32m"w-full"[31m
        [36m>[31m
          [36m<button[31m
            [33mclass[31m=[32m"btn-warning w-full relative inline-flex items-center justify-center rounded-md p-2 text-sm cursor-pointer disabled:cursor-not-allowed transition-all duration-150 "[31m
            [33mtype[31m=[32m"submit"[31m
          [36m>[31m
            [36m<div[31m
              [33mclass[31m=[32m"h-full w-full flex justify-center items-center absolute"[31m
            [36m/>[31m
            [36m<span[31m
              [33mclass[31m=[32m"visible"[31m
            [36m>[31m
              [0mform.getAll[0m
            [36m</span>[31m
          [36m</button>[31m
        [36m</form>[31m
      [36m</section>[31m
      [36m<section[31m
        [33mclass[31m=[32m"flex justify-center items-center p-4"[31m
      [36m>[31m
        [36m<p[31m
          [33mclass[31m=[32m"text-gray-500 dark:text-gray-300"[31m
        [36m>[31m
          [0mpostal.results.none[0m
        [36m</p>[31m
      [36m</section>[31m
      [36m<div[31m
        [33mclass[31m=[32m"relative"[31m
      [36m/>[31m
    [36m</div>[31m
  [36m</div>[31m
[36m</body>[31m[39m
[90m [2m❯[22m Object.getElementError node_modules/@testing-library/dom/dist/config.js:[2m37:19[22m[39m
[90m [2m❯[22m getAllByLabelText node_modules/@testing-library/dom/dist/queries/label-text.js:[2m111:38[22m[39m
[90m [2m❯[22m node_modules/@testing-library/dom/dist/query-helpers.js:[2m52:17[22m[39m
[90m [2m❯[22m node_modules/@testing-library/dom/dist/query-helpers.js:[2m95:19[22m[39m
[36m [2m❯[22m __tests__/components/PostalCodes/SearchPostalCode.test.jsx:[2m82:26[22m[39m
    [90m 80|[39m
    [90m 81|[39m   [34mtest[39m([32m"accepts valid postal code input"[39m[33m,[39m [35masync[39m () [33m=>[39m {
    [90m 82|[39m     [35mconst[39m input [33m=[39m screen[33m.[39m[34mgetByLabelText[39m(
    [90m   |[39m                          [31m^[39m
    [90m 83|[39m       [36m/Search by Postal Code or Municipality/i[39m[33m,[39m
    [90m 84|[39m     )[33m;[39m

[31m[2m⎯⎯⎯⎯⎯⎯⎯⎯⎯⎯⎯⎯⎯⎯⎯⎯⎯⎯⎯⎯⎯⎯[32/61]⎯[22m[39m

[41m[1m FAIL [22m[49m __tests__/components/PostalCodes/SearchPostalCode.test.jsx[2m > [22mSearchPostalCode component[2m > [22maccepts valid municipality input
[31m[1mTestingLibraryElementError[22m: Unable to find a label with the text of: /Search by Postal Code or Municipality/i

Ignored nodes: comments, script, style
[36m<body>[31m
  [36m<div>[31m
    [36m<div[31m
      [33mclass[31m=[32m"flex flex-col gap-8 flex-1 items-center w-full"[31m
    [36m>[31m
      [36m<section[31m
        [33mclass[31m=[32m"relative flex flex-col justify-center items-center gap-4 py-4"[31m
      [36m>[31m
        [36m<form[31m
          [33mclass[31m=[32m"flex flex-col justify-center items-center gap-2 w-full"[31m
        [36m>[31m
          [36m<label[31m
            [33mclass[31m=[32m"label-muted block text-sm font-medium mb-1 "[31m
            [33mfor[31m=[32m"search-term"[31m
          [36m>[31m
            [0mpostal.search.label[0m
          [36m</label>[31m
          [36m<div[31m
            [33mclass[31m=[32m"flex gap-2 w-full max-w-xl flex-wrap sm:flex-nowrap"[31m
          [36m>[31m
            [36m<input[31m
              [33mclass[31m=[32m"control-input block w-full px-3 py-2 rounded-md shadow-sm sm:text-sm invalid:border-red-500 focus:invalid:ring-red-500 focus:invalid:border-red-500 dark:invalid:border-red-500 dark:focus:invalid:ring-red-500 dark:focus:invalid:border-red-500 flex-1"[31m
              [33mid[31m=[32m"search-term"[31m
              [33mname[31m=[32m"search-term"[31m
              [33mtype[31m=[32m"text"[31m
              [33mvalue[31m=[32m""[31m
            [36m/>[31m
            [36m<button[31m
              [33mclass[31m=[32m"btn-primary w-full relative inline-flex items-center justify-center rounded-md p-2 text-sm cursor-pointer disabled:cursor-not-allowed transition-all duration-150 sm:w-auto text-white"[31m
              [33mtype[31m=[32m"submit"[31m
            [36m>[31m
              [36m<div[31m
                [33mclass[31m=[32m"h-full w-full flex justify-center items-center absolute"[31m
              [36m/>[31m
              [36m<span[31m
                [33mclass[31m=[32m"visible"[31m
              [36m>[31m
                [0mform.search[0m
              [36m</span>[31m
            [36m</button>[31m
          [36m</div>[31m
        [36m</form>[31m
        [36m<form[31m
          [33mclass[31m=[32m"w-full"[31m
        [36m>[31m
          [36m<button[31m
            [33mclass[31m=[32m"btn-warning w-full relative inline-flex items-center justify-center rounded-md p-2 text-sm cursor-pointer disabled:cursor-not-allowed transition-all duration-150 "[31m
            [33mtype[31m=[32m"submit"[31m
          [36m>[31m
            [36m<div[31m
              [33mclass[31m=[32m"h-full w-full flex justify-center items-center absolute"[31m
            [36m/>[31m
            [36m<span[31m
              [33mclass[31m=[32m"visible"[31m
            [36m>[31m
              [0mform.getAll[0m
            [36m</span>[31m
          [36m</button>[31m
        [36m</form>[31m
      [36m</section>[31m
      [36m<section[31m
        [33mclass[31m=[32m"flex justify-center items-center p-4"[31m
      [36m>[31m
        [36m<p[31m
          [33mclass[31m=[32m"text-gray-500 dark:text-gray-300"[31m
        [36m>[31m
          [0mpostal.results.none[0m
        [36m</p>[31m
      [36m</section>[31m
      [36m<div[31m
        [33mclass[31m=[32m"relative"[31m
      [36m/>[31m
    [36m</div>[31m
  [36m</div>[31m
[36m</body>[31m[39m
[90m [2m❯[22m Object.getElementError node_modules/@testing-library/dom/dist/config.js:[2m37:19[22m[39m
[90m [2m❯[22m getAllByLabelText node_modules/@testing-library/dom/dist/queries/label-text.js:[2m111:38[22m[39m
[90m [2m❯[22m node_modules/@testing-library/dom/dist/query-helpers.js:[2m52:17[22m[39m
[90m [2m❯[22m node_modules/@testing-library/dom/dist/query-helpers.js:[2m95:19[22m[39m
[36m [2m❯[22m __tests__/components/PostalCodes/SearchPostalCode.test.jsx:[2m91:26[22m[39m
    [90m 89|[39m
    [90m 90|[39m   [34mtest[39m([32m"accepts valid municipality input"[39m[33m,[39m [35masync[39m () [33m=>[39m {
    [90m 91|[39m     [35mconst[39m input [33m=[39m screen[33m.[39m[34mgetByLabelText[39m(
    [90m   |[39m                          [31m^[39m
    [90m 92|[39m       [36m/Search by Postal Code or Municipality/i[39m[33m,[39m
    [90m 93|[39m     )[33m;[39m

[31m[2m⎯⎯⎯⎯⎯⎯⎯⎯⎯⎯⎯⎯⎯⎯⎯⎯⎯⎯⎯⎯⎯⎯[33/61]⎯[22m[39m

[41m[1m FAIL [22m[49m __tests__/components/PostalCodes/SearchPostalCode.test.jsx[2m > [22mSearchPostalCode component - API interaction[2m > [22mdisplays success notification on successful search
[31m[1mTestingLibraryElementError[22m: Unable to find a label with the text of: /Search by Postal Code or Municipality/i

Ignored nodes: comments, script, style
[36m<body>[31m
  [36m<div>[31m
    [36m<div[31m
      [33mclass[31m=[32m"flex flex-col gap-8 flex-1 items-center w-full"[31m
    [36m>[31m
      [36m<section[31m
        [33mclass[31m=[32m"relative flex flex-col justify-center items-center gap-4 py-4"[31m
      [36m>[31m
        [36m<form[31m
          [33mclass[31m=[32m"flex flex-col justify-center items-center gap-2 w-full"[31m
        [36m>[31m
          [36m<label[31m
            [33mclass[31m=[32m"label-muted block text-sm font-medium mb-1 "[31m
            [33mfor[31m=[32m"search-term"[31m
          [36m>[31m
            [0mpostal.search.label[0m
          [36m</label>[31m
          [36m<div[31m
            [33mclass[31m=[32m"flex gap-2 w-full max-w-xl flex-wrap sm:flex-nowrap"[31m
          [36m>[31m
            [36m<input[31m
              [33mclass[31m=[32m"control-input block w-full px-3 py-2 rounded-md shadow-sm sm:text-sm invalid:border-red-500 focus:invalid:ring-red-500 focus:invalid:border-red-500 dark:invalid:border-red-500 dark:focus:invalid:ring-red-500 dark:focus:invalid:border-red-500 flex-1"[31m
              [33mid[31m=[32m"search-term"[31m
              [33mname[31m=[32m"search-term"[31m
              [33mtype[31m=[32m"text"[31m
              [33mvalue[31m=[32m""[31m
            [36m/>[31m
            [36m<button[31m
              [33mclass[31m=[32m"btn-primary w-full relative inline-flex items-center justify-center rounded-md p-2 text-sm cursor-pointer disabled:cursor-not-allowed transition-all duration-150 sm:w-auto text-white"[31m
              [33mtype[31m=[32m"submit"[31m
            [36m>[31m
              [36m<div[31m
                [33mclass[31m=[32m"h-full w-full flex justify-center items-center absolute"[31m
              [36m/>[31m
              [36m<span[31m
                [33mclass[31m=[32m"visible"[31m
              [36m>[31m
                [0mform.search[0m
              [36m</span>[31m
            [36m</button>[31m
          [36m</div>[31m
        [36m</form>[31m
        [36m<form[31m
          [33mclass[31m=[32m"w-full"[31m
        [36m>[31m
          [36m<button[31m
            [33mclass[31m=[32m"btn-warning w-full relative inline-flex items-center justify-center rounded-md p-2 text-sm cursor-pointer disabled:cursor-not-allowed transition-all duration-150 "[31m
            [33mtype[31m=[32m"submit"[31m
          [36m>[31m
            [36m<div[31m
              [33mclass[31m=[32m"h-full w-full flex justify-center items-center absolute"[31m
            [36m/>[31m
            [36m<span[31m
              [33mclass[31m=[32m"visible"[31m
            [36m>[31m
              [0mform.getAll[0m
            [36m</span>[31m
          [36m</button>[31m
        [36m</form>[31m
      [36m</section>[31m
      [36m<section[31m
        [33mclass[31m=[32m"flex justify-center items-center p-4"[31m
      [36m>[31m
        [36m<p[31m
          [33mclass[31m=[32m"text-gray-500 dark:text-gray-300"[31m
        [36m>[31m
          [0mpostal.results.none[0m
        [36m</p>[31m
      [36m</section>[31m
      [36m<div[31m
        [33mclass[31m=[32m"relative"[31m
      [36m/>[31m
    [36m</div>[31m
  [36m</div>[31m
[36m</body>[31m[39m
[90m [2m❯[22m Object.getElementError node_modules/@testing-library/dom/dist/config.js:[2m37:19[22m[39m
[90m [2m❯[22m getAllByLabelText node_modules/@testing-library/dom/dist/queries/label-text.js:[2m111:38[22m[39m
[90m [2m❯[22m node_modules/@testing-library/dom/dist/query-helpers.js:[2m52:17[22m[39m
[90m [2m❯[22m node_modules/@testing-library/dom/dist/query-helpers.js:[2m95:19[22m[39m
[36m [2m❯[22m __tests__/components/PostalCodes/SearchPostalCode.test.jsx:[2m106:26[22m[39m
    [90m104|[39m
    [90m105|[39m   test("displays success notification on successful search", async () …
    [90m106|[39m     [35mconst[39m input [33m=[39m screen[33m.[39m[34mgetByLabelText[39m(
    [90m   |[39m                          [31m^[39m
    [90m107|[39m       [36m/Search by Postal Code or Municipality/i[39m[33m,[39m
    [90m108|[39m     )[33m;[39m

[31m[2m⎯⎯⎯⎯⎯⎯⎯⎯⎯⎯⎯⎯⎯⎯⎯⎯⎯⎯⎯⎯⎯⎯[34/61]⎯[22m[39m

[41m[1m FAIL [22m[49m __tests__/components/PostalCodes/SearchPostalCode.test.jsx[2m > [22mSearchPostalCode component - API interaction[2m > [22mdisplays error notification on failed search
[31m[1mTestingLibraryElementError[22m: Unable to find a label with the text of: /Search by Postal Code or Municipality/i

Ignored nodes: comments, script, style
[36m<body>[31m
  [36m<div>[31m
    [36m<div[31m
      [33mclass[31m=[32m"flex flex-col gap-8 flex-1 items-center w-full"[31m
    [36m>[31m
      [36m<section[31m
        [33mclass[31m=[32m"relative flex flex-col justify-center items-center gap-4 py-4"[31m
      [36m>[31m
        [36m<form[31m
          [33mclass[31m=[32m"flex flex-col justify-center items-center gap-2 w-full"[31m
        [36m>[31m
          [36m<label[31m
            [33mclass[31m=[32m"label-muted block text-sm font-medium mb-1 "[31m
            [33mfor[31m=[32m"search-term"[31m
          [36m>[31m
            [0mpostal.search.label[0m
          [36m</label>[31m
          [36m<div[31m
            [33mclass[31m=[32m"flex gap-2 w-full max-w-xl flex-wrap sm:flex-nowrap"[31m
          [36m>[31m
            [36m<input[31m
              [33mclass[31m=[32m"control-input block w-full px-3 py-2 rounded-md shadow-sm sm:text-sm invalid:border-red-500 focus:invalid:ring-red-500 focus:invalid:border-red-500 dark:invalid:border-red-500 dark:focus:invalid:ring-red-500 dark:focus:invalid:border-red-500 flex-1"[31m
              [33mid[31m=[32m"search-term"[31m
              [33mname[31m=[32m"search-term"[31m
              [33mtype[31m=[32m"text"[31m
              [33mvalue[31m=[32m""[31m
            [36m/>[31m
            [36m<button[31m
              [33mclass[31m=[32m"btn-primary w-full relative inline-flex items-center justify-center rounded-md p-2 text-sm cursor-pointer disabled:cursor-not-allowed transition-all duration-150 sm:w-auto text-white"[31m
              [33mtype[31m=[32m"submit"[31m
            [36m>[31m
              [36m<div[31m
                [33mclass[31m=[32m"h-full w-full flex justify-center items-center absolute"[31m
              [36m/>[31m
              [36m<span[31m
                [33mclass[31m=[32m"visible"[31m
              [36m>[31m
                [0mform.search[0m
              [36m</span>[31m
            [36m</button>[31m
          [36m</div>[31m
        [36m</form>[31m
        [36m<form[31m
          [33mclass[31m=[32m"w-full"[31m
        [36m>[31m
          [36m<button[31m
            [33mclass[31m=[32m"btn-warning w-full relative inline-flex items-center justify-center rounded-md p-2 text-sm cursor-pointer disabled:cursor-not-allowed transition-all duration-150 "[31m
            [33mtype[31m=[32m"submit"[31m
          [36m>[31m
            [36m<div[31m
              [33mclass[31m=[32m"h-full w-full flex justify-center items-center absolute"[31m
            [36m/>[31m
            [36m<span[31m
              [33mclass[31m=[32m"visible"[31m
            [36m>[31m
              [0mform.getAll[0m
            [36m</span>[31m
          [36m</button>[31m
        [36m</form>[31m
      [36m</section>[31m
      [36m<section[31m
        [33mclass[31m=[32m"flex justify-center items-center p-4"[31m
      [36m>[31m
        [36m<p[31m
          [33mclass[31m=[32m"text-gray-500 dark:text-gray-300"[31m
        [36m>[31m
          [0mpostal.results.none[0m
        [36m</p>[31m
      [36m</section>[31m
      [36m<div[31m
        [33mclass[31m=[32m"relative"[31m
      [36m/>[31m
    [36m</div>[31m
  [36m</div>[31m
[36m</body>[31m[39m
[90m [2m❯[22m Object.getElementError node_modules/@testing-library/dom/dist/config.js:[2m37:19[22m[39m
[90m [2m❯[22m getAllByLabelText node_modules/@testing-library/dom/dist/queries/label-text.js:[2m111:38[22m[39m
[90m [2m❯[22m node_modules/@testing-library/dom/dist/query-helpers.js:[2m52:17[22m[39m
[90m [2m❯[22m node_modules/@testing-library/dom/dist/query-helpers.js:[2m95:19[22m[39m
[36m [2m❯[22m __tests__/components/PostalCodes/SearchPostalCode.test.jsx:[2m135:26[22m[39m
    [90m133|[39m     )[33m;[39m
    [90m134|[39m
    [90m135|[39m     [35mconst[39m input [33m=[39m screen[33m.[39m[34mgetByLabelText[39m(
    [90m   |[39m                          [31m^[39m
    [90m136|[39m       [36m/Search by Postal Code or Municipality/i[39m[33m,[39m
    [90m137|[39m     )[33m;[39m

[31m[2m⎯⎯⎯⎯⎯⎯⎯⎯⎯⎯⎯⎯⎯⎯⎯⎯⎯⎯⎯⎯⎯⎯[35/61]⎯[22m[39m

[41m[1m FAIL [22m[49m __tests__/components/Profile/Profile.test.jsx[2m > [22mProfile Component[2m > [22mrenders profile component when user is not logged in
[31m[1mTestingLibraryElementError[22m[39m: Unable to find an element with the text: /You need to be logged in. Redirected to the login page./i. This could be because the text is broken up by multiple elements. In this case, you can provide a function for your text matcher to make your matcher more flexible.

Ignored nodes: comments, script, style
[36m<body>[39m
  [36m<div>[39m
    [36m<aside[39m
      [33maria-label[39m=[32m"notifications.title"[39m
      [33maria-live[39m=[32m"polite"[39m
      [33maria-relevant[39m=[32m"additions text"[39m
      [33mclass[39m=[32m"fixed top-15 right-4 z-50 w-[min(92vw,24rem)] select-none opacity-90 hover:opacity-100 transition-opacity"[39m
    [36m>[39m
      [36m<ul[39m
        [33mclass[39m=[32m"flex flex-col gap-2"[39m
      [36m>[39m
        [36m<li[39m
          [33mclass[39m=[32m"relative px-4 py-3 rounded-lg shadow-lg w-full flex flex-col justify-center items-center notification-warning"[39m
          [33mrole[39m=[32m"alert"[39m
        [36m>[39m
          [36m<p>[39m
            [0mprofile.needLogin[0m
          [36m</p>[39m
          [36m<button[39m
            [33maria-label[39m=[32m"notifications.dismiss"[39m
            [33mclass[39m=[32m"absolute top-2 right-2 text-sm opacity-80 hover:opacity-100 cursor-pointer"[39m
            [33mtype[39m=[32m"button"[39m
          [36m>[39m
            [0m✕[0m
          [36m</button>[39m
        [36m</li>[39m
      [36m</ul>[39m
    [36m</aside>[39m
    [36m<div[39m
      [33mclass[39m=[32m"panel-card relative min-h-full w-full max-w-xl mx-auto flex items-center justify-center p-4 sm:p-5"[39m
    [36m>[39m
      [36m<div[39m
        [33mclass[39m=[32m"w-full max-w-md p-1 sm:p-2 flex flex-col gap-4"[39m
      [36m>[39m
        [36m<h1[39m
          [33mclass[39m=[32m"text-3xl text-center font-bold"[39m
        [36m>[39m
          [0mauth.login.heading[0m
        [36m</h1>[39m
        [36m<form[39m
          [33mclass[39m=[32m"flex flex-col gap-3"[39m
        [36m>[39m
          [36m<div>[39m
            [36m<label[39m
              [33mclass[39m=[32m"label-muted block text-sm font-medium mb-1 "[39m
              [33mfor[39m=[32m"email"[39m
            [36m>[39m
              [0mform.email[0m
            [36m</label>[39m
            [36m<input[39m
              [33mautocomplete[39m=[32m"email"[39m
              [33mclass[39m=[32m"control-input block w-full px-3 py-2 rounded-md shadow-sm sm:text-sm invalid:border-red-500 focus:invalid:ring-red-500 focus:invalid:border-red-500 dark:invalid:border-red-500 dark:focus:invalid:ring-red-500 dark:focus:invalid:border-red-500 "[39m
              [33mid[39m=[32m"email"[39m
              [33mname[39m=[32m"email"[39m
              [33mtype[39m=[32m"email"[39m
              [33mvalue[39m=[32m""[39m
            [36m/>[39m
          [36m</div>[39m
          [36m<div>[39m
            [36m<label[39m
              [33mclass[39m=[32m"label-muted block text-sm font-medium mb-1 "[39m
              [33mfor[39m=[32m"password"[39m
            [36m>[39m
              [0mform.password[0m
            [36m</label>[39m
            [36m<input[39m
              [33mautocomplete[39m=[32m"current-password"[39m
              [33mclass[39m=[32m"control-input block w-full px-3 py-2 rounded-md shadow-sm sm:text-sm invalid:border-red-500 focus:invalid:ring-red-500 focus:invalid:border-red-500 dark:invalid:border-red-500 dark:focus:invalid:ring-red-500 dark:focus:invalid:border-red-500 "[39m
              [33mid[39m=[32m"password"[39m
              [33mname[39m=[32m"password"[39m
              [33mtype[39m=[32m"password"[39m
              [33mvalue[39m=[32m""[39m
            [36m/>[39m
          [36m</div>[39m
          [36m<div>[39m
            [36m<button[39m
              [33mclass[39m=[32m"btn-primary w-full relative inline-flex items-center justify-center rounded-md p-2 text-sm cursor-pointer disabled:cursor-not-allowed transition-all duration-150 text-white"[39m
              [33mtype[39m=[32m"submit"[39m
            [36m>[39m
              [36m<div[39m
                [33mclass[39m=[32m"h-full w-full flex justify-center items-center absolute"[39m
              [36m/>[39m
              [36m<span[39m
                [33mclass[39m=[32m"visible"[39m
              [36m>[39m
                [0mauth.login.heading[0m
              [36m</span>[39m
            [36m</button>[39m
          [36m</div>[39m
        [36m</form>[39m
        [36m<div[39m
          [33mclass[39m=[32m"relative flex items-center my-4"[39m
        [36m>[39m
          [36m<div[39m
            [33mclass[39m=[32m"grow border-t divider-muted"[39m
          [36m/>[39m
          [36m<span[39m
            [33mclass[39m=[32m"label-muted mx-4 text-sm"[39m
          [36m>[39m
            [0mauth.or[0m
          [36m</span>[39m
          [36m<div[39m
            [33mclass[39m=[32m"grow border-t divider-muted"[39m
          [36m/>[39m
        [36m</div>[39m
        [36m<a[39m
          [33maria-disabled[39m=[32m"false"[39m
          [33mclass[39m=[32m"btn-primary w-full relative inline-flex items-center justify-center rounded-md p-2 text-sm cursor-pointer text-white"[39m
          [33mhref[39m=[32m"http://localhost:3000/auth/github"[39m
        [36m>[39m
          [36m<div[39m
            [33mclass[39m=[32m"h-full w-full flex justify-center items-center absolute"[39m
          [36m/>[39m
          [36m<span[39m
            [33mclass[39m=[32m"flex gap-1 visible"[39m
          [36m>[39m
            [36m<svg[39m
              [33maria-hidden[39m=[32m"true"[39m
              [33mfill[39m=[32m"currentColor"[39m
              [33mheight[39m=[32m"20"[39m
              [33mviewBox[39m=[32m"0 0 16 16"[39m
              [33mwidth[39m=[32m"20"[39m
            [36m>[39m
              [36m<path[39m
                [33md[39m=[32m"M8 0C3.58 0 0 3.58 0 8c0 3.54 2.29 6.53 5.47 7.59.4.07.55-.17.55-.38 0-.19-.01-.82-.01-1.49-2.01.37-2.53-.49-2.69-.94-.09-.23-.48-.94-.82-1.13-.28-.15-.68-.52-.01-.53.63-.01 1.08.58 1.23.82.72 1.21 1.87.87 2.33.66.07-.52.28-.87.51-1.07-1.78-.2-3.64-.89-3.64-3.95 0-.87.31-1.59.82-2.15-.08-.2-.36-1.02.08-2.12 0 0 .67-.21 2.2.82.64-.18 1.32-.27 2-.27.68 0 1.36.09 2 .27 1.53-1.04 2.2-.82 2.2-.82.44 1.1.16 1.92.08 2.12.51.56.82 1.27.82 2.15 0 3.07-1.87 3.75-3.65 3.95.29.25.54.73.54 1.48 0 1.07-.01 1.93-.01 2.2 0 .21.15.46.55.38A8.013 8.013 0 0016 8c0-4.42-3.58-8-8-8z"[39m
              [36m/>[39m
            [36m</svg>[39m
            [0mauth.continueWithGithub[0m
          [36m</span>[39m
        [36m</a>[39m
        [36m<div[39m
          [33mclass[39m=[32m"relative flex items-center my-4"[39m
        [36m>[39m
          [36m<div[39m
            [33mclass[39m=[32m"grow border-t divider-muted"[39m
          [36m/>[39m
          [36m<span[39m
            [33mclass[39m=[32m"label-muted mx-4 text-sm"[39m
          [36m>[39m
            [0mauth.or[0m
          [36m</span>[39m
          [36m<div[39m
            [33mclass[39m=[32m"grow border-t divider-muted"[39m
          [36m/>[39m
        [36m</div>[39m
        [36m<div[39m
          [33mclass[39m=[32m"relative"[39m
        [36m>[39m
          [36m<p[39m
            [33mclass[39m=[32m"text-center"[39m
          [36m>[39m
            [0mauth.login.noAccountPrefix[0m
            [0m [0m
            [36m<a[39m
              [33mclass[39m=[32m"hover:underline font-bold"[39m
              [33mdata-discover[39m=[32m"true"[39m
              [33mhref[39m=[32m"/signup"[39m
            [36m>[39m
              [0mauth.signup.linkText[0m
            [36m</a>[39m
            [0m [0m
            [0mauth.pageSuffix[0m
          [36m</p>[39m
        [36m</div>[39m
      [36m</div>[39m
    [36m</div>[39m
  [36m</div>[39m
[36m</body>[39m

Ignored nodes: comments, script, style
[36m<body>[39m
  [36m<div>[39m
    [36m<aside[39m
      [33maria-label[39m=[32m"notifications.title"[39m
      [33maria-live[39m=[32m"polite"[39m
      [33maria-relevant[39m=[32m"additions text"[39m
      [33mclass[39m=[32m"fixed top-15 right-4 z-50 w-[min(92vw,24rem)] select-none opacity-90 hover:opacity-100 transition-opacity"[39m
    [36m>[39m
      [36m<ul[39m
        [33mclass[39m=[32m"flex flex-col gap-2"[39m
      [36m>[39m
        [36m<li[39m
          [33mclass[39m=[32m"relative px-4 py-3 rounded-lg shadow-lg w-full flex flex-col justify-center items-center notification-warning"[39m
          [33mrole[39m=[32m"alert"[39m
        [36m>[39m
          [36m<p>[39m
            [0mprofile.needLogin[0m
          [36m</p>[39m
          [36m<button[39m
            [33maria-label[39m=[32m"notifications.dismiss"[39m
            [33mclass[39m=[32m"absolute top-2 right-2 text-sm opacity-80 hover:opacity-100 cursor-pointer"[39m
            [33mtype[39m=[32m"button"[39m
          [36m>[39m
            [0m✕[0m
          [36m</button>[39m
        [36m</li>[39m
      [36m</ul>[39m
    [36m</aside>[39m
    [36m<div[39m
      [33mclass[39m=[32m"panel-card relative min-h-full w-full max-w-xl mx-auto flex items-center justify-center p-4 sm:p-5"[39m
    [36m>[39m
      [36m<div[39m
        [33mclass[39m=[32m"w-full max-w-md p-1 sm:p-2 flex flex-col gap-4"[39m
      [36m>[39m
        [36m<h1[39m
          [33mclass[39m=[32m"text-3xl text-center font-bold"[39m
        [36m>[39m
          [0mauth.login.heading[0m
        [36m</h1>[39m
        [36m<form[39m
          [33mclass[39m=[32m"flex flex-col gap-3"[39m
        [36m>[39m
          [36m<div>[39m
            [36m<label[39m
              [33mclass[39m=[32m"label-muted block text-sm font-medium mb-1 "[39m
              [33mfor[39m=[32m"email"[39m
            [36m>[39m
              [0mform.email[0m
            [36m</label>[39m
            [36m<input[39m
              [33mautocomplete[39m=[32m"email"[39m
              [33mclass[39m=[32m"control-input block w-full px-3 py-2 rounded-md shadow-sm sm:text-sm invalid:border-red-500 focus:invalid:ring-red-500 focus:invalid:border-red-500 dark:invalid:border-red-500 dark:focus:invalid:ring-red-500 dark:focus:invalid:border-red-500 "[39m
              [33mid[39m=[32m"email"[39m
              [33mname[39m=[32m"email"[39m
              [33mtype[39m=[32m"email"[39m
              [33mvalue[39m=[32m""[39m
            [36m/>[39m
          [36m</div>[39m
          [36m<div>[39m
            [36m<label[39m
              [33mclass[39m=[32m"label-muted block text-sm font-medium mb-1 "[39m
              [33mfor[39m=[32m"password"[39m
            [36m>[39m
              [0mform.password[0m
            [36m</label>[39m
            [36m<input[39m
              [33mautocomplete[39m=[32m"current-password"[39m
              [33mclass[39m=[32m"control-input block w-full px-3 py-2 rounded-md shadow-sm sm:text-sm invalid:border-red-500 focus:invalid:ring-red-500 focus:invalid:border-red-500 dark:invalid:border-red-500 dark:focus:invalid:ring-red-500 dark:focus:invalid:border-red-500 "[39m
              [33mid[39m=[32m"password"[39m
              [33mname[39m=[32m"password"[39m
              [33mtype[39m=[32m"password"[39m
              [33mvalue[39m=[32m""[39m
            [36m/>[39m
          [36m</div>[39m
          [36m<div>[39m
            [36m<button[39m
              [33mclass[39m=[32m"btn-primary w-full relative inline-flex items-center justify-center rounded-md p-2 text-sm cursor-pointer disabled:cursor-not-allowed transition-all duration-150 text-white"[39m
              [33mtype[39m=[32m"submit"[39m
            [36m>[39m
              [36m<div[39m
                [33mclass[39m=[32m"h-full w-full flex justify-center items-center absolute"[39m
              [36m/>[39m
              [36m<span[39m
                [33mclass[39m=[32m"visible"[39m
              [36m>[39m
                [0mauth.login.heading[0m
              [36m</span>[39m
            [36m</button>[39m
          [36m</div>[39m
        [36m</form>[39m
        [36m<div[39m
          [33mclass[39m=[32m"relative flex items-center my-4"[39m
        [36m>[39m
          [36m<div[39m
            [33mclass[39m=[32m"grow border-t divider-muted"[39m
          [36m/>[39m
          [36m<span[39m
            [33mclass[39m=[32m"label-muted mx-4 text-sm"[39m
          [36m>[39m
            [0mauth.or[0m
          [36m</span>[39m
          [36m<div[39m
            [33mclass[39m=[32m"grow border-t divider-muted"[39m
          [36m/>[39m
        [36m</div>[39m
        [36m<a[39m
          [33maria-disabled[39m=[32m"false"[39m
          [33mclass[39m=[32m"btn-primary w-full relative inline-flex items-center justify-center rounded-md p-2 text-sm cursor-pointer text-white"[39m
          [33mhref[39m=[32m"http://localhost:3000/auth/github"[39m
        [36m>[39m
          [36m<div[39m
            [33mclass[39m=[32m"h-full w-full flex justify-center items-center absolute"[39m
          [36m/>[39m
          [36m<span[39m
            [33mclass[39m=[32m"flex gap-1 visible"[39m
          [36m>[39m
            [36m<svg[39m
              [33maria-hidden[39m=[32m"true"[39m
              [33mfill[39m=[32m"currentColor"[39m
              [33mheight[39m=[32m"20"[39m
              [33mviewBox[39m=[32m"0 0 16 16"[39m
              [33mwidth[39m=[32m"20"[39m
            [36m>[39m
              [36m<path[39m
                [33md[39m=[32m"M8 0C3.58 0 0 3.58 0 8c0 3.54 2.29 6.53 5.47 7.59.4.07.55-.17.55-.38 0-.19-.01-.82-.01-1.49-2.01.37-2.53-.49-2.69-.94-.09-.23-.48-.94-.82-1.13-.28-.15-.68-.52-.01-.53.63-.01 1.08.58 1.23.82.72 1.21 1.87.87 2.33.66.07-.52.28-.87.51-1.07-1.78-.2-3.64-.89-3.64-3.95 0-.87.31-1.59.82-2.15-.08-.2-.36-1.02.08-2.12 0 0 .67-.21 2.2.82.64-.18 1.32-.27 2-.27.68 0 1.36.09 2 .27 1.53-1.04 2.2-.82 2.2-.82.44 1.1.16 1.92.08 2.12.51.56.82 1.27.82 2.15 0 3.07-1.87 3.75-3.65 3.95.29.25.54.73.54 1.48 0 1.07-.01 1.93-.01 2.2 0 .21.15.46.55.38A8.013 8.013 0 0016 8c0-4.42-3.58-8-8-8z"[39m
              [36m/>[39m
            [36m</svg>[39m
            [0mauth.continueWithGithub[0m
          [36m</span>[39m
        [36m</a>[39m
        [36m<div[39m
          [33mclass[39m=[32m"relative flex items-center my-4"[39m
        [36m>[39m
          [36m<div[39m
            [33mclass[39m=[32m"grow border-t divider-muted"[39m
          [36m/>[39m
          [36m<span[39m
            [33mclass[39m=[32m"label-muted mx-4 text-sm"[39m
          [36m>[39m
            [0mauth.or[0m
          [36m</span>[39m
          [36m<div[39m
            [33mclass[39m=[32m"grow border-t divider-muted"[39m
          [36m/>[39m
        [36m</div>[39m
        [36m<div[39m
          [33mclass[39m=[32m"relative"[39m
        [36m>[39m
          [36m<p[39m
            [33mclass[39m=[32m"text-center"[39m
          [36m>[39m
            [0mauth.login.noAccountPrefix[0m
            [0m [0m
            [36m<a[39m
              [33mclass[39m=[32m"hover:underline font-bold"[39m
              [33mdata-discover[39m=[32m"true"[39m
              [33mhref[39m=[32m"/signup"[39m
            [36m>[39m
              [0mauth.signup.linkText[0m
            [36m</a>[39m
            [0m [0m
            [0mauth.pageSuffix[0m
          [36m</p>[39m
        [36m</div>[39m
      [36m</div>[39m
    [36m</div>[39m
  [36m</div>[39m
[36m</body>[39m
[90m [2m❯[22m waitForWrapper node_modules/@testing-library/dom/dist/wait-for.js:[2m163:27[22m[39m
[90m [2m❯[22m node_modules/@testing-library/dom/dist/query-helpers.js:[2m86:33[22m[39m
[36m [2m❯[22m __tests__/components/Profile/Profile.test.jsx:[2m82:43[22m[39m
    [90m 80|[39m   test("renders profile component when user is not logged in", async (…
    [90m 81|[39m     [34mrender[39m([33m<[39m[33mWrapper[39m [33m/[39m[33m>[39m)[33m;[39m
    [90m 82|[39m     [35mconst[39m paragraphElement [33m=[39m [35mawait[39m screen[33m.[39m[34mfindByText[39m(
    [90m   |[39m                                           [31m^[39m
    [90m 83|[39m       [36m/You need to be logged in. Redirected to the login page./i[39m[33m,[39m
    [90m 84|[39m     )[33m;[39m

[31m[2m⎯⎯⎯⎯⎯⎯⎯⎯⎯⎯⎯⎯⎯⎯⎯⎯⎯⎯⎯⎯⎯⎯[36/61]⎯[22m[39m

[41m[1m FAIL [22m[49m __tests__/components/Profile/Profile.test.jsx[2m > [22mProfile Component[2m > [22mrenders profile component when user is logged in
[31m[1mTestingLibraryElementError[22m[39m: Unable to find role="heading" and name `/My Profile/i`

Ignored nodes: comments, script, style
[36m<body>[39m
  [36m<div>[39m
    [36m<div[39m
      [33mclass[39m=[32m"panel-card w-full max-w-md mx-auto overflow-hidden"[39m
    [36m>[39m
      [36m<div[39m
        [33mclass[39m=[32m"bg-linear-to-r from-blue-600 to-indigo-700 dark:from-blue-900 dark:to-indigo-900 p-4"[39m
      [36m>[39m
        [36m<h1[39m
          [33mclass[39m=[32m"text-2xl font-bold text-white text-center"[39m
        [36m>[39m
          [0mprofile.title[0m
        [36m</h1>[39m
      [36m</div>[39m
      [36m<div[39m
        [33mclass[39m=[32m"p-4 flex flex-col gap-3 text-center items-center"[39m
      [36m>[39m
        [36m<dl[39m
          [33mclass[39m=[32m"w-full flex flex-col gap-3"[39m
        [36m>[39m
          [36m<div>[39m
            [36m<dt[39m
              [33mclass[39m=[32m"label-muted block text-sm font-semibold uppercase tracking-wide"[39m
            [36m>[39m
              [0mprofile.emailAddress[0m
            [36m</dt>[39m
            [36m<dd[39m
              [33mclass[39m=[32m"text-lg font-bold"[39m
            [36m/>[39m
          [36m</div>[39m
          [36m<div>[39m
            [36m<dt[39m
              [33mclass[39m=[32m"label-muted block text-sm font-semibold uppercase tracking-wide"[39m
            [36m>[39m
              [0mprofile.currentRole[0m
            [36m</dt>[39m
            [36m<dd[39m
              [33mclass[39m=[32m"flex items-center justify-center"[39m
            [36m>[39m
              [36m<span[39m
                [33mclass[39m=[32m"items-center px-4 py-2 rounded-full text-sm font-bold role-pill-user"[39m
              [36m/>[39m
            [36m</dd>[39m
          [36m</div>[39m
        [36m</dl>[39m
        [36m<div[39m
          [33mclass[39m=[32m"flex flex-col gap-2 w-full max-w-sm"[39m
        [36m>[39m
          [36m<button[39m
            [33mclass[39m=[32m"btn-danger w-full relative inline-flex items-center justify-center rounded-md p-2 text-sm cursor-pointer disabled:cursor-not-allowed transition-all duration-150 px-6 py-3 font-semibold"[39m
            [33mtype[39m=[32m"submit"[39m
          [36m>[39m
            [36m<div[39m
              [33mclass[39m=[32m"h-full w-full flex justify-center items-center absolute"[39m
            [36m/>[39m
            [36m<span[39m
              [33mclass[39m=[32m"visible"[39m
            [36m>[39m
              [0mprofile.logout[0m
            [36m</span>[39m
          [36m</button>[39m
        [36m</div>[39m
      [36m</div>[39m
    [36m</div>[39m
  [36m</div>[39m
[36m</body>[39m

Ignored nodes: comments, script, style
[36m<body>[39m
  [36m<div>[39m
    [36m<div[39m
      [33mclass[39m=[32m"panel-card w-full max-w-md mx-auto overflow-hidden"[39m
    [36m>[39m
      [36m<div[39m
        [33mclass[39m=[32m"bg-linear-to-r from-blue-600 to-indigo-700 dark:from-blue-900 dark:to-indigo-900 p-4"[39m
      [36m>[39m
        [36m<h1[39m
          [33mclass[39m=[32m"text-2xl font-bold text-white text-center"[39m
        [36m>[39m
          [0mprofile.title[0m
        [36m</h1>[39m
      [36m</div>[39m
      [36m<div[39m
        [33mclass[39m=[32m"p-4 flex flex-col gap-3 text-center items-center"[39m
      [36m>[39m
        [36m<dl[39m
          [33mclass[39m=[32m"w-full flex flex-col gap-3"[39m
        [36m>[39m
          [36m<div>[39m
            [36m<dt[39m
              [33mclass[39m=[32m"label-muted block text-sm font-semibold uppercase tracking-wide"[39m
            [36m>[39m
              [0mprofile.emailAddress[0m
            [36m</dt>[39m
            [36m<dd[39m
              [33mclass[39m=[32m"text-lg font-bold"[39m
            [36m/>[39m
          [36m</div>[39m
          [36m<div>[39m
            [36m<dt[39m
              [33mclass[39m=[32m"label-muted block text-sm font-semibold uppercase tracking-wide"[39m
            [36m>[39m
              [0mprofile.currentRole[0m
            [36m</dt>[39m
            [36m<dd[39m
              [33mclass[39m=[32m"flex items-center justify-center"[39m
            [36m>[39m
              [36m<span[39m
                [33mclass[39m=[32m"items-center px-4 py-2 rounded-full text-sm font-bold role-pill-user"[39m
              [36m/>[39m
            [36m</dd>[39m
          [36m</div>[39m
        [36m</dl>[39m
        [36m<div[39m
          [33mclass[39m=[32m"flex flex-col gap-2 w-full max-w-sm"[39m
        [36m>[39m
          [36m<button[39m
            [33mclass[39m=[32m"btn-danger w-full relative inline-flex items-center justify-center rounded-md p-2 text-sm cursor-pointer disabled:cursor-not-allowed transition-all duration-150 px-6 py-3 font-semibold"[39m
            [33mtype[39m=[32m"submit"[39m
          [36m>[39m
            [36m<div[39m
              [33mclass[39m=[32m"h-full w-full flex justify-center items-center absolute"[39m
            [36m/>[39m
            [36m<span[39m
              [33mclass[39m=[32m"visible"[39m
            [36m>[39m
              [0mprofile.logout[0m
            [36m</span>[39m
          [36m</button>[39m
        [36m</div>[39m
      [36m</div>[39m
    [36m</div>[39m
  [36m</div>[39m
[36m</body>[39m
[90m [2m❯[22m waitForWrapper node_modules/@testing-library/dom/dist/wait-for.js:[2m163:27[22m[39m
[90m [2m❯[22m node_modules/@testing-library/dom/dist/query-helpers.js:[2m86:33[22m[39m
[36m [2m❯[22m __tests__/components/Profile/Profile.test.jsx:[2m90:41[22m[39m
    [90m 88|[39m   test("renders profile component when user is logged in", async () =>…
    [90m 89|[39m     [34mrender[39m([33m<[39m[33mWrapper[39m [33minitialUser[39m[33m=[39m[33m{[39m{ username[33m:[39m [32m"testuser"[39m }[33m}[39m [33m/[39m[33m>[39m)[33m;[39m
    [90m 90|[39m     [35mconst[39m headingElement [33m=[39m [35mawait[39m screen[33m.[39m[34mfindByRole[39m([32m"heading"[39m[33m,[39m {
    [90m   |[39m                                         [31m^[39m
    [90m 91|[39m       name[33m:[39m [36m/My Profile/i[39m[33m,[39m
    [90m 92|[39m     })[33m;[39m

[31m[2m⎯⎯⎯⎯⎯⎯⎯⎯⎯⎯⎯⎯⎯⎯⎯⎯⎯⎯⎯⎯⎯⎯[37/61]⎯[22m[39m

[41m[1m FAIL [22m[49m __tests__/components/Profile/Profile.test.jsx[2m > [22mProfile Component handle logout[2m > [22mhandles logout failure due to missing CSRF token
[31m[1mTestingLibraryElementError[22m[39m: Unable to find role="button" and name `/Log out/i`

Ignored nodes: comments, script, style
[36m<body>[39m
  [36m<div>[39m
    [36m<div[39m
      [33mclass[39m=[32m"panel-card w-full max-w-md mx-auto overflow-hidden"[39m
    [36m>[39m
      [36m<div[39m
        [33mclass[39m=[32m"bg-linear-to-r from-blue-600 to-indigo-700 dark:from-blue-900 dark:to-indigo-900 p-4"[39m
      [36m>[39m
        [36m<h1[39m
          [33mclass[39m=[32m"text-2xl font-bold text-white text-center"[39m
        [36m>[39m
          [0mprofile.title[0m
        [36m</h1>[39m
      [36m</div>[39m
      [36m<div[39m
        [33mclass[39m=[32m"p-4 flex flex-col gap-3 text-center items-center"[39m
      [36m>[39m
        [36m<dl[39m
          [33mclass[39m=[32m"w-full flex flex-col gap-3"[39m
        [36m>[39m
          [36m<div>[39m
            [36m<dt[39m
              [33mclass[39m=[32m"label-muted block text-sm font-semibold uppercase tracking-wide"[39m
            [36m>[39m
              [0mprofile.emailAddress[0m
            [36m</dt>[39m
            [36m<dd[39m
              [33mclass[39m=[32m"text-lg font-bold"[39m
            [36m/>[39m
          [36m</div>[39m
          [36m<div>[39m
            [36m<dt[39m
              [33mclass[39m=[32m"label-muted block text-sm font-semibold uppercase tracking-wide"[39m
            [36m>[39m
              [0mprofile.currentRole[0m
            [36m</dt>[39m
            [36m<dd[39m
              [33mclass[39m=[32m"flex items-center justify-center"[39m
            [36m>[39m
              [36m<span[39m
                [33mclass[39m=[32m"items-center px-4 py-2 rounded-full text-sm font-bold role-pill-user"[39m
              [36m/>[39m
            [36m</dd>[39m
          [36m</div>[39m
        [36m</dl>[39m
        [36m<div[39m
          [33mclass[39m=[32m"flex flex-col gap-2 w-full max-w-sm"[39m
        [36m>[39m
          [36m<button[39m
            [33mclass[39m=[32m"btn-danger w-full relative inline-flex items-center justify-center rounded-md p-2 text-sm cursor-pointer disabled:cursor-not-allowed transition-all duration-150 px-6 py-3 font-semibold"[39m
            [33mtype[39m=[32m"submit"[39m
          [36m>[39m
            [36m<div[39m
              [33mclass[39m=[32m"h-full w-full flex justify-center items-center absolute"[39m
            [36m/>[39m
            [36m<span[39m
              [33mclass[39m=[32m"visible"[39m
            [36m>[39m
              [0mprofile.logout[0m
            [36m</span>[39m
          [36m</button>[39m
        [36m</div>[39m
      [36m</div>[39m
    [36m</div>[39m
  [36m</div>[39m
[36m</body>[39m

Ignored nodes: comments, script, style
[36m<body>[39m
  [36m<div>[39m
    [36m<div[39m
      [33mclass[39m=[32m"panel-card w-full max-w-md mx-auto overflow-hidden"[39m
    [36m>[39m
      [36m<div[39m
        [33mclass[39m=[32m"bg-linear-to-r from-blue-600 to-indigo-700 dark:from-blue-900 dark:to-indigo-900 p-4"[39m
      [36m>[39m
        [36m<h1[39m
          [33mclass[39m=[32m"text-2xl font-bold text-white text-center"[39m
        [36m>[39m
          [0mprofile.title[0m
        [36m</h1>[39m
      [36m</div>[39m
      [36m<div[39m
        [33mclass[39m=[32m"p-4 flex flex-col gap-3 text-center items-center"[39m
      [36m>[39m
        [36m<dl[39m
          [33mclass[39m=[32m"w-full flex flex-col gap-3"[39m
        [36m>[39m
          [36m<div>[39m
            [36m<dt[39m
              [33mclass[39m=[32m"label-muted block text-sm font-semibold uppercase tracking-wide"[39m
            [36m>[39m
              [0mprofile.emailAddress[0m
            [36m</dt>[39m
            [36m<dd[39m
              [33mclass[39m=[32m"text-lg font-bold"[39m
            [36m/>[39m
          [36m</div>[39m
          [36m<div>[39m
            [36m<dt[39m
              [33mclass[39m=[32m"label-muted block text-sm font-semibold uppercase tracking-wide"[39m
            [36m>[39m
              [0mprofile.currentRole[0m
            [36m</dt>[39m
            [36m<dd[39m
              [33mclass[39m=[32m"flex items-center justify-center"[39m
            [36m>[39m
              [36m<span[39m
                [33mclass[39m=[32m"items-center px-4 py-2 rounded-full text-sm font-bold role-pill-user"[39m
              [36m/>[39m
            [36m</dd>[39m
          [36m</div>[39m
        [36m</dl>[39m
        [36m<div[39m
          [33mclass[39m=[32m"flex flex-col gap-2 w-full max-w-sm"[39m
        [36m>[39m
          [36m<button[39m
            [33mclass[39m=[32m"btn-danger w-full relative inline-flex items-center justify-center rounded-md p-2 text-sm cursor-pointer disabled:cursor-not-allowed transition-all duration-150 px-6 py-3 font-semibold"[39m
            [33mtype[39m=[32m"submit"[39m
          [36m>[39m
            [36m<div[39m
              [33mclass[39m=[32m"h-full w-full flex justify-center items-center absolute"[39m
            [36m/>[39m
            [36m<span[39m
              [33mclass[39m=[32m"visible"[39m
            [36m>[39m
              [0mprofile.logout[0m
            [36m</span>[39m
          [36m</button>[39m
        [36m</div>[39m
      [36m</div>[39m
    [36m</div>[39m
  [36m</div>[39m
[36m</body>[39m
[90m [2m❯[22m waitForWrapper node_modules/@testing-library/dom/dist/wait-for.js:[2m163:27[22m[39m
[90m [2m❯[22m node_modules/@testing-library/dom/dist/query-helpers.js:[2m86:33[22m[39m
[36m [2m❯[22m clickLogout __tests__/components/Profile/Profile.test.jsx:[2m69:37[22m[39m
    [90m 67|[39m
    [90m 68|[39m [35masync[39m [35mfunction[39m [34mclickLogout[39m() {
    [90m 69|[39m   [35mconst[39m logoutButton [33m=[39m [35mawait[39m screen[33m.[39m[34mfindByRole[39m([32m"button"[39m[33m,[39m {
    [90m   |[39m                                     [31m^[39m
    [90m 70|[39m     name[33m:[39m [36m/Log out/i[39m[33m,[39m
    [90m 71|[39m   })[33m;[39m
[90m [2m❯[22m __tests__/components/Profile/Profile.test.jsx:[2m138:11[22m[39m

[31m[2m⎯⎯⎯⎯⎯⎯⎯⎯⎯⎯⎯⎯⎯⎯⎯⎯⎯⎯⎯⎯⎯⎯[38/61]⎯[22m[39m

[41m[1m FAIL [22m[49m __tests__/components/Profile/Profile.test.jsx[2m > [22mProfile Component handle logout[2m > [22mhandles logout failure due to server error
[31m[1mTestingLibraryElementError[22m[39m: Unable to find role="button" and name `/Log out/i`

Ignored nodes: comments, script, style
[36m<body>[39m
  [36m<div>[39m
    [36m<div[39m
      [33mclass[39m=[32m"panel-card w-full max-w-md mx-auto overflow-hidden"[39m
    [36m>[39m
      [36m<div[39m
        [33mclass[39m=[32m"bg-linear-to-r from-blue-600 to-indigo-700 dark:from-blue-900 dark:to-indigo-900 p-4"[39m
      [36m>[39m
        [36m<h1[39m
          [33mclass[39m=[32m"text-2xl font-bold text-white text-center"[39m
        [36m>[39m
          [0mprofile.title[0m
        [36m</h1>[39m
      [36m</div>[39m
      [36m<div[39m
        [33mclass[39m=[32m"p-4 flex flex-col gap-3 text-center items-center"[39m
      [36m>[39m
        [36m<dl[39m
          [33mclass[39m=[32m"w-full flex flex-col gap-3"[39m
        [36m>[39m
          [36m<div>[39m
            [36m<dt[39m
              [33mclass[39m=[32m"label-muted block text-sm font-semibold uppercase tracking-wide"[39m
            [36m>[39m
              [0mprofile.emailAddress[0m
            [36m</dt>[39m
            [36m<dd[39m
              [33mclass[39m=[32m"text-lg font-bold"[39m
            [36m/>[39m
          [36m</div>[39m
          [36m<div>[39m
            [36m<dt[39m
              [33mclass[39m=[32m"label-muted block text-sm font-semibold uppercase tracking-wide"[39m
            [36m>[39m
              [0mprofile.currentRole[0m
            [36m</dt>[39m
            [36m<dd[39m
              [33mclass[39m=[32m"flex items-center justify-center"[39m
            [36m>[39m
              [36m<span[39m
                [33mclass[39m=[32m"items-center px-4 py-2 rounded-full text-sm font-bold role-pill-user"[39m
              [36m/>[39m
            [36m</dd>[39m
          [36m</div>[39m
        [36m</dl>[39m
        [36m<div[39m
          [33mclass[39m=[32m"flex flex-col gap-2 w-full max-w-sm"[39m
        [36m>[39m
          [36m<button[39m
            [33mclass[39m=[32m"btn-danger w-full relative inline-flex items-center justify-center rounded-md p-2 text-sm cursor-pointer disabled:cursor-not-allowed transition-all duration-150 px-6 py-3 font-semibold"[39m
            [33mtype[39m=[32m"submit"[39m
          [36m>[39m
            [36m<div[39m
              [33mclass[39m=[32m"h-full w-full flex justify-center items-center absolute"[39m
            [36m/>[39m
            [36m<span[39m
              [33mclass[39m=[32m"visible"[39m
            [36m>[39m
              [0mprofile.logout[0m
            [36m</span>[39m
          [36m</button>[39m
        [36m</div>[39m
      [36m</div>[39m
    [36m</div>[39m
  [36m</div>[39m
[36m</body>[39m

Ignored nodes: comments, script, style
[36m<body>[39m
  [36m<div>[39m
    [36m<div[39m
      [33mclass[39m=[32m"panel-card w-full max-w-md mx-auto overflow-hidden"[39m
    [36m>[39m
      [36m<div[39m
        [33mclass[39m=[32m"bg-linear-to-r from-blue-600 to-indigo-700 dark:from-blue-900 dark:to-indigo-900 p-4"[39m
      [36m>[39m
        [36m<h1[39m
          [33mclass[39m=[32m"text-2xl font-bold text-white text-center"[39m
        [36m>[39m
          [0mprofile.title[0m
        [36m</h1>[39m
      [36m</div>[39m
      [36m<div[39m
        [33mclass[39m=[32m"p-4 flex flex-col gap-3 text-center items-center"[39m
      [36m>[39m
        [36m<dl[39m
          [33mclass[39m=[32m"w-full flex flex-col gap-3"[39m
        [36m>[39m
          [36m<div>[39m
            [36m<dt[39m
              [33mclass[39m=[32m"label-muted block text-sm font-semibold uppercase tracking-wide"[39m
            [36m>[39m
              [0mprofile.emailAddress[0m
            [36m</dt>[39m
            [36m<dd[39m
              [33mclass[39m=[32m"text-lg font-bold"[39m
            [36m/>[39m
          [36m</div>[39m
          [36m<div>[39m
            [36m<dt[39m
              [33mclass[39m=[32m"label-muted block text-sm font-semibold uppercase tracking-wide"[39m
            [36m>[39m
              [0mprofile.currentRole[0m
            [36m</dt>[39m
            [36m<dd[39m
              [33mclass[39m=[32m"flex items-center justify-center"[39m
            [36m>[39m
              [36m<span[39m
                [33mclass[39m=[32m"items-center px-4 py-2 rounded-full text-sm font-bold role-pill-user"[39m
              [36m/>[39m
            [36m</dd>[39m
          [36m</div>[39m
        [36m</dl>[39m
        [36m<div[39m
          [33mclass[39m=[32m"flex flex-col gap-2 w-full max-w-sm"[39m
        [36m>[39m
          [36m<button[39m
            [33mclass[39m=[32m"btn-danger w-full relative inline-flex items-center justify-center rounded-md p-2 text-sm cursor-pointer disabled:cursor-not-allowed transition-all duration-150 px-6 py-3 font-semibold"[39m
            [33mtype[39m=[32m"submit"[39m
          [36m>[39m
            [36m<div[39m
              [33mclass[39m=[32m"h-full w-full flex justify-center items-center absolute"[39m
            [36m/>[39m
            [36m<span[39m
              [33mclass[39m=[32m"visible"[39m
            [36m>[39m
              [0mprofile.logout[0m
            [36m</span>[39m
          [36m</button>[39m
        [36m</div>[39m
      [36m</div>[39m
    [36m</div>[39m
  [36m</div>[39m
[36m</body>[39m
[90m [2m❯[22m waitForWrapper node_modules/@testing-library/dom/dist/wait-for.js:[2m163:27[22m[39m
[90m [2m❯[22m node_modules/@testing-library/dom/dist/query-helpers.js:[2m86:33[22m[39m
[36m [2m❯[22m clickLogout __tests__/components/Profile/Profile.test.jsx:[2m69:37[22m[39m
    [90m 67|[39m
    [90m 68|[39m [35masync[39m [35mfunction[39m [34mclickLogout[39m() {
    [90m 69|[39m   [35mconst[39m logoutButton [33m=[39m [35mawait[39m screen[33m.[39m[34mfindByRole[39m([32m"button"[39m[33m,[39m {
    [90m   |[39m                                     [31m^[39m
    [90m 70|[39m     name[33m:[39m [36m/Log out/i[39m[33m,[39m
    [90m 71|[39m   })[33m;[39m
[90m [2m❯[22m __tests__/components/Profile/Profile.test.jsx:[2m156:11[22m[39m

[31m[2m⎯⎯⎯⎯⎯⎯⎯⎯⎯⎯⎯⎯⎯⎯⎯⎯⎯⎯⎯⎯⎯⎯[39/61]⎯[22m[39m

[41m[1m FAIL [22m[49m __tests__/components/Profile/Profile.test.jsx[2m > [22mProfile Component handle logout[2m > [22mhandles logout failure due to unexpected error
[31m[1mTestingLibraryElementError[22m[39m: Unable to find role="button" and name `/Log out/i`

Ignored nodes: comments, script, style
[36m<body>[39m
  [36m<div>[39m
    [36m<div[39m
      [33mclass[39m=[32m"panel-card w-full max-w-md mx-auto overflow-hidden"[39m
    [36m>[39m
      [36m<div[39m
        [33mclass[39m=[32m"bg-linear-to-r from-blue-600 to-indigo-700 dark:from-blue-900 dark:to-indigo-900 p-4"[39m
      [36m>[39m
        [36m<h1[39m
          [33mclass[39m=[32m"text-2xl font-bold text-white text-center"[39m
        [36m>[39m
          [0mprofile.title[0m
        [36m</h1>[39m
      [36m</div>[39m
      [36m<div[39m
        [33mclass[39m=[32m"p-4 flex flex-col gap-3 text-center items-center"[39m
      [36m>[39m
        [36m<dl[39m
          [33mclass[39m=[32m"w-full flex flex-col gap-3"[39m
        [36m>[39m
          [36m<div>[39m
            [36m<dt[39m
              [33mclass[39m=[32m"label-muted block text-sm font-semibold uppercase tracking-wide"[39m
            [36m>[39m
              [0mprofile.emailAddress[0m
            [36m</dt>[39m
            [36m<dd[39m
              [33mclass[39m=[32m"text-lg font-bold"[39m
            [36m/>[39m
          [36m</div>[39m
          [36m<div>[39m
            [36m<dt[39m
              [33mclass[39m=[32m"label-muted block text-sm font-semibold uppercase tracking-wide"[39m
            [36m>[39m
              [0mprofile.currentRole[0m
            [36m</dt>[39m
            [36m<dd[39m
              [33mclass[39m=[32m"flex items-center justify-center"[39m
            [36m>[39m
              [36m<span[39m
                [33mclass[39m=[32m"items-center px-4 py-2 rounded-full text-sm font-bold role-pill-user"[39m
              [36m/>[39m
            [36m</dd>[39m
          [36m</div>[39m
        [36m</dl>[39m
        [36m<div[39m
          [33mclass[39m=[32m"flex flex-col gap-2 w-full max-w-sm"[39m
        [36m>[39m
          [36m<button[39m
            [33mclass[39m=[32m"btn-danger w-full relative inline-flex items-center justify-center rounded-md p-2 text-sm cursor-pointer disabled:cursor-not-allowed transition-all duration-150 px-6 py-3 font-semibold"[39m
            [33mtype[39m=[32m"submit"[39m
          [36m>[39m
            [36m<div[39m
              [33mclass[39m=[32m"h-full w-full flex justify-center items-center absolute"[39m
            [36m/>[39m
            [36m<span[39m
              [33mclass[39m=[32m"visible"[39m
            [36m>[39m
              [0mprofile.logout[0m
            [36m</span>[39m
          [36m</button>[39m
        [36m</div>[39m
      [36m</div>[39m
    [36m</div>[39m
  [36m</div>[39m
[36m</body>[39m

Ignored nodes: comments, script, style
[36m<body>[39m
  [36m<div>[39m
    [36m<div[39m
      [33mclass[39m=[32m"panel-card w-full max-w-md mx-auto overflow-hidden"[39m
    [36m>[39m
      [36m<div[39m
        [33mclass[39m=[32m"bg-linear-to-r from-blue-600 to-indigo-700 dark:from-blue-900 dark:to-indigo-900 p-4"[39m
      [36m>[39m
        [36m<h1[39m
          [33mclass[39m=[32m"text-2xl font-bold text-white text-center"[39m
        [36m>[39m
          [0mprofile.title[0m
        [36m</h1>[39m
      [36m</div>[39m
      [36m<div[39m
        [33mclass[39m=[32m"p-4 flex flex-col gap-3 text-center items-center"[39m
      [36m>[39m
        [36m<dl[39m
          [33mclass[39m=[32m"w-full flex flex-col gap-3"[39m
        [36m>[39m
          [36m<div>[39m
            [36m<dt[39m
              [33mclass[39m=[32m"label-muted block text-sm font-semibold uppercase tracking-wide"[39m
            [36m>[39m
              [0mprofile.emailAddress[0m
            [36m</dt>[39m
            [36m<dd[39m
              [33mclass[39m=[32m"text-lg font-bold"[39m
            [36m/>[39m
          [36m</div>[39m
          [36m<div>[39m
            [36m<dt[39m
              [33mclass[39m=[32m"label-muted block text-sm font-semibold uppercase tracking-wide"[39m
            [36m>[39m
              [0mprofile.currentRole[0m
            [36m</dt>[39m
            [36m<dd[39m
              [33mclass[39m=[32m"flex items-center justify-center"[39m
            [36m>[39m
              [36m<span[39m
                [33mclass[39m=[32m"items-center px-4 py-2 rounded-full text-sm font-bold role-pill-user"[39m
              [36m/>[39m
            [36m</dd>[39m
          [36m</div>[39m
        [36m</dl>[39m
        [36m<div[39m
          [33mclass[39m=[32m"flex flex-col gap-2 w-full max-w-sm"[39m
        [36m>[39m
          [36m<button[39m
            [33mclass[39m=[32m"btn-danger w-full relative inline-flex items-center justify-center rounded-md p-2 text-sm cursor-pointer disabled:cursor-not-allowed transition-all duration-150 px-6 py-3 font-semibold"[39m
            [33mtype[39m=[32m"submit"[39m
          [36m>[39m
            [36m<div[39m
              [33mclass[39m=[32m"h-full w-full flex justify-center items-center absolute"[39m
            [36m/>[39m
            [36m<span[39m
              [33mclass[39m=[32m"visible"[39m
            [36m>[39m
              [0mprofile.logout[0m
            [36m</span>[39m
          [36m</button>[39m
        [36m</div>[39m
      [36m</div>[39m
    [36m</div>[39m
  [36m</div>[39m
[36m</body>[39m
[90m [2m❯[22m waitForWrapper node_modules/@testing-library/dom/dist/wait-for.js:[2m163:27[22m[39m
[90m [2m❯[22m node_modules/@testing-library/dom/dist/query-helpers.js:[2m86:33[22m[39m
[36m [2m❯[22m clickLogout __tests__/components/Profile/Profile.test.jsx:[2m69:37[22m[39m
    [90m 67|[39m
    [90m 68|[39m [35masync[39m [35mfunction[39m [34mclickLogout[39m() {
    [90m 69|[39m   [35mconst[39m logoutButton [33m=[39m [35mawait[39m screen[33m.[39m[34mfindByRole[39m([32m"button"[39m[33m,[39m {
    [90m   |[39m                                     [31m^[39m
    [90m 70|[39m     name[33m:[39m [36m/Log out/i[39m[33m,[39m
    [90m 71|[39m   })[33m;[39m
[90m [2m❯[22m __tests__/components/Profile/Profile.test.jsx:[2m171:11[22m[39m

[31m[2m⎯⎯⎯⎯⎯⎯⎯⎯⎯⎯⎯⎯⎯⎯⎯⎯⎯⎯⎯⎯⎯⎯[40/61]⎯[22m[39m

[41m[1m FAIL [22m[49m __tests__/components/Profile/Profile.test.jsx[2m > [22mProfile Component handle logout[2m > [22mhandles logout correctly
[31m[1mTestingLibraryElementError[22m[39m: Unable to find role="button" and name `/Log out/i`

Ignored nodes: comments, script, style
[36m<body>[39m
  [36m<div>[39m
    [36m<div[39m
      [33mclass[39m=[32m"panel-card w-full max-w-md mx-auto overflow-hidden"[39m
    [36m>[39m
      [36m<div[39m
        [33mclass[39m=[32m"bg-linear-to-r from-blue-600 to-indigo-700 dark:from-blue-900 dark:to-indigo-900 p-4"[39m
      [36m>[39m
        [36m<h1[39m
          [33mclass[39m=[32m"text-2xl font-bold text-white text-center"[39m
        [36m>[39m
          [0mprofile.title[0m
        [36m</h1>[39m
      [36m</div>[39m
      [36m<div[39m
        [33mclass[39m=[32m"p-4 flex flex-col gap-3 text-center items-center"[39m
      [36m>[39m
        [36m<dl[39m
          [33mclass[39m=[32m"w-full flex flex-col gap-3"[39m
        [36m>[39m
          [36m<div>[39m
            [36m<dt[39m
              [33mclass[39m=[32m"label-muted block text-sm font-semibold uppercase tracking-wide"[39m
            [36m>[39m
              [0mprofile.emailAddress[0m
            [36m</dt>[39m
            [36m<dd[39m
              [33mclass[39m=[32m"text-lg font-bold"[39m
            [36m/>[39m
          [36m</div>[39m
          [36m<div>[39m
            [36m<dt[39m
              [33mclass[39m=[32m"label-muted block text-sm font-semibold uppercase tracking-wide"[39m
            [36m>[39m
              [0mprofile.currentRole[0m
            [36m</dt>[39m
            [36m<dd[39m
              [33mclass[39m=[32m"flex items-center justify-center"[39m
            [36m>[39m
              [36m<span[39m
                [33mclass[39m=[32m"items-center px-4 py-2 rounded-full text-sm font-bold role-pill-user"[39m
              [36m/>[39m
            [36m</dd>[39m
          [36m</div>[39m
        [36m</dl>[39m
        [36m<div[39m
          [33mclass[39m=[32m"flex flex-col gap-2 w-full max-w-sm"[39m
        [36m>[39m
          [36m<button[39m
            [33mclass[39m=[32m"btn-danger w-full relative inline-flex items-center justify-center rounded-md p-2 text-sm cursor-pointer disabled:cursor-not-allowed transition-all duration-150 px-6 py-3 font-semibold"[39m
            [33mtype[39m=[32m"submit"[39m
          [36m>[39m
            [36m<div[39m
              [33mclass[39m=[32m"h-full w-full flex justify-center items-center absolute"[39m
            [36m/>[39m
            [36m<span[39m
              [33mclass[39m=[32m"visible"[39m
            [36m>[39m
              [0mprofile.logout[0m
            [36m</span>[39m
          [36m</button>[39m
        [36m</div>[39m
      [36m</div>[39m
    [36m</div>[39m
  [36m</div>[39m
[36m</body>[39m

Ignored nodes: comments, script, style
[36m<body>[39m
  [36m<div>[39m
    [36m<div[39m
      [33mclass[39m=[32m"panel-card w-full max-w-md mx-auto overflow-hidden"[39m
    [36m>[39m
      [36m<div[39m
        [33mclass[39m=[32m"bg-linear-to-r from-blue-600 to-indigo-700 dark:from-blue-900 dark:to-indigo-900 p-4"[39m
      [36m>[39m
        [36m<h1[39m
          [33mclass[39m=[32m"text-2xl font-bold text-white text-center"[39m
        [36m>[39m
          [0mprofile.title[0m
        [36m</h1>[39m
      [36m</div>[39m
      [36m<div[39m
        [33mclass[39m=[32m"p-4 flex flex-col gap-3 text-center items-center"[39m
      [36m>[39m
        [36m<dl[39m
          [33mclass[39m=[32m"w-full flex flex-col gap-3"[39m
        [36m>[39m
          [36m<div>[39m
            [36m<dt[39m
              [33mclass[39m=[32m"label-muted block text-sm font-semibold uppercase tracking-wide"[39m
            [36m>[39m
              [0mprofile.emailAddress[0m
            [36m</dt>[39m
            [36m<dd[39m
              [33mclass[39m=[32m"text-lg font-bold"[39m
            [36m/>[39m
          [36m</div>[39m
          [36m<div>[39m
            [36m<dt[39m
              [33mclass[39m=[32m"label-muted block text-sm font-semibold uppercase tracking-wide"[39m
            [36m>[39m
              [0mprofile.currentRole[0m
            [36m</dt>[39m
            [36m<dd[39m
              [33mclass[39m=[32m"flex items-center justify-center"[39m
            [36m>[39m
              [36m<span[39m
                [33mclass[39m=[32m"items-center px-4 py-2 rounded-full text-sm font-bold role-pill-user"[39m
              [36m/>[39m
            [36m</dd>[39m
          [36m</div>[39m
        [36m</dl>[39m
        [36m<div[39m
          [33mclass[39m=[32m"flex flex-col gap-2 w-full max-w-sm"[39m
        [36m>[39m
          [36m<button[39m
            [33mclass[39m=[32m"btn-danger w-full relative inline-flex items-center justify-center rounded-md p-2 text-sm cursor-pointer disabled:cursor-not-allowed transition-all duration-150 px-6 py-3 font-semibold"[39m
            [33mtype[39m=[32m"submit"[39m
          [36m>[39m
            [36m<div[39m
              [33mclass[39m=[32m"h-full w-full flex justify-center items-center absolute"[39m
            [36m/>[39m
            [36m<span[39m
              [33mclass[39m=[32m"visible"[39m
            [36m>[39m
              [0mprofile.logout[0m
            [36m</span>[39m
          [36m</button>[39m
        [36m</div>[39m
      [36m</div>[39m
    [36m</div>[39m
  [36m</div>[39m
[36m</body>[39m
[90m [2m❯[22m waitForWrapper node_modules/@testing-library/dom/dist/wait-for.js:[2m163:27[22m[39m
[90m [2m❯[22m node_modules/@testing-library/dom/dist/query-helpers.js:[2m86:33[22m[39m
[36m [2m❯[22m clickLogout __tests__/components/Profile/Profile.test.jsx:[2m69:37[22m[39m
    [90m 67|[39m
    [90m 68|[39m [35masync[39m [35mfunction[39m [34mclickLogout[39m() {
    [90m 69|[39m   [35mconst[39m logoutButton [33m=[39m [35mawait[39m screen[33m.[39m[34mfindByRole[39m([32m"button"[39m[33m,[39m {
    [90m   |[39m                                     [31m^[39m
    [90m 70|[39m     name[33m:[39m [36m/Log out/i[39m[33m,[39m
    [90m 71|[39m   })[33m;[39m
[90m [2m❯[22m __tests__/components/Profile/Profile.test.jsx:[2m194:32[22m[39m

[31m[2m⎯⎯⎯⎯⎯⎯⎯⎯⎯⎯⎯⎯⎯⎯⎯⎯⎯⎯⎯⎯⎯⎯[41/61]⎯[22m[39m


[2m Test Files [22m [1m[31m15 failed[39m[22m[2m | [22m[1m[32m13 passed[39m[22m[90m (28)[39m
[2m      Tests [22m [1m[31m61 failed[39m[22m[2m | [22m[1m[32m87 passed[39m[22m[90m (148)[39m
[2m   Start at [22m 11:55:14
[2m   Duration [22m 7.54s[2m (transform 2.06s, setup 3.55s, import 4.72s, tests 20.59s, environment 14.73s)[22m

